{"contractName": "C", "abi": [{"constant": false, "inputs": [{"name": "xval", "type": "uint256"}], "name": "setX", "outputs": [], "payable": false, "stateMutability": "nonpayable", "type": "function"}, {"constant": true, "inputs": [], "name": "sum", "outputs": [{"name": "", "type": "uint256"}], "payable": false, "stateMutability": "view", "type": "function"}, {"inputs": [{"name": "yval", "type": "uint256"}], "payable": false, "stateMutability": "nonpayable", "type": "constructor"}], "bytecode": "0x608060405234801561001057600080fd5b506040516020806101208339810180604052602081101561003057600080fd5b810190808051906020019092919050505060008081905550806001819055505060c28061005e6000396000f3fe6080604052348015600f57600080fd5b506004361060325760003560e01c80634018d9aa146037578063853255cc146062575b600080fd5b606060048036036020811015604b57600080fd5b8101908080359060200190929190505050607e565b005b60686088565b6040518082815260200191505060405180910390f35b8060008190555050565b60006001546000540190509056fe", "deployedBytecode": "0x6080604052348015600f57600080fd5b506004361060325760003560e01c80634018d9aa146037578063853255cc146062575b600080fd5b606060048036036020811015604b57600080fd5b8101908080359060200190929190505050607e565b005b60686088565b6040518082815260200191505060405180910390f35b8060008190555050565b60006001546000540190509056fe", "ast": {"absolutePath": "C.sol", "exportedSymbols": {"C": [189], "D": [227]}, "id": 228, "nodeType": "SourceUnit", "nodes": [{"baseContracts": [], "contractDependencies": [], "contractKind": "contract", "documentation": null, "fullyImplemented": true, "id": 189, "linearizedBaseContracts": [189], "name": "C", "nodeType": "ContractDefinition", "nodes": [{"constant": false, "id": 152, "name": "x", "nodeType": "VariableDeclaration", "scope": 189, "src": "15:9:1", "stateVariable": true, "storageLocation": "default", "typeDescriptions": {"typeIdentifier": "t_uint256", "typeString": "uint256"}, "typeName": {"id": 151, "name": "uint256", "nodeType": "ElementaryTypeName", "src": "15:7:1", "typeDescriptions": {"typeIdentifier": "t_uint256", "typeString": "uint256"}}, "value": null, "visibility": "internal"}, {"constant": false, "id": 154, "name": "y", "nodeType": "VariableDeclaration", "scope": 189, "src": "28:9:1", "stateVariable": true, "storageLocation": "default", "typeDescriptions": {"typeIdentifier": "t_uint256", "typeString": "uint256"}, "typeName": {"id": 153, "name": "uint256", "nodeType": "ElementaryTypeName", "src": "28:7:1", "typeDescriptions": {"typeIdentifier": "t_uint256", "typeString": "uint256"}}, "value": null, "visibility": "internal"}, {"body": {"id": 167, "nodeType": "Block", "src": "75:30:1", "statements": [{"expression": {"argumentTypes": null, "id": 161, "isConstant": false, "isLValue": false, "isPure": false, "lValueRequested": false, "leftHandSide": {"argumentTypes": null, "id": 159, "name": "x", "nodeType": "Identifier", "overloadedDeclarations": [], "referencedDeclaration": 152, "src": "81:1:1", "typeDescriptions": {"typeIdentifier": "t_uint256", "typeString": "uint256"}}, "nodeType": "Assignment", "operator": "=", "rightHandSide": {"argumentTypes": null, "hexValue": "30", "id": 160, "isConstant": false, "isLValue": false, "isPure": true, "kind": "number", "lValueRequested": false, "nodeType": "Literal", "src": "85:1:1", "subdenomination": null, "typeDescriptions": {"typeIdentifier": "t_rational_0_by_1", "typeString": "int_const 0"}, "value": "0"}, "src": "81:5:1", "typeDescriptions": {"typeIdentifier": "t_uint256", "typeString": "uint256"}}, "id": 162, "nodeType": "ExpressionStatement", "src": "81:5:1"}, {"expression": {"argumentTypes": null, "id": 165, "isConstant": false, "isLValue": false, "isPure": false, "lValueRequested": false, "leftHandSide": {"argumentTypes": null, "id": 163, "name": "y", "nodeType": "Identifier", "overloadedDeclarations": [], "referencedDeclaration": 154, "src": "92:1:1", "typeDescriptions": {"typeIdentifier": "t_uint256", "typeString": "uint256"}}, "nodeType": "Assignment", "operator": "=", "rightHandSide": {"argumentTypes": null, "id": 164, "name": "yval", "nodeType": "Identifier", "overloadedDeclarations": [], "referencedDeclaration": 156, "src": "96:4:1", "typeDescriptions": {"typeIdentifier": "t_uint256", "typeString": "uint256"}}, "src": "92:8:1", "typeDescriptions": {"typeIdentifier": "t_uint256", "typeString": "uint256"}}, "id": 166, "nodeType": "ExpressionStatement", "src": "92:8:1"}]}, "documentation": null, "id": 168, "implemented": true, "kind": "constructor", "modifiers": [], "name": "", "nodeType": "FunctionDefinition", "parameters": {"id": 157, "nodeType": "ParameterList", "parameters": [{"constant": false, "id": 156, "name": "yval", "nodeType": "VariableDeclaration", "scope": 168, "src": "54:12:1", "stateVariable": false, "storageLocation": "default", "typeDescriptions": {"typeIdentifier": "t_uint256", "typeString": "uint256"}, "typeName": {"id": 155, "name": "uint256", "nodeType": "ElementaryTypeName", "src": "54:7:1", "typeDescriptions": {"typeIdentifier": "t_uint256", "typeString": "uint256"}}, "value": null, "visibility": "internal"}], "src": "53:14:1"}, "returnParameters": {"id": 158, "nodeType": "ParameterList", "parameters": [], "src": "75:0:1"}, "scope": 189, "src": "42:63:1", "stateMutability": "nonpayable", "superFunction": null, "visibility": "public"}, {"body": {"id": 177, "nodeType": "Block", "src": "154:21:1", "statements": [{"expression": {"argumentTypes": null, "commonType": {"typeIdentifier": "t_uint256", "typeString": "uint256"}, "id": 175, "isConstant": false, "isLValue": false, "isPure": false, "lValueRequested": false, "leftExpression": {"argumentTypes": null, "id": 173, "name": "x", "nodeType": "Identifier", "overloadedDeclarations": [], "referencedDeclaration": 152, "src": "167:1:1", "typeDescriptions": {"typeIdentifier": "t_uint256", "typeString": "uint256"}}, "nodeType": "BinaryOperation", "operator": "+", "rightExpression": {"argumentTypes": null, "id": 174, "name": "y", "nodeType": "Identifier", "overloadedDeclarations": [], "referencedDeclaration": 154, "src": "169:1:1", "typeDescriptions": {"typeIdentifier": "t_uint256", "typeString": "uint256"}}, "src": "167:3:1", "typeDescriptions": {"typeIdentifier": "t_uint256", "typeString": "uint256"}}, "functionReturnParameters": 172, "id": 176, "nodeType": "Return", "src": "160:10:1"}]}, "documentation": null, "id": 178, "implemented": true, "kind": "function", "modifiers": [], "name": "sum", "nodeType": "FunctionDefinition", "parameters": {"id": 169, "nodeType": "ParameterList", "parameters": [], "src": "121:2:1"}, "returnParameters": {"id": 172, "nodeType": "ParameterList", "parameters": [{"constant": false, "id": 171, "name": "", "nodeType": "VariableDeclaration", "scope": 178, "src": "145:7:1", "stateVariable": false, "storageLocation": "default", "typeDescriptions": {"typeIdentifier": "t_uint256", "typeString": "uint256"}, "typeName": {"id": 170, "name": "uint256", "nodeType": "ElementaryTypeName", "src": "145:7:1", "typeDescriptions": {"typeIdentifier": "t_uint256", "typeString": "uint256"}}, "value": null, "visibility": "internal"}], "src": "144:9:1"}, "scope": 189, "src": "109:66:1", "stateMutability": "view", "superFunction": null, "visibility": "public"}, {"body": {"id": 187, "nodeType": "Block", "src": "214:19:1", "statements": [{"expression": {"argumentTypes": null, "id": 185, "isConstant": false, "isLValue": false, "isPure": false, "lValueRequested": false, "leftHandSide": {"argumentTypes": null, "id": 183, "name": "x", "nodeType": "Identifier", "overloadedDeclarations": [], "referencedDeclaration": 152, "src": "220:1:1", "typeDescriptions": {"typeIdentifier": "t_uint256", "typeString": "uint256"}}, "nodeType": "Assignment", "operator": "=", "rightHandSide": {"argumentTypes": null, "id": 184, "name": "xval", "nodeType": "Identifier", "overloadedDeclarations": [], "referencedDeclaration": 180, "src": "224:4:1", "typeDescriptions": {"typeIdentifier": "t_uint256", "typeString": "uint256"}}, "src": "220:8:1", "typeDescriptions": {"typeIdentifier": "t_uint256", "typeString": "uint256"}}, "id": 186, "nodeType": "ExpressionStatement", "src": "220:8:1"}]}, "documentation": null, "id": 188, "implemented": true, "kind": "function", "modifiers": [], "name": "setX", "nodeType": "FunctionDefinition", "parameters": {"id": 181, "nodeType": "ParameterList", "parameters": [{"constant": false, "id": 180, "name": "xval", "nodeType": "VariableDeclaration", "scope": 188, "src": "193:12:1", "stateVariable": false, "storageLocation": "default", "typeDescriptions": {"typeIdentifier": "t_uint256", "typeString": "uint256"}, "typeName": {"id": 179, "name": "uint256", "nodeType": "ElementaryTypeName", "src": "193:7:1", "typeDescriptions": {"typeIdentifier": "t_uint256", "typeString": "uint256"}}, "value": null, "visibility": "internal"}], "src": "192:14:1"}, "returnParameters": {"id": 182, "nodeType": "ParameterList", "parameters": [], "src": "214:0:1"}, "scope": 189, "src": "179:54:1", "stateMutability": "nonpayable", "superFunction": null, "visibility": "public"}], "scope": 228, "src": "0:235:1"}, {"baseContracts": [], "contractDependencies": [189], "contractKind": "contract", "documentation": null, "fullyImplemented": true, "id": 227, "linearizedBaseContracts": [227], "name": "D", "nodeType": "ContractDefinition", "nodes": [{"constant": false, "id": 191, "name": "x", "nodeType": "VariableDeclaration", "scope": 227, "src": "252:9:1", "stateVariable": true, "storageLocation": "default", "typeDescriptions": {"typeIdentifier": "t_uint256", "typeString": "uint256"}, "typeName": {"id": 190, "name": "uint256", "nodeType": "ElementaryTypeName", "src": "252:7:1", "typeDescriptions": {"typeIdentifier": "t_uint256", "typeString": "uint256"}}, "value": null, "visibility": "internal"}, {"constant": false, "id": 193, "name": "y", "nodeType": "VariableDeclaration", "scope": 227, "src": "265:9:1", "stateVariable": true, "storageLocation": "default", "typeDescriptions": {"typeIdentifier": "t_uint256", "typeString": "uint256"}, "typeName": {"id": 192, "name": "uint256", "nodeType": "ElementaryTypeName", "src": "265:7:1", "typeDescriptions": {"typeIdentifier": "t_uint256", "typeString": "uint256"}}, "value": null, "visibility": "internal"}, {"constant": false, "id": 195, "name": "c", "nodeType": "VariableDeclaration", "scope": 227, "src": "278:3:1", "stateVariable": true, "storageLocation": "default", "typeDescriptions": {"typeIdentifier": "t_contract$_C_$189", "typeString": "contract C"}, "typeName": {"contractScope": null, "id": 194, "name": "C", "nodeType": "UserDefinedTypeName", "referencedDeclaration": 189, "src": "278:1:1", "typeDescriptions": {"typeIdentifier": "t_contract$_C_$189", "typeString": "contract C"}}, "value": null, "visibility": "internal"}, {"body": {"id": 215, "nodeType": "Block", "src": "319:48:1", "statements": [{"expression": {"argumentTypes": null, "id": 202, "isConstant": false, "isLValue": false, "isPure": false, "lValueRequested": false, "leftHandSide": {"argumentTypes": null, "id": 200, "name": "x", "nodeType": "Identifier", "overloadedDeclarations": [], "referencedDeclaration": 191, "src": "325:1:1", "typeDescriptions": {"typeIdentifier": "t_uint256", "typeString": "uint256"}}, "nodeType": "Assignment", "operator": "=", "rightHandSide": {"argumentTypes": null, "hexValue": "30", "id": 201, "isConstant": false, "isLValue": false, "isPure": true, "kind": "number", "lValueRequested": false, "nodeType": "Literal", "src": "329:1:1", "subdenomination": null, "typeDescriptions": {"typeIdentifier": "t_rational_0_by_1", "typeString": "int_const 0"}, "value": "0"}, "src": "325:5:1", "typeDescriptions": {"typeIdentifier": "t_uint256", "typeString": "uint256"}}, "id": 203, "nodeType": "ExpressionStatement", "src": "325:5:1"}, {"expression": {"argumentTypes": null, "id": 206, "isConstant": false, "isLValue": false, "isPure": false, "lValueRequested": false, "leftHandSide": {"argumentTypes": null, "id": 204, "name": "y", "nodeType": "Identifier", "overloadedDeclarations": [], "referencedDeclaration": 193, "src": "336:1:1", "typeDescriptions": {"typeIdentifier": "t_uint256", "typeString": "uint256"}}, "nodeType": "Assignment", "operator": "=", "rightHandSide": {"argumentTypes": null, "id": 205, "name": "yval", "nodeType": "Identifier", "overloadedDeclarations": [], "referencedDeclaration": 197, "src": "340:4:1", "typeDescriptions": {"typeIdentifier": "t_uint256", "typeString": "uint256"}}, "src": "336:8:1", "typeDescriptions": {"typeIdentifier": "t_uint256", "typeString": "uint256"}}, "id": 207, "nodeType": "ExpressionStatement", "src": "336:8:1"}, {"expression": {"argumentTypes": null, "id": 213, "isConstant": false, "isLValue": false, "isPure": false, "lValueRequested": false, "leftHandSide": {"argumentTypes": null, "id": 208, "name": "c", "nodeType": "Identifier", "overloadedDeclarations": [], "referencedDeclaration": 195, "src": "350:1:1", "typeDescriptions": {"typeIdentifier": "t_contract$_C_$189", "typeString": "contract C"}}, "nodeType": "Assignment", "operator": "=", "rightHandSide": {"argumentTypes": null, "arguments": [{"argumentTypes": null, "hexValue": "35", "id": 211, "isConstant": false, "isLValue": false, "isPure": true, "kind": "number", "lValueRequested": false, "nodeType": "Literal", "src": "360:1:1", "subdenomination": null, "typeDescriptions": {"typeIdentifier": "t_rational_5_by_1", "typeString": "int_const 5"}, "value": "5"}], "expression": {"argumentTypes": [{"typeIdentifier": "t_rational_5_by_1", "typeString": "int_const 5"}], "id": 210, "isConstant": false, "isLValue": false, "isPure": false, "lValueRequested": false, "nodeType": "NewExpression", "src": "354:5:1", "typeDescriptions": {"typeIdentifier": "t_function_creation_nonpayable$_t_uint256_$returns$_t_contract$_C_$189_$", "typeString": "function (uint256) returns (contract C)"}, "typeName": {"contractScope": null, "id": 209, "name": "C", "nodeType": "UserDefinedTypeName", "referencedDeclaration": 189, "src": "358:1:1", "typeDescriptions": {"typeIdentifier": "t_contract$_C_$189", "typeString": "contract C"}}}, "id": 212, "isConstant": false, "isLValue": false, "isPure": false, "kind": "functionCall", "lValueRequested": false, "names": [], "nodeType": "FunctionCall", "src": "354:8:1", "typeDescriptions": {"typeIdentifier": "t_contract$_C_$189", "typeString": "contract C"}}, "src": "350:12:1", "typeDescriptions": {"typeIdentifier": "t_contract$_C_$189", "typeString": "contract C"}}, "id": 214, "nodeType": "ExpressionStatement", "src": "350:12:1"}]}, "documentation": null, "id": 216, "implemented": true, "kind": "constructor", "modifiers": [], "name": "", "nodeType": "FunctionDefinition", "parameters": {"id": 198, "nodeType": "ParameterList", "parameters": [{"constant": false, "id": 197, "name": "yval", "nodeType": "VariableDeclaration", "scope": 216, "src": "298:12:1", "stateVariable": false, "storageLocation": "default", "typeDescriptions": {"typeIdentifier": "t_uint256", "typeString": "uint256"}, "typeName": {"id": 196, "name": "uint256", "nodeType": "ElementaryTypeName", "src": "298:7:1", "typeDescriptions": {"typeIdentifier": "t_uint256", "typeString": "uint256"}}, "value": null, "visibility": "internal"}], "src": "297:14:1"}, "returnParameters": {"id": 199, "nodeType": "ParameterList", "parameters": [], "src": "319:0:1"}, "scope": 227, "src": "286:81:1", "stateMutability": "nonpayable", "superFunction": null, "visibility": "public"}, {"body": {"id": 225, "nodeType": "Block", "src": "417:21:1", "statements": [{"expression": {"argumentTypes": null, "commonType": {"typeIdentifier": "t_uint256", "typeString": "uint256"}, "id": 223, "isConstant": false, "isLValue": false, "isPure": false, "lValueRequested": false, "leftExpression": {"argumentTypes": null, "id": 221, "name": "x", "nodeType": "Identifier", "overloadedDeclarations": [], "referencedDeclaration": 191, "src": "430:1:1", "typeDescriptions": {"typeIdentifier": "t_uint256", "typeString": "uint256"}}, "nodeType": "BinaryOperation", "operator": "-", "rightExpression": {"argumentTypes": null, "id": 222, "name": "y", "nodeType": "Identifier", "overloadedDeclarations": [], "referencedDeclaration": 193, "src": "432:1:1", "typeDescriptions": {"typeIdentifier": "t_uint256", "typeString": "uint256"}}, "src": "430:3:1", "typeDescriptions": {"typeIdentifier": "t_uint256", "typeString": "uint256"}}, "functionReturnParameters": 220, "id": 224, "nodeType": "Return", "src": "423:10:1"}]}, "documentation": null, "id": 226, "implemented": true, "kind": "function", "modifiers": [], "name": "diff", "nodeType": "FunctionDefinition", "parameters": {"id": 217, "nodeType": "ParameterList", "parameters": [], "src": "384:2:1"}, "returnParameters": {"id": 220, "nodeType": "ParameterList", "parameters": [{"constant": false, "id": 219, "name": "", "nodeType": "VariableDeclaration", "scope": 226, "src": "408:7:1", "stateVariable": false, "storageLocation": "default", "typeDescriptions": {"typeIdentifier": "t_uint256", "typeString": "uint256"}, "typeName": {"id": 218, "name": "uint256", "nodeType": "ElementaryTypeName", "src": "408:7:1", "typeDescriptions": {"typeIdentifier": "t_uint256", "typeString": "uint256"}}, "value": null, "visibility": "internal"}], "src": "407:9:1"}, "scope": 227, "src": "371:67:1", "stateMutability": "view", "superFunction": null, "visibility": "public"}], "scope": 228, "src": "237:203:1"}], "src": "0:441:1"}, "userdoc": {"methods": {}, "notice": null}, "devdoc": {"methods": {}, "author": null, "details": null, "title": null}}