{"contractName": "E", "abi": [{"constant": false, "inputs": [{"name": "xval", "type": "uint256"}], "name": "setX", "outputs": [], "payable": false, "stateMutability": "nonpayable", "type": "function"}, {"constant": true, "inputs": [], "name": "sum", "outputs": [{"name": "", "type": "uint256"}], "payable": false, "stateMutability": "view", "type": "function"}, {"inputs": [{"name": "yval", "type": "uint256"}], "payable": false, "stateMutability": "nonpayable", "type": "constructor"}], "bytecode": "0x608060405234801561001057600080fd5b506040516020806104dc8339810180604052602081101561003057600080fd5b810190808051906020019092919050505060008081905550806001819055508060405161005c906100c9565b80828152602001915050604051809103906000f080158015610082573d6000803e3d6000fd5b50600260006101000a81548173ffffffffffffffffffffffffffffffffffffffff021916908373ffffffffffffffffffffffffffffffffffffffff160217905550506100d6565b6102888061025483390190565b61016f806100e56000396000f3fe608060405234801561001057600080fd5b50600436106100365760003560e01c80634018d9aa1461003b578063853255cc14610069575b600080fd5b6100676004803603602081101561005157600080fd5b8101908080359060200190929190505050610087565b005b610071610091565b6040518082815260200191505060405180910390f35b8060008190555050565b6000600260009054906101000a900473ffffffffffffffffffffffffffffffffffffffff1673ffffffffffffffffffffffffffffffffffffffff1663a0d7afb76040518163ffffffff1660e01b815260040160206040518083038186803b1580156100fb57600080fd5b505afa15801561010f573d6000803e3d6000fd5b505050506040513d602081101561012557600080fd5b8101908080519060200190929190505050600154600054010190509056fe608060405234801561001057600080fd5b506040516020806102888339810180604052602081101561003057600080fd5b81019080805190602001909291905050506000808190555080600181905550600560405161005d906100ca565b80828152602001915050604051809103906000f080158015610083573d6000803e3d6000fd5b50600260006101000a81548173ffffffffffffffffffffffffffffffffffffffff021916908373ffffffffffffffffffffffffffffffffffffffff160217905550506100d7565b6101208061016883390190565b6083806100e56000396000f3fe6080604052348015600f57600080fd5b506004361060285760003560e01c8063a0d7afb714602d575b600080fd5b60336049565b6040518082815260200191505060405180910390f35b60006001546000540390509056fea165627a7a723058205293c815104c3b1b1f414bd5cb22f2589503885e136303c3db22f0f3c5985c730029608060405234801561001057600080fd5b506040516020806101208339810180604052602081101561003057600080fd5b810190808051906020019092919050505060008081905550806001819055505060c28061005e6000396000f3fe6080604052348015600f57600080fd5b506004361060325760003560e01c80634018d9aa146037578063853255cc146062575b600080fd5b606060048036036020811015604b57600080fd5b8101908080359060200190929190505050607e565b005b60686088565b6040518082815260200191505060405180910390f35b8060008190555050565b60006001546000540190509056fea165627a7a72305820ca30592a9e9f5c97a3ff34d1f7e96d9a8b3c42640780d9c596a734d5d88262bf0029", "deployedBytecode": "0x608060405234801561001057600080fd5b50600436106100365760003560e01c80634018d9aa1461003b578063853255cc14610069575b600080fd5b6100676004803603602081101561005157600080fd5b8101908080359060200190929190505050610087565b005b610071610091565b6040518082815260200191505060405180910390f35b8060008190555050565b6000600260009054906101000a900473ffffffffffffffffffffffffffffffffffffffff1673ffffffffffffffffffffffffffffffffffffffff1663a0d7afb76040518163ffffffff1660e01b815260040160206040518083038186803b1580156100fb57600080fd5b505afa15801561010f573d6000803e3d6000fd5b505050506040513d602081101561012557600080fd5b8101908080519060200190929190505050600154600054010190509056fe", "ast": {"absolutePath": "E/E.sol", "exportedSymbols": {"E": [398]}, "id": 399, "nodeType": "SourceUnit", "nodes": [{"absolutePath": "C.sol", "file": "../C.sol", "id": 345, "nodeType": "ImportDirective", "scope": 399, "sourceUnit": 228, "src": "0:18:2", "symbolAliases": [], "unitAlias": ""}, {"absolutePath": "I/I.sol", "file": "../I/I.sol", "id": 346, "nodeType": "ImportDirective", "scope": 399, "sourceUnit": 475, "src": "19:20:2", "symbolAliases": [], "unitAlias": ""}, {"baseContracts": [], "contractDependencies": [227], "contractKind": "contract", "documentation": null, "fullyImplemented": true, "id": 398, "linearizedBaseContracts": [398], "name": "E", "nodeType": "ContractDefinition", "nodes": [{"constant": false, "id": 348, "name": "x", "nodeType": "VariableDeclaration", "scope": 398, "src": "56:9:2", "stateVariable": true, "storageLocation": "default", "typeDescriptions": {"typeIdentifier": "t_uint256", "typeString": "uint256"}, "typeName": {"id": 347, "name": "uint256", "nodeType": "ElementaryTypeName", "src": "56:7:2", "typeDescriptions": {"typeIdentifier": "t_uint256", "typeString": "uint256"}}, "value": null, "visibility": "internal"}, {"constant": false, "id": 350, "name": "y", "nodeType": "VariableDeclaration", "scope": 398, "src": "69:9:2", "stateVariable": true, "storageLocation": "default", "typeDescriptions": {"typeIdentifier": "t_uint256", "typeString": "uint256"}, "typeName": {"id": 349, "name": "uint256", "nodeType": "ElementaryTypeName", "src": "69:7:2", "typeDescriptions": {"typeIdentifier": "t_uint256", "typeString": "uint256"}}, "value": null, "visibility": "internal"}, {"constant": false, "id": 352, "name": "d", "nodeType": "VariableDeclaration", "scope": 398, "src": "82:3:2", "stateVariable": true, "storageLocation": "default", "typeDescriptions": {"typeIdentifier": "t_contract$_D_$227", "typeString": "contract D"}, "typeName": {"contractScope": null, "id": 351, "name": "D", "nodeType": "UserDefinedTypeName", "referencedDeclaration": 227, "src": "82:1:2", "typeDescriptions": {"typeIdentifier": "t_contract$_D_$227", "typeString": "contract D"}}, "value": null, "visibility": "internal"}, {"body": {"id": 372, "nodeType": "Block", "src": "123:51:2", "statements": [{"expression": {"argumentTypes": null, "id": 359, "isConstant": false, "isLValue": false, "isPure": false, "lValueRequested": false, "leftHandSide": {"argumentTypes": null, "id": 357, "name": "x", "nodeType": "Identifier", "overloadedDeclarations": [], "referencedDeclaration": 348, "src": "129:1:2", "typeDescriptions": {"typeIdentifier": "t_uint256", "typeString": "uint256"}}, "nodeType": "Assignment", "operator": "=", "rightHandSide": {"argumentTypes": null, "hexValue": "30", "id": 358, "isConstant": false, "isLValue": false, "isPure": true, "kind": "number", "lValueRequested": false, "nodeType": "Literal", "src": "133:1:2", "subdenomination": null, "typeDescriptions": {"typeIdentifier": "t_rational_0_by_1", "typeString": "int_const 0"}, "value": "0"}, "src": "129:5:2", "typeDescriptions": {"typeIdentifier": "t_uint256", "typeString": "uint256"}}, "id": 360, "nodeType": "ExpressionStatement", "src": "129:5:2"}, {"expression": {"argumentTypes": null, "id": 363, "isConstant": false, "isLValue": false, "isPure": false, "lValueRequested": false, "leftHandSide": {"argumentTypes": null, "id": 361, "name": "y", "nodeType": "Identifier", "overloadedDeclarations": [], "referencedDeclaration": 350, "src": "140:1:2", "typeDescriptions": {"typeIdentifier": "t_uint256", "typeString": "uint256"}}, "nodeType": "Assignment", "operator": "=", "rightHandSide": {"argumentTypes": null, "id": 362, "name": "yval", "nodeType": "Identifier", "overloadedDeclarations": [], "referencedDeclaration": 354, "src": "144:4:2", "typeDescriptions": {"typeIdentifier": "t_uint256", "typeString": "uint256"}}, "src": "140:8:2", "typeDescriptions": {"typeIdentifier": "t_uint256", "typeString": "uint256"}}, "id": 364, "nodeType": "ExpressionStatement", "src": "140:8:2"}, {"expression": {"argumentTypes": null, "id": 370, "isConstant": false, "isLValue": false, "isPure": false, "lValueRequested": false, "leftHandSide": {"argumentTypes": null, "id": 365, "name": "d", "nodeType": "Identifier", "overloadedDeclarations": [], "referencedDeclaration": 352, "src": "154:1:2", "typeDescriptions": {"typeIdentifier": "t_contract$_D_$227", "typeString": "contract D"}}, "nodeType": "Assignment", "operator": "=", "rightHandSide": {"argumentTypes": null, "arguments": [{"argumentTypes": null, "id": 368, "name": "yval", "nodeType": "Identifier", "overloadedDeclarations": [], "referencedDeclaration": 354, "src": "164:4:2", "typeDescriptions": {"typeIdentifier": "t_uint256", "typeString": "uint256"}}], "expression": {"argumentTypes": [{"typeIdentifier": "t_uint256", "typeString": "uint256"}], "id": 367, "isConstant": false, "isLValue": false, "isPure": false, "lValueRequested": false, "nodeType": "NewExpression", "src": "158:5:2", "typeDescriptions": {"typeIdentifier": "t_function_creation_nonpayable$_t_uint256_$returns$_t_contract$_D_$227_$", "typeString": "function (uint256) returns (contract D)"}, "typeName": {"contractScope": null, "id": 366, "name": "D", "nodeType": "UserDefinedTypeName", "referencedDeclaration": 227, "src": "162:1:2", "typeDescriptions": {"typeIdentifier": "t_contract$_D_$227", "typeString": "contract D"}}}, "id": 369, "isConstant": false, "isLValue": false, "isPure": false, "kind": "functionCall", "lValueRequested": false, "names": [], "nodeType": "FunctionCall", "src": "158:11:2", "typeDescriptions": {"typeIdentifier": "t_contract$_D_$227", "typeString": "contract D"}}, "src": "154:15:2", "typeDescriptions": {"typeIdentifier": "t_contract$_D_$227", "typeString": "contract D"}}, "id": 371, "nodeType": "ExpressionStatement", "src": "154:15:2"}]}, "documentation": null, "id": 373, "implemented": true, "kind": "constructor", "modifiers": [], "name": "", "nodeType": "FunctionDefinition", "parameters": {"id": 355, "nodeType": "ParameterList", "parameters": [{"constant": false, "id": 354, "name": "yval", "nodeType": "VariableDeclaration", "scope": 373, "src": "102:12:2", "stateVariable": false, "storageLocation": "default", "typeDescriptions": {"typeIdentifier": "t_uint256", "typeString": "uint256"}, "typeName": {"id": 353, "name": "uint256", "nodeType": "ElementaryTypeName", "src": "102:7:2", "typeDescriptions": {"typeIdentifier": "t_uint256", "typeString": "uint256"}}, "value": null, "visibility": "internal"}], "src": "101:14:2"}, "returnParameters": {"id": 356, "nodeType": "ParameterList", "parameters": [], "src": "123:0:2"}, "scope": 398, "src": "90:84:2", "stateMutability": "nonpayable", "superFunction": null, "visibility": "public"}, {"body": {"id": 386, "nodeType": "Block", "src": "223:30:2", "statements": [{"expression": {"argumentTypes": null, "commonType": {"typeIdentifier": "t_uint256", "typeString": "uint256"}, "id": 384, "isConstant": false, "isLValue": false, "isPure": false, "lValueRequested": false, "leftExpression": {"argumentTypes": null, "commonType": {"typeIdentifier": "t_uint256", "typeString": "uint256"}, "id": 380, "isConstant": false, "isLValue": false, "isPure": false, "lValueRequested": false, "leftExpression": {"argumentTypes": null, "id": 378, "name": "x", "nodeType": "Identifier", "overloadedDeclarations": [], "referencedDeclaration": 348, "src": "236:1:2", "typeDescriptions": {"typeIdentifier": "t_uint256", "typeString": "uint256"}}, "nodeType": "BinaryOperation", "operator": "+", "rightExpression": {"argumentTypes": null, "id": 379, "name": "y", "nodeType": "Identifier", "overloadedDeclarations": [], "referencedDeclaration": 350, "src": "238:1:2", "typeDescriptions": {"typeIdentifier": "t_uint256", "typeString": "uint256"}}, "src": "236:3:2", "typeDescriptions": {"typeIdentifier": "t_uint256", "typeString": "uint256"}}, "nodeType": "BinaryOperation", "operator": "+", "rightExpression": {"argumentTypes": null, "arguments": [], "expression": {"argumentTypes": [], "expression": {"argumentTypes": null, "id": 381, "name": "d", "nodeType": "Identifier", "overloadedDeclarations": [], "referencedDeclaration": 352, "src": "240:1:2", "typeDescriptions": {"typeIdentifier": "t_contract$_D_$227", "typeString": "contract D"}}, "id": 382, "isConstant": false, "isLValue": false, "isPure": false, "lValueRequested": false, "memberName": "diff", "nodeType": "MemberAccess", "referencedDeclaration": 226, "src": "240:6:2", "typeDescriptions": {"typeIdentifier": "t_function_external_view$__$returns$_t_uint256_$", "typeString": "function () view external returns (uint256)"}}, "id": 383, "isConstant": false, "isLValue": false, "isPure": false, "kind": "functionCall", "lValueRequested": false, "names": [], "nodeType": "FunctionCall", "src": "240:8:2", "typeDescriptions": {"typeIdentifier": "t_uint256", "typeString": "uint256"}}, "src": "236:12:2", "typeDescriptions": {"typeIdentifier": "t_uint256", "typeString": "uint256"}}, "functionReturnParameters": 377, "id": 385, "nodeType": "Return", "src": "229:19:2"}]}, "documentation": null, "id": 387, "implemented": true, "kind": "function", "modifiers": [], "name": "sum", "nodeType": "FunctionDefinition", "parameters": {"id": 374, "nodeType": "ParameterList", "parameters": [], "src": "190:2:2"}, "returnParameters": {"id": 377, "nodeType": "ParameterList", "parameters": [{"constant": false, "id": 376, "name": "", "nodeType": "VariableDeclaration", "scope": 387, "src": "214:7:2", "stateVariable": false, "storageLocation": "default", "typeDescriptions": {"typeIdentifier": "t_uint256", "typeString": "uint256"}, "typeName": {"id": 375, "name": "uint256", "nodeType": "ElementaryTypeName", "src": "214:7:2", "typeDescriptions": {"typeIdentifier": "t_uint256", "typeString": "uint256"}}, "value": null, "visibility": "internal"}], "src": "213:9:2"}, "scope": 398, "src": "178:75:2", "stateMutability": "view", "superFunction": null, "visibility": "public"}, {"body": {"id": 396, "nodeType": "Block", "src": "292:19:2", "statements": [{"expression": {"argumentTypes": null, "id": 394, "isConstant": false, "isLValue": false, "isPure": false, "lValueRequested": false, "leftHandSide": {"argumentTypes": null, "id": 392, "name": "x", "nodeType": "Identifier", "overloadedDeclarations": [], "referencedDeclaration": 348, "src": "298:1:2", "typeDescriptions": {"typeIdentifier": "t_uint256", "typeString": "uint256"}}, "nodeType": "Assignment", "operator": "=", "rightHandSide": {"argumentTypes": null, "id": 393, "name": "xval", "nodeType": "Identifier", "overloadedDeclarations": [], "referencedDeclaration": 389, "src": "302:4:2", "typeDescriptions": {"typeIdentifier": "t_uint256", "typeString": "uint256"}}, "src": "298:8:2", "typeDescriptions": {"typeIdentifier": "t_uint256", "typeString": "uint256"}}, "id": 395, "nodeType": "ExpressionStatement", "src": "298:8:2"}]}, "documentation": null, "id": 397, "implemented": true, "kind": "function", "modifiers": [], "name": "setX", "nodeType": "FunctionDefinition", "parameters": {"id": 390, "nodeType": "ParameterList", "parameters": [{"constant": false, "id": 389, "name": "xval", "nodeType": "VariableDeclaration", "scope": 397, "src": "271:12:2", "stateVariable": false, "storageLocation": "default", "typeDescriptions": {"typeIdentifier": "t_uint256", "typeString": "uint256"}, "typeName": {"id": 388, "name": "uint256", "nodeType": "ElementaryTypeName", "src": "271:7:2", "typeDescriptions": {"typeIdentifier": "t_uint256", "typeString": "uint256"}}, "value": null, "visibility": "internal"}], "src": "270:14:2"}, "returnParameters": {"id": 391, "nodeType": "ParameterList", "parameters": [], "src": "292:0:2"}, "scope": 398, "src": "257:54:2", "stateMutability": "nonpayable", "superFunction": null, "visibility": "public"}], "scope": 399, "src": "41:272:2"}], "src": "0:314:2"}, "userdoc": {"methods": {}, "notice": null}, "devdoc": {"methods": {}, "author": null, "details": null, "title": null}}