{"contractName": "G", "abi": [{"constant": false, "inputs": [{"name": "xval", "type": "uint256"}], "name": "setX", "outputs": [], "payable": false, "stateMutability": "nonpayable", "type": "function"}, {"constant": true, "inputs": [], "name": "sum", "outputs": [{"name": "", "type": "uint256"}], "payable": false, "stateMutability": "view", "type": "function"}, {"inputs": [{"name": "yval", "type": "uint256"}], "payable": false, "stateMutability": "nonpayable", "type": "constructor"}], "bytecode": "0x608060405234801561001057600080fd5b506040516020806107b98339810180604052602081101561003057600080fd5b81019080805190602001909291905050506000808190555080600181905550600560405161005d906100ca565b80828152602001915050604051809103906000f080158015610083573d6000803e3d6000fd5b50600260006101000a81548173ffffffffffffffffffffffffffffffffffffffff021916908373ffffffffffffffffffffffffffffffffffffffff160217905550506100d7565b6104dc806102dd83390190565b6101f7806100e66000396000f3fe608060405234801561001057600080fd5b50600436106100365760003560e01c80634018d9aa1461003b578063853255cc14610069575b600080fd5b6100676004803603602081101561005157600080fd5b8101908080359060200190929190505050610087565b005b610071610121565b6040518082815260200191505060405180910390f35b80600081905550600260009054906101000a900473ffffffffffffffffffffffffffffffffffffffff1673ffffffffffffffffffffffffffffffffffffffff16634018d9aa600183016040518263ffffffff1660e01b815260040180828152602001915050600060405180830381600087803b15801561010657600080fd5b505af115801561011a573d6000803e3d6000fd5b5050505050565b6000600260009054906101000a900473ffffffffffffffffffffffffffffffffffffffff1673ffffffffffffffffffffffffffffffffffffffff1663853255cc6040518163ffffffff1660e01b815260040160206040518083038186803b15801561018b57600080fd5b505afa15801561019f573d6000803e3d6000fd5b505050506040513d60208110156101b557600080fd5b810190808051906020019092919050505090509056fe608060405234801561001057600080fd5b506040516020806104dc8339810180604052602081101561003057600080fd5b810190808051906020019092919050505060008081905550806001819055508060405161005c906100c9565b80828152602001915050604051809103906000f080158015610082573d6000803e3d6000fd5b50600260006101000a81548173ffffffffffffffffffffffffffffffffffffffff021916908373ffffffffffffffffffffffffffffffffffffffff160217905550506100d6565b6102888061025483390190565b61016f806100e56000396000f3fe608060405234801561001057600080fd5b50600436106100365760003560e01c80634018d9aa1461003b578063853255cc14610069575b600080fd5b6100676004803603602081101561005157600080fd5b8101908080359060200190929190505050610087565b005b610071610091565b6040518082815260200191505060405180910390f35b8060008190555050565b6000600260009054906101000a900473ffffffffffffffffffffffffffffffffffffffff1673ffffffffffffffffffffffffffffffffffffffff1663a0d7afb76040518163ffffffff1660e01b815260040160206040518083038186803b1580156100fb57600080fd5b505afa15801561010f573d6000803e3d6000fd5b505050506040513d602081101561012557600080fd5b8101908080519060200190929190505050600154600054010190509056fea165627a7a723058206bdc11d417aeff0c4da7642e2036c5e5c68c62d525fc7e9ed79c779d84fb2b500029608060405234801561001057600080fd5b506040516020806102888339810180604052602081101561003057600080fd5b81019080805190602001909291905050506000808190555080600181905550600560405161005d906100ca565b80828152602001915050604051809103906000f080158015610083573d6000803e3d6000fd5b50600260006101000a81548173ffffffffffffffffffffffffffffffffffffffff021916908373ffffffffffffffffffffffffffffffffffffffff160217905550506100d7565b6101208061016883390190565b6083806100e56000396000f3fe6080604052348015600f57600080fd5b506004361060285760003560e01c8063a0d7afb714602d575b600080fd5b60336049565b6040518082815260200191505060405180910390f35b60006001546000540390509056fea165627a7a723058205293c815104c3b1b1f414bd5cb22f2589503885e136303c3db22f0f3c5985c730029608060405234801561001057600080fd5b506040516020806101208339810180604052602081101561003057600080fd5b810190808051906020019092919050505060008081905550806001819055505060c28061005e6000396000f3fe6080604052348015600f57600080fd5b506004361060325760003560e01c80634018d9aa146037578063853255cc146062575b600080fd5b606060048036036020811015604b57600080fd5b8101908080359060200190929190505050607e565b005b60686088565b6040518082815260200191505060405180910390f35b8060008190555050565b60006001546000540190509056fea165627a7a72305820ca30592a9e9f5c97a3ff34d1f7e96d9a8b3c42640780d9c596a734d5d88262bf0029", "deployedBytecode": "0x608060405234801561001057600080fd5b50600436106100365760003560e01c80634018d9aa1461003b578063853255cc14610069575b600080fd5b6100676004803603602081101561005157600080fd5b8101908080359060200190929190505050610087565b005b610071610121565b6040518082815260200191505060405180910390f35b80600081905550600260009054906101000a900473ffffffffffffffffffffffffffffffffffffffff1673ffffffffffffffffffffffffffffffffffffffff16634018d9aa600183016040518263ffffffff1660e01b815260040180828152602001915050600060405180830381600087803b15801561010657600080fd5b505af115801561011a573d6000803e3d6000fd5b5050505050565b6000600260009054906101000a900473ffffffffffffffffffffffffffffffffffffffff1673ffffffffffffffffffffffffffffffffffffffff1663853255cc6040518163ffffffff1660e01b815260040160206040518083038186803b15801561018b57600080fd5b505afa15801561019f573d6000803e3d6000fd5b505050506040513d60208110156101b557600080fd5b810190808051906020019092919050505090509056fe", "ast": {"absolutePath": "E/G.sol", "exportedSymbols": {"G": [285]}, "id": 286, "nodeType": "SourceUnit", "nodes": [{"absolutePath": "E/E.sol", "file": "./E.sol", "id": 229, "nodeType": "ImportDirective", "scope": 286, "sourceUnit": 399, "src": "0:17:3", "symbolAliases": [], "unitAlias": ""}, {"baseContracts": [], "contractDependencies": [398], "contractKind": "contract", "documentation": null, "fullyImplemented": true, "id": 285, "linearizedBaseContracts": [285], "name": "G", "nodeType": "ContractDefinition", "nodes": [{"constant": false, "id": 231, "name": "x", "nodeType": "VariableDeclaration", "scope": 285, "src": "34:9:3", "stateVariable": true, "storageLocation": "default", "typeDescriptions": {"typeIdentifier": "t_uint256", "typeString": "uint256"}, "typeName": {"id": 230, "name": "uint256", "nodeType": "ElementaryTypeName", "src": "34:7:3", "typeDescriptions": {"typeIdentifier": "t_uint256", "typeString": "uint256"}}, "value": null, "visibility": "internal"}, {"constant": false, "id": 233, "name": "y", "nodeType": "VariableDeclaration", "scope": 285, "src": "47:9:3", "stateVariable": true, "storageLocation": "default", "typeDescriptions": {"typeIdentifier": "t_uint256", "typeString": "uint256"}, "typeName": {"id": 232, "name": "uint256", "nodeType": "ElementaryTypeName", "src": "47:7:3", "typeDescriptions": {"typeIdentifier": "t_uint256", "typeString": "uint256"}}, "value": null, "visibility": "internal"}, {"constant": false, "id": 235, "name": "e", "nodeType": "VariableDeclaration", "scope": 285, "src": "60:3:3", "stateVariable": true, "storageLocation": "default", "typeDescriptions": {"typeIdentifier": "t_contract$_E_$398", "typeString": "contract E"}, "typeName": {"contractScope": null, "id": 234, "name": "E", "nodeType": "UserDefinedTypeName", "referencedDeclaration": 398, "src": "60:1:3", "typeDescriptions": {"typeIdentifier": "t_contract$_E_$398", "typeString": "contract E"}}, "value": null, "visibility": "internal"}, {"body": {"id": 255, "nodeType": "Block", "src": "101:48:3", "statements": [{"expression": {"argumentTypes": null, "id": 242, "isConstant": false, "isLValue": false, "isPure": false, "lValueRequested": false, "leftHandSide": {"argumentTypes": null, "id": 240, "name": "x", "nodeType": "Identifier", "overloadedDeclarations": [], "referencedDeclaration": 231, "src": "107:1:3", "typeDescriptions": {"typeIdentifier": "t_uint256", "typeString": "uint256"}}, "nodeType": "Assignment", "operator": "=", "rightHandSide": {"argumentTypes": null, "hexValue": "30", "id": 241, "isConstant": false, "isLValue": false, "isPure": true, "kind": "number", "lValueRequested": false, "nodeType": "Literal", "src": "111:1:3", "subdenomination": null, "typeDescriptions": {"typeIdentifier": "t_rational_0_by_1", "typeString": "int_const 0"}, "value": "0"}, "src": "107:5:3", "typeDescriptions": {"typeIdentifier": "t_uint256", "typeString": "uint256"}}, "id": 243, "nodeType": "ExpressionStatement", "src": "107:5:3"}, {"expression": {"argumentTypes": null, "id": 246, "isConstant": false, "isLValue": false, "isPure": false, "lValueRequested": false, "leftHandSide": {"argumentTypes": null, "id": 244, "name": "y", "nodeType": "Identifier", "overloadedDeclarations": [], "referencedDeclaration": 233, "src": "118:1:3", "typeDescriptions": {"typeIdentifier": "t_uint256", "typeString": "uint256"}}, "nodeType": "Assignment", "operator": "=", "rightHandSide": {"argumentTypes": null, "id": 245, "name": "yval", "nodeType": "Identifier", "overloadedDeclarations": [], "referencedDeclaration": 237, "src": "122:4:3", "typeDescriptions": {"typeIdentifier": "t_uint256", "typeString": "uint256"}}, "src": "118:8:3", "typeDescriptions": {"typeIdentifier": "t_uint256", "typeString": "uint256"}}, "id": 247, "nodeType": "ExpressionStatement", "src": "118:8:3"}, {"expression": {"argumentTypes": null, "id": 253, "isConstant": false, "isLValue": false, "isPure": false, "lValueRequested": false, "leftHandSide": {"argumentTypes": null, "id": 248, "name": "e", "nodeType": "Identifier", "overloadedDeclarations": [], "referencedDeclaration": 235, "src": "132:1:3", "typeDescriptions": {"typeIdentifier": "t_contract$_E_$398", "typeString": "contract E"}}, "nodeType": "Assignment", "operator": "=", "rightHandSide": {"argumentTypes": null, "arguments": [{"argumentTypes": null, "hexValue": "35", "id": 251, "isConstant": false, "isLValue": false, "isPure": true, "kind": "number", "lValueRequested": false, "nodeType": "Literal", "src": "142:1:3", "subdenomination": null, "typeDescriptions": {"typeIdentifier": "t_rational_5_by_1", "typeString": "int_const 5"}, "value": "5"}], "expression": {"argumentTypes": [{"typeIdentifier": "t_rational_5_by_1", "typeString": "int_const 5"}], "id": 250, "isConstant": false, "isLValue": false, "isPure": false, "lValueRequested": false, "nodeType": "NewExpression", "src": "136:5:3", "typeDescriptions": {"typeIdentifier": "t_function_creation_nonpayable$_t_uint256_$returns$_t_contract$_E_$398_$", "typeString": "function (uint256) returns (contract E)"}, "typeName": {"contractScope": null, "id": 249, "name": "E", "nodeType": "UserDefinedTypeName", "referencedDeclaration": 398, "src": "140:1:3", "typeDescriptions": {"typeIdentifier": "t_contract$_E_$398", "typeString": "contract E"}}}, "id": 252, "isConstant": false, "isLValue": false, "isPure": false, "kind": "functionCall", "lValueRequested": false, "names": [], "nodeType": "FunctionCall", "src": "136:8:3", "typeDescriptions": {"typeIdentifier": "t_contract$_E_$398", "typeString": "contract E"}}, "src": "132:12:3", "typeDescriptions": {"typeIdentifier": "t_contract$_E_$398", "typeString": "contract E"}}, "id": 254, "nodeType": "ExpressionStatement", "src": "132:12:3"}]}, "documentation": null, "id": 256, "implemented": true, "kind": "constructor", "modifiers": [], "name": "", "nodeType": "FunctionDefinition", "parameters": {"id": 238, "nodeType": "ParameterList", "parameters": [{"constant": false, "id": 237, "name": "yval", "nodeType": "VariableDeclaration", "scope": 256, "src": "80:12:3", "stateVariable": false, "storageLocation": "default", "typeDescriptions": {"typeIdentifier": "t_uint256", "typeString": "uint256"}, "typeName": {"id": 236, "name": "uint256", "nodeType": "ElementaryTypeName", "src": "80:7:3", "typeDescriptions": {"typeIdentifier": "t_uint256", "typeString": "uint256"}}, "value": null, "visibility": "internal"}], "src": "79:14:3"}, "returnParameters": {"id": 239, "nodeType": "ParameterList", "parameters": [], "src": "101:0:3"}, "scope": 285, "src": "68:81:3", "stateMutability": "nonpayable", "superFunction": null, "visibility": "public"}, {"body": {"id": 265, "nodeType": "Block", "src": "198:25:3", "statements": [{"expression": {"argumentTypes": null, "arguments": [], "expression": {"argumentTypes": [], "expression": {"argumentTypes": null, "id": 261, "name": "e", "nodeType": "Identifier", "overloadedDeclarations": [], "referencedDeclaration": 235, "src": "211:1:3", "typeDescriptions": {"typeIdentifier": "t_contract$_E_$398", "typeString": "contract E"}}, "id": 262, "isConstant": false, "isLValue": false, "isPure": false, "lValueRequested": false, "memberName": "sum", "nodeType": "MemberAccess", "referencedDeclaration": 387, "src": "211:5:3", "typeDescriptions": {"typeIdentifier": "t_function_external_view$__$returns$_t_uint256_$", "typeString": "function () view external returns (uint256)"}}, "id": 263, "isConstant": false, "isLValue": false, "isPure": false, "kind": "functionCall", "lValueRequested": false, "names": [], "nodeType": "FunctionCall", "src": "211:7:3", "typeDescriptions": {"typeIdentifier": "t_uint256", "typeString": "uint256"}}, "functionReturnParameters": 260, "id": 264, "nodeType": "Return", "src": "204:14:3"}]}, "documentation": null, "id": 266, "implemented": true, "kind": "function", "modifiers": [], "name": "sum", "nodeType": "FunctionDefinition", "parameters": {"id": 257, "nodeType": "ParameterList", "parameters": [], "src": "165:2:3"}, "returnParameters": {"id": 260, "nodeType": "ParameterList", "parameters": [{"constant": false, "id": 259, "name": "", "nodeType": "VariableDeclaration", "scope": 266, "src": "189:7:3", "stateVariable": false, "storageLocation": "default", "typeDescriptions": {"typeIdentifier": "t_uint256", "typeString": "uint256"}, "typeName": {"id": 258, "name": "uint256", "nodeType": "ElementaryTypeName", "src": "189:7:3", "typeDescriptions": {"typeIdentifier": "t_uint256", "typeString": "uint256"}}, "value": null, "visibility": "internal"}], "src": "188:9:3"}, "scope": 285, "src": "153:70:3", "stateMutability": "view", "superFunction": null, "visibility": "public"}, {"body": {"id": 283, "nodeType": "Block", "src": "262:39:3", "statements": [{"expression": {"argumentTypes": null, "id": 273, "isConstant": false, "isLValue": false, "isPure": false, "lValueRequested": false, "leftHandSide": {"argumentTypes": null, "id": 271, "name": "x", "nodeType": "Identifier", "overloadedDeclarations": [], "referencedDeclaration": 231, "src": "268:1:3", "typeDescriptions": {"typeIdentifier": "t_uint256", "typeString": "uint256"}}, "nodeType": "Assignment", "operator": "=", "rightHandSide": {"argumentTypes": null, "id": 272, "name": "xval", "nodeType": "Identifier", "overloadedDeclarations": [], "referencedDeclaration": 268, "src": "272:4:3", "typeDescriptions": {"typeIdentifier": "t_uint256", "typeString": "uint256"}}, "src": "268:8:3", "typeDescriptions": {"typeIdentifier": "t_uint256", "typeString": "uint256"}}, "id": 274, "nodeType": "ExpressionStatement", "src": "268:8:3"}, {"expression": {"argumentTypes": null, "arguments": [{"argumentTypes": null, "commonType": {"typeIdentifier": "t_uint256", "typeString": "uint256"}, "id": 280, "isConstant": false, "isLValue": false, "isPure": false, "lValueRequested": false, "leftExpression": {"argumentTypes": null, "id": 278, "name": "xval", "nodeType": "Identifier", "overloadedDeclarations": [], "referencedDeclaration": 268, "src": "289:4:3", "typeDescriptions": {"typeIdentifier": "t_uint256", "typeString": "uint256"}}, "nodeType": "BinaryOperation", "operator": "+", "rightExpression": {"argumentTypes": null, "hexValue": "31", "id": 279, "isConstant": false, "isLValue": false, "isPure": true, "kind": "number", "lValueRequested": false, "nodeType": "Literal", "src": "294:1:3", "subdenomination": null, "typeDescriptions": {"typeIdentifier": "t_rational_1_by_1", "typeString": "int_const 1"}, "value": "1"}, "src": "289:6:3", "typeDescriptions": {"typeIdentifier": "t_uint256", "typeString": "uint256"}}], "expression": {"argumentTypes": [{"typeIdentifier": "t_uint256", "typeString": "uint256"}], "expression": {"argumentTypes": null, "id": 275, "name": "e", "nodeType": "Identifier", "overloadedDeclarations": [], "referencedDeclaration": 235, "src": "282:1:3", "typeDescriptions": {"typeIdentifier": "t_contract$_E_$398", "typeString": "contract E"}}, "id": 277, "isConstant": false, "isLValue": false, "isPure": false, "lValueRequested": false, "memberName": "setX", "nodeType": "MemberAccess", "referencedDeclaration": 397, "src": "282:6:3", "typeDescriptions": {"typeIdentifier": "t_function_external_nonpayable$_t_uint256_$returns$__$", "typeString": "function (uint256) external"}}, "id": 281, "isConstant": false, "isLValue": false, "isPure": false, "kind": "functionCall", "lValueRequested": false, "names": [], "nodeType": "FunctionCall", "src": "282:14:3", "typeDescriptions": {"typeIdentifier": "t_tuple$__$", "typeString": "tuple()"}}, "id": 282, "nodeType": "ExpressionStatement", "src": "282:14:3"}]}, "documentation": null, "id": 284, "implemented": true, "kind": "function", "modifiers": [], "name": "setX", "nodeType": "FunctionDefinition", "parameters": {"id": 269, "nodeType": "ParameterList", "parameters": [{"constant": false, "id": 268, "name": "xval", "nodeType": "VariableDeclaration", "scope": 284, "src": "241:12:3", "stateVariable": false, "storageLocation": "default", "typeDescriptions": {"typeIdentifier": "t_uint256", "typeString": "uint256"}, "typeName": {"id": 267, "name": "uint256", "nodeType": "ElementaryTypeName", "src": "241:7:3", "typeDescriptions": {"typeIdentifier": "t_uint256", "typeString": "uint256"}}, "value": null, "visibility": "internal"}], "src": "240:14:3"}, "returnParameters": {"id": 270, "nodeType": "ParameterList", "parameters": [], "src": "262:0:3"}, "scope": 285, "src": "227:74:3", "stateMutability": "nonpayable", "superFunction": null, "visibility": "public"}], "scope": 286, "src": "19:284:3"}], "src": "0:304:3"}, "userdoc": {"methods": {}, "notice": null}, "devdoc": {"methods": {}, "author": null, "details": null, "title": null}}