{"contractName": "I", "abi": [{"constant": false, "inputs": [{"name": "xval", "type": "uint256"}], "name": "setX", "outputs": [], "payable": false, "stateMutability": "nonpayable", "type": "function"}, {"constant": true, "inputs": [], "name": "sum", "outputs": [{"name": "", "type": "uint256"}], "payable": false, "stateMutability": "view", "type": "function"}, {"inputs": [{"name": "yval", "type": "uint256"}], "payable": false, "stateMutability": "nonpayable", "type": "constructor"}], "bytecode": "0x608060405234801561001057600080fd5b50604051602080610b6f8339810180604052602081101561003057600080fd5b810190808051906020019092919050505060008081905550806001819055508060405161005c90610140565b80828152602001915050604051809103906000f080158015610082573d6000803e3d6000fd5b50600260006101000a81548173ffffffffffffffffffffffffffffffffffffffff021916908373ffffffffffffffffffffffffffffffffffffffff160217905550600181016040516100d39061014d565b80828152602001915050604051809103906000f0801580156100f9573d6000803e3d6000fd5b50600360006101000a81548173ffffffffffffffffffffffffffffffffffffffff021916908373ffffffffffffffffffffffffffffffffffffffff1602179055505061015a565b6102888061040b83390190565b6104dc8061069383390190565b6102a2806101696000396000f3fe608060405234801561001057600080fd5b50600436106100365760003560e01c80634018d9aa1461003b578063853255cc14610069575b600080fd5b6100676004803603602081101561005157600080fd5b8101908080359060200190929190505050610087565b005b610071610120565b6040518082815260200191505060405180910390f35b80600081905550600360009054906101000a900473ffffffffffffffffffffffffffffffffffffffff1673ffffffffffffffffffffffffffffffffffffffff16634018d9aa6001546040518263ffffffff1660e01b815260040180828152602001915050600060405180830381600087803b15801561010557600080fd5b505af1158015610119573d6000803e3d6000fd5b5050505050565b6000600360009054906101000a900473ffffffffffffffffffffffffffffffffffffffff1673ffffffffffffffffffffffffffffffffffffffff1663853255cc6040518163ffffffff1660e01b815260040160206040518083038186803b15801561018a57600080fd5b505afa15801561019e573d6000803e3d6000fd5b505050506040513d60208110156101b457600080fd5b8101908080519060200190929190505050600260009054906101000a900473ffffffffffffffffffffffffffffffffffffffff1673ffffffffffffffffffffffffffffffffffffffff1663a0d7afb76040518163ffffffff1660e01b815260040160206040518083038186803b15801561022d57600080fd5b505afa158015610241573d6000803e3d6000fd5b505050506040513d602081101561025757600080fd5b810190808051906020019092919050505060015460005401010190509056fe608060405234801561001057600080fd5b506040516020806102888339810180604052602081101561003057600080fd5b81019080805190602001909291905050506000808190555080600181905550600560405161005d906100ca565b80828152602001915050604051809103906000f080158015610083573d6000803e3d6000fd5b50600260006101000a81548173ffffffffffffffffffffffffffffffffffffffff021916908373ffffffffffffffffffffffffffffffffffffffff160217905550506100d7565b6101208061016883390190565b6083806100e56000396000f3fe6080604052348015600f57600080fd5b506004361060285760003560e01c8063a0d7afb714602d575b600080fd5b60336049565b6040518082815260200191505060405180910390f35b60006001546000540390509056fea165627a7a723058205293c815104c3b1b1f414bd5cb22f2589503885e136303c3db22f0f3c5985c730029608060405234801561001057600080fd5b506040516020806101208339810180604052602081101561003057600080fd5b810190808051906020019092919050505060008081905550806001819055505060c28061005e6000396000f3fe6080604052348015600f57600080fd5b506004361060325760003560e01c80634018d9aa146037578063853255cc146062575b600080fd5b606060048036036020811015604b57600080fd5b8101908080359060200190929190505050607e565b005b60686088565b6040518082815260200191505060405180910390f35b8060008190555050565b60006001546000540190509056fea165627a7a72305820ca30592a9e9f5c97a3ff34d1f7e96d9a8b3c42640780d9c596a734d5d88262bf0029608060405234801561001057600080fd5b506040516020806104dc8339810180604052602081101561003057600080fd5b810190808051906020019092919050505060008081905550806001819055508060405161005c906100c9565b80828152602001915050604051809103906000f080158015610082573d6000803e3d6000fd5b50600260006101000a81548173ffffffffffffffffffffffffffffffffffffffff021916908373ffffffffffffffffffffffffffffffffffffffff160217905550506100d6565b6102888061025483390190565b61016f806100e56000396000f3fe608060405234801561001057600080fd5b50600436106100365760003560e01c80634018d9aa1461003b578063853255cc14610069575b600080fd5b6100676004803603602081101561005157600080fd5b8101908080359060200190929190505050610087565b005b610071610091565b6040518082815260200191505060405180910390f35b8060008190555050565b6000600260009054906101000a900473ffffffffffffffffffffffffffffffffffffffff1673ffffffffffffffffffffffffffffffffffffffff1663a0d7afb76040518163ffffffff1660e01b815260040160206040518083038186803b1580156100fb57600080fd5b505afa15801561010f573d6000803e3d6000fd5b505050506040513d602081101561012557600080fd5b8101908080519060200190929190505050600154600054010190509056fea165627a7a723058206bdc11d417aeff0c4da7642e2036c5e5c68c62d525fc7e9ed79c779d84fb2b500029608060405234801561001057600080fd5b506040516020806102888339810180604052602081101561003057600080fd5b81019080805190602001909291905050506000808190555080600181905550600560405161005d906100ca565b80828152602001915050604051809103906000f080158015610083573d6000803e3d6000fd5b50600260006101000a81548173ffffffffffffffffffffffffffffffffffffffff021916908373ffffffffffffffffffffffffffffffffffffffff160217905550506100d7565b6101208061016883390190565b6083806100e56000396000f3fe6080604052348015600f57600080fd5b506004361060285760003560e01c8063a0d7afb714602d575b600080fd5b60336049565b6040518082815260200191505060405180910390f35b60006001546000540390509056fea165627a7a723058205293c815104c3b1b1f414bd5cb22f2589503885e136303c3db22f0f3c5985c730029608060405234801561001057600080fd5b506040516020806101208339810180604052602081101561003057600080fd5b810190808051906020019092919050505060008081905550806001819055505060c28061005e6000396000f3fe6080604052348015600f57600080fd5b506004361060325760003560e01c80634018d9aa146037578063853255cc146062575b600080fd5b606060048036036020811015604b57600080fd5b8101908080359060200190929190505050607e565b005b60686088565b6040518082815260200191505060405180910390f35b8060008190555050565b60006001546000540190509056fea165627a7a72305820ca30592a9e9f5c97a3ff34d1f7e96d9a8b3c42640780d9c596a734d5d88262bf0029", "deployedBytecode": "0x608060405234801561001057600080fd5b50600436106100365760003560e01c80634018d9aa1461003b578063853255cc14610069575b600080fd5b6100676004803603602081101561005157600080fd5b8101908080359060200190929190505050610087565b005b610071610120565b6040518082815260200191505060405180910390f35b80600081905550600360009054906101000a900473ffffffffffffffffffffffffffffffffffffffff1673ffffffffffffffffffffffffffffffffffffffff16634018d9aa6001546040518263ffffffff1660e01b815260040180828152602001915050600060405180830381600087803b15801561010557600080fd5b505af1158015610119573d6000803e3d6000fd5b5050505050565b6000600360009054906101000a900473ffffffffffffffffffffffffffffffffffffffff1673ffffffffffffffffffffffffffffffffffffffff1663853255cc6040518163ffffffff1660e01b815260040160206040518083038186803b15801561018a57600080fd5b505afa15801561019e573d6000803e3d6000fd5b505050506040513d60208110156101b457600080fd5b8101908080519060200190929190505050600260009054906101000a900473ffffffffffffffffffffffffffffffffffffffff1673ffffffffffffffffffffffffffffffffffffffff1663a0d7afb76040518163ffffffff1660e01b815260040160206040518083038186803b15801561022d57600080fd5b505afa158015610241573d6000803e3d6000fd5b505050506040513d602081101561025757600080fd5b810190808051906020019092919050505060015460005401010190509056fe", "ast": {"absolutePath": "I/I.sol", "exportedSymbols": {"I": [474]}, "id": 475, "nodeType": "SourceUnit", "nodes": [{"absolutePath": "C.sol", "file": "../C.sol", "id": 400, "nodeType": "ImportDirective", "scope": 475, "sourceUnit": 228, "src": "0:18:4", "symbolAliases": [], "unitAlias": ""}, {"absolutePath": "E/E.sol", "file": "../E/E.sol", "id": 401, "nodeType": "ImportDirective", "scope": 475, "sourceUnit": 399, "src": "19:20:4", "symbolAliases": [], "unitAlias": ""}, {"baseContracts": [], "contractDependencies": [227, 398], "contractKind": "contract", "documentation": null, "fullyImplemented": true, "id": 474, "linearizedBaseContracts": [474], "name": "I", "nodeType": "ContractDefinition", "nodes": [{"constant": false, "id": 403, "name": "x", "nodeType": "VariableDeclaration", "scope": 474, "src": "56:9:4", "stateVariable": true, "storageLocation": "default", "typeDescriptions": {"typeIdentifier": "t_uint256", "typeString": "uint256"}, "typeName": {"id": 402, "name": "uint256", "nodeType": "ElementaryTypeName", "src": "56:7:4", "typeDescriptions": {"typeIdentifier": "t_uint256", "typeString": "uint256"}}, "value": null, "visibility": "internal"}, {"constant": false, "id": 405, "name": "y", "nodeType": "VariableDeclaration", "scope": 474, "src": "69:9:4", "stateVariable": true, "storageLocation": "default", "typeDescriptions": {"typeIdentifier": "t_uint256", "typeString": "uint256"}, "typeName": {"id": 404, "name": "uint256", "nodeType": "ElementaryTypeName", "src": "69:7:4", "typeDescriptions": {"typeIdentifier": "t_uint256", "typeString": "uint256"}}, "value": null, "visibility": "internal"}, {"constant": false, "id": 407, "name": "d", "nodeType": "VariableDeclaration", "scope": 474, "src": "82:3:4", "stateVariable": true, "storageLocation": "default", "typeDescriptions": {"typeIdentifier": "t_contract$_D_$227", "typeString": "contract D"}, "typeName": {"contractScope": null, "id": 406, "name": "D", "nodeType": "UserDefinedTypeName", "referencedDeclaration": 227, "src": "82:1:4", "typeDescriptions": {"typeIdentifier": "t_contract$_D_$227", "typeString": "contract D"}}, "value": null, "visibility": "internal"}, {"constant": false, "id": 409, "name": "e", "nodeType": "VariableDeclaration", "scope": 474, "src": "89:3:4", "stateVariable": true, "storageLocation": "default", "typeDescriptions": {"typeIdentifier": "t_contract$_E_$398", "typeString": "contract E"}, "typeName": {"contractScope": null, "id": 408, "name": "E", "nodeType": "UserDefinedTypeName", "referencedDeclaration": 398, "src": "89:1:4", "typeDescriptions": {"typeIdentifier": "t_contract$_E_$398", "typeString": "contract E"}}, "value": null, "visibility": "internal"}, {"body": {"id": 438, "nodeType": "Block", "src": "130:74:4", "statements": [{"expression": {"argumentTypes": null, "id": 416, "isConstant": false, "isLValue": false, "isPure": false, "lValueRequested": false, "leftHandSide": {"argumentTypes": null, "id": 414, "name": "x", "nodeType": "Identifier", "overloadedDeclarations": [], "referencedDeclaration": 403, "src": "136:1:4", "typeDescriptions": {"typeIdentifier": "t_uint256", "typeString": "uint256"}}, "nodeType": "Assignment", "operator": "=", "rightHandSide": {"argumentTypes": null, "hexValue": "30", "id": 415, "isConstant": false, "isLValue": false, "isPure": true, "kind": "number", "lValueRequested": false, "nodeType": "Literal", "src": "140:1:4", "subdenomination": null, "typeDescriptions": {"typeIdentifier": "t_rational_0_by_1", "typeString": "int_const 0"}, "value": "0"}, "src": "136:5:4", "typeDescriptions": {"typeIdentifier": "t_uint256", "typeString": "uint256"}}, "id": 417, "nodeType": "ExpressionStatement", "src": "136:5:4"}, {"expression": {"argumentTypes": null, "id": 420, "isConstant": false, "isLValue": false, "isPure": false, "lValueRequested": false, "leftHandSide": {"argumentTypes": null, "id": 418, "name": "y", "nodeType": "Identifier", "overloadedDeclarations": [], "referencedDeclaration": 405, "src": "147:1:4", "typeDescriptions": {"typeIdentifier": "t_uint256", "typeString": "uint256"}}, "nodeType": "Assignment", "operator": "=", "rightHandSide": {"argumentTypes": null, "id": 419, "name": "yval", "nodeType": "Identifier", "overloadedDeclarations": [], "referencedDeclaration": 411, "src": "151:4:4", "typeDescriptions": {"typeIdentifier": "t_uint256", "typeString": "uint256"}}, "src": "147:8:4", "typeDescriptions": {"typeIdentifier": "t_uint256", "typeString": "uint256"}}, "id": 421, "nodeType": "ExpressionStatement", "src": "147:8:4"}, {"expression": {"argumentTypes": null, "id": 427, "isConstant": false, "isLValue": false, "isPure": false, "lValueRequested": false, "leftHandSide": {"argumentTypes": null, "id": 422, "name": "d", "nodeType": "Identifier", "overloadedDeclarations": [], "referencedDeclaration": 407, "src": "161:1:4", "typeDescriptions": {"typeIdentifier": "t_contract$_D_$227", "typeString": "contract D"}}, "nodeType": "Assignment", "operator": "=", "rightHandSide": {"argumentTypes": null, "arguments": [{"argumentTypes": null, "id": 425, "name": "yval", "nodeType": "Identifier", "overloadedDeclarations": [], "referencedDeclaration": 411, "src": "171:4:4", "typeDescriptions": {"typeIdentifier": "t_uint256", "typeString": "uint256"}}], "expression": {"argumentTypes": [{"typeIdentifier": "t_uint256", "typeString": "uint256"}], "id": 424, "isConstant": false, "isLValue": false, "isPure": false, "lValueRequested": false, "nodeType": "NewExpression", "src": "165:5:4", "typeDescriptions": {"typeIdentifier": "t_function_creation_nonpayable$_t_uint256_$returns$_t_contract$_D_$227_$", "typeString": "function (uint256) returns (contract D)"}, "typeName": {"contractScope": null, "id": 423, "name": "D", "nodeType": "UserDefinedTypeName", "referencedDeclaration": 227, "src": "169:1:4", "typeDescriptions": {"typeIdentifier": "t_contract$_D_$227", "typeString": "contract D"}}}, "id": 426, "isConstant": false, "isLValue": false, "isPure": false, "kind": "functionCall", "lValueRequested": false, "names": [], "nodeType": "FunctionCall", "src": "165:11:4", "typeDescriptions": {"typeIdentifier": "t_contract$_D_$227", "typeString": "contract D"}}, "src": "161:15:4", "typeDescriptions": {"typeIdentifier": "t_contract$_D_$227", "typeString": "contract D"}}, "id": 428, "nodeType": "ExpressionStatement", "src": "161:15:4"}, {"expression": {"argumentTypes": null, "id": 436, "isConstant": false, "isLValue": false, "isPure": false, "lValueRequested": false, "leftHandSide": {"argumentTypes": null, "id": 429, "name": "e", "nodeType": "Identifier", "overloadedDeclarations": [], "referencedDeclaration": 409, "src": "182:1:4", "typeDescriptions": {"typeIdentifier": "t_contract$_E_$398", "typeString": "contract E"}}, "nodeType": "Assignment", "operator": "=", "rightHandSide": {"argumentTypes": null, "arguments": [{"argumentTypes": null, "commonType": {"typeIdentifier": "t_uint256", "typeString": "uint256"}, "id": 434, "isConstant": false, "isLValue": false, "isPure": false, "lValueRequested": false, "leftExpression": {"argumentTypes": null, "id": 432, "name": "yval", "nodeType": "Identifier", "overloadedDeclarations": [], "referencedDeclaration": 411, "src": "192:4:4", "typeDescriptions": {"typeIdentifier": "t_uint256", "typeString": "uint256"}}, "nodeType": "BinaryOperation", "operator": "+", "rightExpression": {"argumentTypes": null, "hexValue": "31", "id": 433, "isConstant": false, "isLValue": false, "isPure": true, "kind": "number", "lValueRequested": false, "nodeType": "Literal", "src": "197:1:4", "subdenomination": null, "typeDescriptions": {"typeIdentifier": "t_rational_1_by_1", "typeString": "int_const 1"}, "value": "1"}, "src": "192:6:4", "typeDescriptions": {"typeIdentifier": "t_uint256", "typeString": "uint256"}}], "expression": {"argumentTypes": [{"typeIdentifier": "t_uint256", "typeString": "uint256"}], "id": 431, "isConstant": false, "isLValue": false, "isPure": false, "lValueRequested": false, "nodeType": "NewExpression", "src": "186:5:4", "typeDescriptions": {"typeIdentifier": "t_function_creation_nonpayable$_t_uint256_$returns$_t_contract$_E_$398_$", "typeString": "function (uint256) returns (contract E)"}, "typeName": {"contractScope": null, "id": 430, "name": "E", "nodeType": "UserDefinedTypeName", "referencedDeclaration": 398, "src": "190:1:4", "typeDescriptions": {"typeIdentifier": "t_contract$_E_$398", "typeString": "contract E"}}}, "id": 435, "isConstant": false, "isLValue": false, "isPure": false, "kind": "functionCall", "lValueRequested": false, "names": [], "nodeType": "FunctionCall", "src": "186:13:4", "typeDescriptions": {"typeIdentifier": "t_contract$_E_$398", "typeString": "contract E"}}, "src": "182:17:4", "typeDescriptions": {"typeIdentifier": "t_contract$_E_$398", "typeString": "contract E"}}, "id": 437, "nodeType": "ExpressionStatement", "src": "182:17:4"}]}, "documentation": null, "id": 439, "implemented": true, "kind": "constructor", "modifiers": [], "name": "", "nodeType": "FunctionDefinition", "parameters": {"id": 412, "nodeType": "ParameterList", "parameters": [{"constant": false, "id": 411, "name": "yval", "nodeType": "VariableDeclaration", "scope": 439, "src": "109:12:4", "stateVariable": false, "storageLocation": "default", "typeDescriptions": {"typeIdentifier": "t_uint256", "typeString": "uint256"}, "typeName": {"id": 410, "name": "uint256", "nodeType": "ElementaryTypeName", "src": "109:7:4", "typeDescriptions": {"typeIdentifier": "t_uint256", "typeString": "uint256"}}, "value": null, "visibility": "internal"}], "src": "108:14:4"}, "returnParameters": {"id": 413, "nodeType": "ParameterList", "parameters": [], "src": "130:0:4"}, "scope": 474, "src": "97:107:4", "stateMutability": "nonpayable", "superFunction": null, "visibility": "public"}, {"body": {"id": 456, "nodeType": "Block", "src": "253:38:4", "statements": [{"expression": {"argumentTypes": null, "commonType": {"typeIdentifier": "t_uint256", "typeString": "uint256"}, "id": 454, "isConstant": false, "isLValue": false, "isPure": false, "lValueRequested": false, "leftExpression": {"argumentTypes": null, "commonType": {"typeIdentifier": "t_uint256", "typeString": "uint256"}, "id": 450, "isConstant": false, "isLValue": false, "isPure": false, "lValueRequested": false, "leftExpression": {"argumentTypes": null, "commonType": {"typeIdentifier": "t_uint256", "typeString": "uint256"}, "id": 446, "isConstant": false, "isLValue": false, "isPure": false, "lValueRequested": false, "leftExpression": {"argumentTypes": null, "id": 444, "name": "x", "nodeType": "Identifier", "overloadedDeclarations": [], "referencedDeclaration": 403, "src": "266:1:4", "typeDescriptions": {"typeIdentifier": "t_uint256", "typeString": "uint256"}}, "nodeType": "BinaryOperation", "operator": "+", "rightExpression": {"argumentTypes": null, "id": 445, "name": "y", "nodeType": "Identifier", "overloadedDeclarations": [], "referencedDeclaration": 405, "src": "268:1:4", "typeDescriptions": {"typeIdentifier": "t_uint256", "typeString": "uint256"}}, "src": "266:3:4", "typeDescriptions": {"typeIdentifier": "t_uint256", "typeString": "uint256"}}, "nodeType": "BinaryOperation", "operator": "+", "rightExpression": {"argumentTypes": null, "arguments": [], "expression": {"argumentTypes": [], "expression": {"argumentTypes": null, "id": 447, "name": "d", "nodeType": "Identifier", "overloadedDeclarations": [], "referencedDeclaration": 407, "src": "270:1:4", "typeDescriptions": {"typeIdentifier": "t_contract$_D_$227", "typeString": "contract D"}}, "id": 448, "isConstant": false, "isLValue": false, "isPure": false, "lValueRequested": false, "memberName": "diff", "nodeType": "MemberAccess", "referencedDeclaration": 226, "src": "270:6:4", "typeDescriptions": {"typeIdentifier": "t_function_external_view$__$returns$_t_uint256_$", "typeString": "function () view external returns (uint256)"}}, "id": 449, "isConstant": false, "isLValue": false, "isPure": false, "kind": "functionCall", "lValueRequested": false, "names": [], "nodeType": "FunctionCall", "src": "270:8:4", "typeDescriptions": {"typeIdentifier": "t_uint256", "typeString": "uint256"}}, "src": "266:12:4", "typeDescriptions": {"typeIdentifier": "t_uint256", "typeString": "uint256"}}, "nodeType": "BinaryOperation", "operator": "+", "rightExpression": {"argumentTypes": null, "arguments": [], "expression": {"argumentTypes": [], "expression": {"argumentTypes": null, "id": 451, "name": "e", "nodeType": "Identifier", "overloadedDeclarations": [], "referencedDeclaration": 409, "src": "279:1:4", "typeDescriptions": {"typeIdentifier": "t_contract$_E_$398", "typeString": "contract E"}}, "id": 452, "isConstant": false, "isLValue": false, "isPure": false, "lValueRequested": false, "memberName": "sum", "nodeType": "MemberAccess", "referencedDeclaration": 387, "src": "279:5:4", "typeDescriptions": {"typeIdentifier": "t_function_external_view$__$returns$_t_uint256_$", "typeString": "function () view external returns (uint256)"}}, "id": 453, "isConstant": false, "isLValue": false, "isPure": false, "kind": "functionCall", "lValueRequested": false, "names": [], "nodeType": "FunctionCall", "src": "279:7:4", "typeDescriptions": {"typeIdentifier": "t_uint256", "typeString": "uint256"}}, "src": "266:20:4", "typeDescriptions": {"typeIdentifier": "t_uint256", "typeString": "uint256"}}, "functionReturnParameters": 443, "id": 455, "nodeType": "Return", "src": "259:27:4"}]}, "documentation": null, "id": 457, "implemented": true, "kind": "function", "modifiers": [], "name": "sum", "nodeType": "FunctionDefinition", "parameters": {"id": 440, "nodeType": "ParameterList", "parameters": [], "src": "220:2:4"}, "returnParameters": {"id": 443, "nodeType": "ParameterList", "parameters": [{"constant": false, "id": 442, "name": "", "nodeType": "VariableDeclaration", "scope": 457, "src": "244:7:4", "stateVariable": false, "storageLocation": "default", "typeDescriptions": {"typeIdentifier": "t_uint256", "typeString": "uint256"}, "typeName": {"id": 441, "name": "uint256", "nodeType": "ElementaryTypeName", "src": "244:7:4", "typeDescriptions": {"typeIdentifier": "t_uint256", "typeString": "uint256"}}, "value": null, "visibility": "internal"}], "src": "243:9:4"}, "scope": 474, "src": "208:83:4", "stateMutability": "view", "superFunction": null, "visibility": "public"}, {"body": {"id": 472, "nodeType": "Block", "src": "330:34:4", "statements": [{"expression": {"argumentTypes": null, "id": 464, "isConstant": false, "isLValue": false, "isPure": false, "lValueRequested": false, "leftHandSide": {"argumentTypes": null, "id": 462, "name": "x", "nodeType": "Identifier", "overloadedDeclarations": [], "referencedDeclaration": 403, "src": "336:1:4", "typeDescriptions": {"typeIdentifier": "t_uint256", "typeString": "uint256"}}, "nodeType": "Assignment", "operator": "=", "rightHandSide": {"argumentTypes": null, "id": 463, "name": "xval", "nodeType": "Identifier", "overloadedDeclarations": [], "referencedDeclaration": 459, "src": "340:4:4", "typeDescriptions": {"typeIdentifier": "t_uint256", "typeString": "uint256"}}, "src": "336:8:4", "typeDescriptions": {"typeIdentifier": "t_uint256", "typeString": "uint256"}}, "id": 465, "nodeType": "ExpressionStatement", "src": "336:8:4"}, {"expression": {"argumentTypes": null, "arguments": [{"argumentTypes": null, "id": 469, "name": "y", "nodeType": "Identifier", "overloadedDeclarations": [], "referencedDeclaration": 405, "src": "357:1:4", "typeDescriptions": {"typeIdentifier": "t_uint256", "typeString": "uint256"}}], "expression": {"argumentTypes": [{"typeIdentifier": "t_uint256", "typeString": "uint256"}], "expression": {"argumentTypes": null, "id": 466, "name": "e", "nodeType": "Identifier", "overloadedDeclarations": [], "referencedDeclaration": 409, "src": "350:1:4", "typeDescriptions": {"typeIdentifier": "t_contract$_E_$398", "typeString": "contract E"}}, "id": 468, "isConstant": false, "isLValue": false, "isPure": false, "lValueRequested": false, "memberName": "setX", "nodeType": "MemberAccess", "referencedDeclaration": 397, "src": "350:6:4", "typeDescriptions": {"typeIdentifier": "t_function_external_nonpayable$_t_uint256_$returns$__$", "typeString": "function (uint256) external"}}, "id": 470, "isConstant": false, "isLValue": false, "isPure": false, "kind": "functionCall", "lValueRequested": false, "names": [], "nodeType": "FunctionCall", "src": "350:9:4", "typeDescriptions": {"typeIdentifier": "t_tuple$__$", "typeString": "tuple()"}}, "id": 471, "nodeType": "ExpressionStatement", "src": "350:9:4"}]}, "documentation": null, "id": 473, "implemented": true, "kind": "function", "modifiers": [], "name": "setX", "nodeType": "FunctionDefinition", "parameters": {"id": 460, "nodeType": "ParameterList", "parameters": [{"constant": false, "id": 459, "name": "xval", "nodeType": "VariableDeclaration", "scope": 473, "src": "309:12:4", "stateVariable": false, "storageLocation": "default", "typeDescriptions": {"typeIdentifier": "t_uint256", "typeString": "uint256"}, "typeName": {"id": 458, "name": "uint256", "nodeType": "ElementaryTypeName", "src": "309:7:4", "typeDescriptions": {"typeIdentifier": "t_uint256", "typeString": "uint256"}}, "value": null, "visibility": "internal"}], "src": "308:14:4"}, "returnParameters": {"id": 461, "nodeType": "ParameterList", "parameters": [], "src": "330:0:4"}, "scope": 474, "src": "295:69:4", "stateMutability": "nonpayable", "superFunction": null, "visibility": "public"}], "scope": 475, "src": "41:325:4"}], "src": "0:367:4"}, "userdoc": {"methods": {}, "notice": null}, "devdoc": {"methods": {}, "author": null, "details": null, "title": null}}