{"contractName": "K", "abi": [{"constant": false, "inputs": [{"name": "xval", "type": "uint256"}], "name": "setX", "outputs": [], "payable": false, "stateMutability": "nonpayable", "type": "function"}, {"constant": true, "inputs": [], "name": "sum", "outputs": [{"name": "", "type": "uint256"}], "payable": false, "stateMutability": "view", "type": "function"}, {"inputs": [{"name": "yval", "type": "uint256"}], "payable": false, "stateMutability": "nonpayable", "type": "constructor"}], "bytecode": "0x608060405234801561001057600080fd5b50604051602080610e4c8339810180604052602081101561003057600080fd5b81019080805190602001909291905050506000808190555080600181905550600560405161005d906100ca565b80828152602001915050604051809103906000f080158015610083573d6000803e3d6000fd5b50600260006101000a81548173ffffffffffffffffffffffffffffffffffffffff021916908373ffffffffffffffffffffffffffffffffffffffff160217905550506100d7565b610b6f806102dd83390190565b6101f7806100e66000396000f3fe608060405234801561001057600080fd5b50600436106100365760003560e01c80634018d9aa1461003b578063853255cc14610069575b600080fd5b6100676004803603602081101561005157600080fd5b8101908080359060200190929190505050610087565b005b610071610121565b6040518082815260200191505060405180910390f35b80600081905550600260009054906101000a900473ffffffffffffffffffffffffffffffffffffffff1673ffffffffffffffffffffffffffffffffffffffff16634018d9aa600183016040518263ffffffff1660e01b815260040180828152602001915050600060405180830381600087803b15801561010657600080fd5b505af115801561011a573d6000803e3d6000fd5b5050505050565b6000600260009054906101000a900473ffffffffffffffffffffffffffffffffffffffff1673ffffffffffffffffffffffffffffffffffffffff1663853255cc6040518163ffffffff1660e01b815260040160206040518083038186803b15801561018b57600080fd5b505afa15801561019f573d6000803e3d6000fd5b505050506040513d60208110156101b557600080fd5b810190808051906020019092919050505090509056fe608060405234801561001057600080fd5b50604051602080610b6f8339810180604052602081101561003057600080fd5b810190808051906020019092919050505060008081905550806001819055508060405161005c90610140565b80828152602001915050604051809103906000f080158015610082573d6000803e3d6000fd5b50600260006101000a81548173ffffffffffffffffffffffffffffffffffffffff021916908373ffffffffffffffffffffffffffffffffffffffff160217905550600181016040516100d39061014d565b80828152602001915050604051809103906000f0801580156100f9573d6000803e3d6000fd5b50600360006101000a81548173ffffffffffffffffffffffffffffffffffffffff021916908373ffffffffffffffffffffffffffffffffffffffff1602179055505061015a565b6102888061040b83390190565b6104dc8061069383390190565b6102a2806101696000396000f3fe608060405234801561001057600080fd5b50600436106100365760003560e01c80634018d9aa1461003b578063853255cc14610069575b600080fd5b6100676004803603602081101561005157600080fd5b8101908080359060200190929190505050610087565b005b610071610120565b6040518082815260200191505060405180910390f35b80600081905550600360009054906101000a900473ffffffffffffffffffffffffffffffffffffffff1673ffffffffffffffffffffffffffffffffffffffff16634018d9aa6001546040518263ffffffff1660e01b815260040180828152602001915050600060405180830381600087803b15801561010557600080fd5b505af1158015610119573d6000803e3d6000fd5b5050505050565b6000600360009054906101000a900473ffffffffffffffffffffffffffffffffffffffff1673ffffffffffffffffffffffffffffffffffffffff1663853255cc6040518163ffffffff1660e01b815260040160206040518083038186803b15801561018a57600080fd5b505afa15801561019e573d6000803e3d6000fd5b505050506040513d60208110156101b457600080fd5b8101908080519060200190929190505050600260009054906101000a900473ffffffffffffffffffffffffffffffffffffffff1673ffffffffffffffffffffffffffffffffffffffff1663a0d7afb76040518163ffffffff1660e01b815260040160206040518083038186803b15801561022d57600080fd5b505afa158015610241573d6000803e3d6000fd5b505050506040513d602081101561025757600080fd5b810190808051906020019092919050505060015460005401010190509056fea165627a7a723058201b7b8e75cd9da2a178e667a01164717174711c9d6e201e14e3e4ae06054f28fb0029608060405234801561001057600080fd5b506040516020806102888339810180604052602081101561003057600080fd5b81019080805190602001909291905050506000808190555080600181905550600560405161005d906100ca565b80828152602001915050604051809103906000f080158015610083573d6000803e3d6000fd5b50600260006101000a81548173ffffffffffffffffffffffffffffffffffffffff021916908373ffffffffffffffffffffffffffffffffffffffff160217905550506100d7565b6101208061016883390190565b6083806100e56000396000f3fe6080604052348015600f57600080fd5b506004361060285760003560e01c8063a0d7afb714602d575b600080fd5b60336049565b6040518082815260200191505060405180910390f35b60006001546000540390509056fea165627a7a723058205293c815104c3b1b1f414bd5cb22f2589503885e136303c3db22f0f3c5985c730029608060405234801561001057600080fd5b506040516020806101208339810180604052602081101561003057600080fd5b810190808051906020019092919050505060008081905550806001819055505060c28061005e6000396000f3fe6080604052348015600f57600080fd5b506004361060325760003560e01c80634018d9aa146037578063853255cc146062575b600080fd5b606060048036036020811015604b57600080fd5b8101908080359060200190929190505050607e565b005b60686088565b6040518082815260200191505060405180910390f35b8060008190555050565b60006001546000540190509056fea165627a7a72305820ca30592a9e9f5c97a3ff34d1f7e96d9a8b3c42640780d9c596a734d5d88262bf0029608060405234801561001057600080fd5b506040516020806104dc8339810180604052602081101561003057600080fd5b810190808051906020019092919050505060008081905550806001819055508060405161005c906100c9565b80828152602001915050604051809103906000f080158015610082573d6000803e3d6000fd5b50600260006101000a81548173ffffffffffffffffffffffffffffffffffffffff021916908373ffffffffffffffffffffffffffffffffffffffff160217905550506100d6565b6102888061025483390190565b61016f806100e56000396000f3fe608060405234801561001057600080fd5b50600436106100365760003560e01c80634018d9aa1461003b578063853255cc14610069575b600080fd5b6100676004803603602081101561005157600080fd5b8101908080359060200190929190505050610087565b005b610071610091565b6040518082815260200191505060405180910390f35b8060008190555050565b6000600260009054906101000a900473ffffffffffffffffffffffffffffffffffffffff1673ffffffffffffffffffffffffffffffffffffffff1663a0d7afb76040518163ffffffff1660e01b815260040160206040518083038186803b1580156100fb57600080fd5b505afa15801561010f573d6000803e3d6000fd5b505050506040513d602081101561012557600080fd5b8101908080519060200190929190505050600154600054010190509056fea165627a7a723058206bdc11d417aeff0c4da7642e2036c5e5c68c62d525fc7e9ed79c779d84fb2b500029608060405234801561001057600080fd5b506040516020806102888339810180604052602081101561003057600080fd5b81019080805190602001909291905050506000808190555080600181905550600560405161005d906100ca565b80828152602001915050604051809103906000f080158015610083573d6000803e3d6000fd5b50600260006101000a81548173ffffffffffffffffffffffffffffffffffffffff021916908373ffffffffffffffffffffffffffffffffffffffff160217905550506100d7565b6101208061016883390190565b6083806100e56000396000f3fe6080604052348015600f57600080fd5b506004361060285760003560e01c8063a0d7afb714602d575b600080fd5b60336049565b6040518082815260200191505060405180910390f35b60006001546000540390509056fea165627a7a723058205293c815104c3b1b1f414bd5cb22f2589503885e136303c3db22f0f3c5985c730029608060405234801561001057600080fd5b506040516020806101208339810180604052602081101561003057600080fd5b810190808051906020019092919050505060008081905550806001819055505060c28061005e6000396000f3fe6080604052348015600f57600080fd5b506004361060325760003560e01c80634018d9aa146037578063853255cc146062575b600080fd5b606060048036036020811015604b57600080fd5b8101908080359060200190929190505050607e565b005b60686088565b6040518082815260200191505060405180910390f35b8060008190555050565b60006001546000540190509056fea165627a7a72305820ca30592a9e9f5c97a3ff34d1f7e96d9a8b3c42640780d9c596a734d5d88262bf0029", "deployedBytecode": "0x608060405234801561001057600080fd5b50600436106100365760003560e01c80634018d9aa1461003b578063853255cc14610069575b600080fd5b6100676004803603602081101561005157600080fd5b8101908080359060200190929190505050610087565b005b610071610121565b6040518082815260200191505060405180910390f35b80600081905550600260009054906101000a900473ffffffffffffffffffffffffffffffffffffffff1673ffffffffffffffffffffffffffffffffffffffff16634018d9aa600183016040518263ffffffff1660e01b815260040180828152602001915050600060405180830381600087803b15801561010657600080fd5b505af115801561011a573d6000803e3d6000fd5b5050505050565b6000600260009054906101000a900473ffffffffffffffffffffffffffffffffffffffff1673ffffffffffffffffffffffffffffffffffffffff1663853255cc6040518163ffffffff1660e01b815260040160206040518083038186803b15801561018b57600080fd5b505afa15801561019f573d6000803e3d6000fd5b505050506040513d60208110156101b557600080fd5b810190808051906020019092919050505090509056fe", "ast": {"absolutePath": "I/K.sol", "exportedSymbols": {"K": [343]}, "id": 344, "nodeType": "SourceUnit", "nodes": [{"absolutePath": "I/I.sol", "file": "./I.sol", "id": 287, "nodeType": "ImportDirective", "scope": 344, "sourceUnit": 475, "src": "0:17:5", "symbolAliases": [], "unitAlias": ""}, {"baseContracts": [], "contractDependencies": [474], "contractKind": "contract", "documentation": null, "fullyImplemented": true, "id": 343, "linearizedBaseContracts": [343], "name": "K", "nodeType": "ContractDefinition", "nodes": [{"constant": false, "id": 289, "name": "x", "nodeType": "VariableDeclaration", "scope": 343, "src": "34:9:5", "stateVariable": true, "storageLocation": "default", "typeDescriptions": {"typeIdentifier": "t_uint256", "typeString": "uint256"}, "typeName": {"id": 288, "name": "uint256", "nodeType": "ElementaryTypeName", "src": "34:7:5", "typeDescriptions": {"typeIdentifier": "t_uint256", "typeString": "uint256"}}, "value": null, "visibility": "internal"}, {"constant": false, "id": 291, "name": "y", "nodeType": "VariableDeclaration", "scope": 343, "src": "47:9:5", "stateVariable": true, "storageLocation": "default", "typeDescriptions": {"typeIdentifier": "t_uint256", "typeString": "uint256"}, "typeName": {"id": 290, "name": "uint256", "nodeType": "ElementaryTypeName", "src": "47:7:5", "typeDescriptions": {"typeIdentifier": "t_uint256", "typeString": "uint256"}}, "value": null, "visibility": "internal"}, {"constant": false, "id": 293, "name": "i", "nodeType": "VariableDeclaration", "scope": 343, "src": "60:3:5", "stateVariable": true, "storageLocation": "default", "typeDescriptions": {"typeIdentifier": "t_contract$_I_$474", "typeString": "contract I"}, "typeName": {"contractScope": null, "id": 292, "name": "I", "nodeType": "UserDefinedTypeName", "referencedDeclaration": 474, "src": "60:1:5", "typeDescriptions": {"typeIdentifier": "t_contract$_I_$474", "typeString": "contract I"}}, "value": null, "visibility": "internal"}, {"body": {"id": 313, "nodeType": "Block", "src": "101:48:5", "statements": [{"expression": {"argumentTypes": null, "id": 300, "isConstant": false, "isLValue": false, "isPure": false, "lValueRequested": false, "leftHandSide": {"argumentTypes": null, "id": 298, "name": "x", "nodeType": "Identifier", "overloadedDeclarations": [], "referencedDeclaration": 289, "src": "107:1:5", "typeDescriptions": {"typeIdentifier": "t_uint256", "typeString": "uint256"}}, "nodeType": "Assignment", "operator": "=", "rightHandSide": {"argumentTypes": null, "hexValue": "30", "id": 299, "isConstant": false, "isLValue": false, "isPure": true, "kind": "number", "lValueRequested": false, "nodeType": "Literal", "src": "111:1:5", "subdenomination": null, "typeDescriptions": {"typeIdentifier": "t_rational_0_by_1", "typeString": "int_const 0"}, "value": "0"}, "src": "107:5:5", "typeDescriptions": {"typeIdentifier": "t_uint256", "typeString": "uint256"}}, "id": 301, "nodeType": "ExpressionStatement", "src": "107:5:5"}, {"expression": {"argumentTypes": null, "id": 304, "isConstant": false, "isLValue": false, "isPure": false, "lValueRequested": false, "leftHandSide": {"argumentTypes": null, "id": 302, "name": "y", "nodeType": "Identifier", "overloadedDeclarations": [], "referencedDeclaration": 291, "src": "118:1:5", "typeDescriptions": {"typeIdentifier": "t_uint256", "typeString": "uint256"}}, "nodeType": "Assignment", "operator": "=", "rightHandSide": {"argumentTypes": null, "id": 303, "name": "yval", "nodeType": "Identifier", "overloadedDeclarations": [], "referencedDeclaration": 295, "src": "122:4:5", "typeDescriptions": {"typeIdentifier": "t_uint256", "typeString": "uint256"}}, "src": "118:8:5", "typeDescriptions": {"typeIdentifier": "t_uint256", "typeString": "uint256"}}, "id": 305, "nodeType": "ExpressionStatement", "src": "118:8:5"}, {"expression": {"argumentTypes": null, "id": 311, "isConstant": false, "isLValue": false, "isPure": false, "lValueRequested": false, "leftHandSide": {"argumentTypes": null, "id": 306, "name": "i", "nodeType": "Identifier", "overloadedDeclarations": [], "referencedDeclaration": 293, "src": "132:1:5", "typeDescriptions": {"typeIdentifier": "t_contract$_I_$474", "typeString": "contract I"}}, "nodeType": "Assignment", "operator": "=", "rightHandSide": {"argumentTypes": null, "arguments": [{"argumentTypes": null, "hexValue": "35", "id": 309, "isConstant": false, "isLValue": false, "isPure": true, "kind": "number", "lValueRequested": false, "nodeType": "Literal", "src": "142:1:5", "subdenomination": null, "typeDescriptions": {"typeIdentifier": "t_rational_5_by_1", "typeString": "int_const 5"}, "value": "5"}], "expression": {"argumentTypes": [{"typeIdentifier": "t_rational_5_by_1", "typeString": "int_const 5"}], "id": 308, "isConstant": false, "isLValue": false, "isPure": false, "lValueRequested": false, "nodeType": "NewExpression", "src": "136:5:5", "typeDescriptions": {"typeIdentifier": "t_function_creation_nonpayable$_t_uint256_$returns$_t_contract$_I_$474_$", "typeString": "function (uint256) returns (contract I)"}, "typeName": {"contractScope": null, "id": 307, "name": "I", "nodeType": "UserDefinedTypeName", "referencedDeclaration": 474, "src": "140:1:5", "typeDescriptions": {"typeIdentifier": "t_contract$_I_$474", "typeString": "contract I"}}}, "id": 310, "isConstant": false, "isLValue": false, "isPure": false, "kind": "functionCall", "lValueRequested": false, "names": [], "nodeType": "FunctionCall", "src": "136:8:5", "typeDescriptions": {"typeIdentifier": "t_contract$_I_$474", "typeString": "contract I"}}, "src": "132:12:5", "typeDescriptions": {"typeIdentifier": "t_contract$_I_$474", "typeString": "contract I"}}, "id": 312, "nodeType": "ExpressionStatement", "src": "132:12:5"}]}, "documentation": null, "id": 314, "implemented": true, "kind": "constructor", "modifiers": [], "name": "", "nodeType": "FunctionDefinition", "parameters": {"id": 296, "nodeType": "ParameterList", "parameters": [{"constant": false, "id": 295, "name": "yval", "nodeType": "VariableDeclaration", "scope": 314, "src": "80:12:5", "stateVariable": false, "storageLocation": "default", "typeDescriptions": {"typeIdentifier": "t_uint256", "typeString": "uint256"}, "typeName": {"id": 294, "name": "uint256", "nodeType": "ElementaryTypeName", "src": "80:7:5", "typeDescriptions": {"typeIdentifier": "t_uint256", "typeString": "uint256"}}, "value": null, "visibility": "internal"}], "src": "79:14:5"}, "returnParameters": {"id": 297, "nodeType": "ParameterList", "parameters": [], "src": "101:0:5"}, "scope": 343, "src": "68:81:5", "stateMutability": "nonpayable", "superFunction": null, "visibility": "public"}, {"body": {"id": 323, "nodeType": "Block", "src": "198:25:5", "statements": [{"expression": {"argumentTypes": null, "arguments": [], "expression": {"argumentTypes": [], "expression": {"argumentTypes": null, "id": 319, "name": "i", "nodeType": "Identifier", "overloadedDeclarations": [], "referencedDeclaration": 293, "src": "211:1:5", "typeDescriptions": {"typeIdentifier": "t_contract$_I_$474", "typeString": "contract I"}}, "id": 320, "isConstant": false, "isLValue": false, "isPure": false, "lValueRequested": false, "memberName": "sum", "nodeType": "MemberAccess", "referencedDeclaration": 457, "src": "211:5:5", "typeDescriptions": {"typeIdentifier": "t_function_external_view$__$returns$_t_uint256_$", "typeString": "function () view external returns (uint256)"}}, "id": 321, "isConstant": false, "isLValue": false, "isPure": false, "kind": "functionCall", "lValueRequested": false, "names": [], "nodeType": "FunctionCall", "src": "211:7:5", "typeDescriptions": {"typeIdentifier": "t_uint256", "typeString": "uint256"}}, "functionReturnParameters": 318, "id": 322, "nodeType": "Return", "src": "204:14:5"}]}, "documentation": null, "id": 324, "implemented": true, "kind": "function", "modifiers": [], "name": "sum", "nodeType": "FunctionDefinition", "parameters": {"id": 315, "nodeType": "ParameterList", "parameters": [], "src": "165:2:5"}, "returnParameters": {"id": 318, "nodeType": "ParameterList", "parameters": [{"constant": false, "id": 317, "name": "", "nodeType": "VariableDeclaration", "scope": 324, "src": "189:7:5", "stateVariable": false, "storageLocation": "default", "typeDescriptions": {"typeIdentifier": "t_uint256", "typeString": "uint256"}, "typeName": {"id": 316, "name": "uint256", "nodeType": "ElementaryTypeName", "src": "189:7:5", "typeDescriptions": {"typeIdentifier": "t_uint256", "typeString": "uint256"}}, "value": null, "visibility": "internal"}], "src": "188:9:5"}, "scope": 343, "src": "153:70:5", "stateMutability": "view", "superFunction": null, "visibility": "public"}, {"body": {"id": 341, "nodeType": "Block", "src": "262:39:5", "statements": [{"expression": {"argumentTypes": null, "id": 331, "isConstant": false, "isLValue": false, "isPure": false, "lValueRequested": false, "leftHandSide": {"argumentTypes": null, "id": 329, "name": "x", "nodeType": "Identifier", "overloadedDeclarations": [], "referencedDeclaration": 289, "src": "268:1:5", "typeDescriptions": {"typeIdentifier": "t_uint256", "typeString": "uint256"}}, "nodeType": "Assignment", "operator": "=", "rightHandSide": {"argumentTypes": null, "id": 330, "name": "xval", "nodeType": "Identifier", "overloadedDeclarations": [], "referencedDeclaration": 326, "src": "272:4:5", "typeDescriptions": {"typeIdentifier": "t_uint256", "typeString": "uint256"}}, "src": "268:8:5", "typeDescriptions": {"typeIdentifier": "t_uint256", "typeString": "uint256"}}, "id": 332, "nodeType": "ExpressionStatement", "src": "268:8:5"}, {"expression": {"argumentTypes": null, "arguments": [{"argumentTypes": null, "commonType": {"typeIdentifier": "t_uint256", "typeString": "uint256"}, "id": 338, "isConstant": false, "isLValue": false, "isPure": false, "lValueRequested": false, "leftExpression": {"argumentTypes": null, "id": 336, "name": "xval", "nodeType": "Identifier", "overloadedDeclarations": [], "referencedDeclaration": 326, "src": "289:4:5", "typeDescriptions": {"typeIdentifier": "t_uint256", "typeString": "uint256"}}, "nodeType": "BinaryOperation", "operator": "+", "rightExpression": {"argumentTypes": null, "hexValue": "31", "id": 337, "isConstant": false, "isLValue": false, "isPure": true, "kind": "number", "lValueRequested": false, "nodeType": "Literal", "src": "294:1:5", "subdenomination": null, "typeDescriptions": {"typeIdentifier": "t_rational_1_by_1", "typeString": "int_const 1"}, "value": "1"}, "src": "289:6:5", "typeDescriptions": {"typeIdentifier": "t_uint256", "typeString": "uint256"}}], "expression": {"argumentTypes": [{"typeIdentifier": "t_uint256", "typeString": "uint256"}], "expression": {"argumentTypes": null, "id": 333, "name": "i", "nodeType": "Identifier", "overloadedDeclarations": [], "referencedDeclaration": 293, "src": "282:1:5", "typeDescriptions": {"typeIdentifier": "t_contract$_I_$474", "typeString": "contract I"}}, "id": 335, "isConstant": false, "isLValue": false, "isPure": false, "lValueRequested": false, "memberName": "setX", "nodeType": "MemberAccess", "referencedDeclaration": 473, "src": "282:6:5", "typeDescriptions": {"typeIdentifier": "t_function_external_nonpayable$_t_uint256_$returns$__$", "typeString": "function (uint256) external"}}, "id": 339, "isConstant": false, "isLValue": false, "isPure": false, "kind": "functionCall", "lValueRequested": false, "names": [], "nodeType": "FunctionCall", "src": "282:14:5", "typeDescriptions": {"typeIdentifier": "t_tuple$__$", "typeString": "tuple()"}}, "id": 340, "nodeType": "ExpressionStatement", "src": "282:14:5"}]}, "documentation": null, "id": 342, "implemented": true, "kind": "function", "modifiers": [], "name": "setX", "nodeType": "FunctionDefinition", "parameters": {"id": 327, "nodeType": "ParameterList", "parameters": [{"constant": false, "id": 326, "name": "xval", "nodeType": "VariableDeclaration", "scope": 342, "src": "241:12:5", "stateVariable": false, "storageLocation": "default", "typeDescriptions": {"typeIdentifier": "t_uint256", "typeString": "uint256"}, "typeName": {"id": 325, "name": "uint256", "nodeType": "ElementaryTypeName", "src": "241:7:5", "typeDescriptions": {"typeIdentifier": "t_uint256", "typeString": "uint256"}}, "value": null, "visibility": "internal"}], "src": "240:14:5"}, "returnParameters": {"id": 328, "nodeType": "ParameterList", "parameters": [], "src": "262:0:5"}, "scope": 343, "src": "227:74:5", "stateMutability": "nonpayable", "superFunction": null, "visibility": "public"}], "scope": 344, "src": "19:284:5"}], "src": "0:304:5"}, "userdoc": {"methods": {}, "notice": null}, "devdoc": {"methods": {}, "author": null, "details": null, "title": null}}