["A.sol","C.sol","E.sol","G.sol","I.sol","K.sol","X.sol","Z.sol"]