{"contractName": "D", "abi": [{"inputs": [{"internalType": "uint256", "name": "yval", "type": "uint256"}], "stateMutability": "nonpayable", "type": "constructor"}, {"inputs": [], "name": "diff", "outputs": [{"internalType": "uint256", "name": "", "type": "uint256"}], "stateMutability": "view", "type": "function"}], "bytecode": "0x608060405234801561001057600080fd5b506040516102a23803806102a28339818101604052602081101561003357600080fd5b810190808051906020019092919050505060008081905550806001819055506005604051610060906100cd565b80828152602001915050604051809103906000f080158015610086573d6000803e3d6000fd5b50600260006101000a81548173ffffffffffffffffffffffffffffffffffffffff021916908373ffffffffffffffffffffffffffffffffffffffff160217905550506100da565b61012d8061017583390190565b608d806100e86000396000f3fe6080604052348015600f57600080fd5b506004361060285760003560e01c8063a0d7afb714602d575b600080fd5b60336049565b6040518082815260200191505060405180910390f35b60006001546000540390509056fe608060405234801561001057600080fd5b5060405161012d38038061012d8339818101604052602081101561003357600080fd5b810190808051906020019092919050505060008081905550806001819055505060cc806100616000396000f3fe6080604052348015600f57600080fd5b506004361060325760003560e01c80634018d9aa146037578063853255cc146062575b600080fd5b606060048036036020811015604b57600080fd5b8101908080359060200190929190505050607e565b005b60686088565b6040518082815260200191505060405180910390f35b8060008190555050565b60006001546000540190509056fea2646970667358221220fa023934f603bf6bcaae6a6ab06db920cce4aca360c67548633e7f3514118cc964736f6c63430007030033", "deployedBytecode": "0x6080604052348015600f57600080fd5b506004361060285760003560e01c8063a0d7afb714602d575b600080fd5b60336049565b6040518082815260200191505060405180910390f35b60006001546000540390509056fe", "ast": {"absolutePath": "contracts/C.sol", "exportedSymbols": {"C": [191], "D": [229]}, "id": 230, "license": "Unlicense", "nodeType": "SourceUnit", "nodes": [{"id": 152, "literals": ["solidity", "^", "0.7", ".0"], "nodeType": "PragmaDirective", "src": "37:23:1"}, {"abstract": false, "baseContracts": [], "contractDependencies": [], "contractKind": "contract", "fullyImplemented": true, "id": 191, "linearizedBaseContracts": [191], "name": "C", "nodeType": "ContractDefinition", "nodes": [{"constant": false, "id": 154, "mutability": "mutable", "name": "x", "nodeType": "VariableDeclaration", "scope": 191, "src": "77:9:1", "stateVariable": true, "storageLocation": "default", "typeDescriptions": {"typeIdentifier": "t_uint256", "typeString": "uint256"}, "typeName": {"id": 153, "name": "uint256", "nodeType": "ElementaryTypeName", "src": "77:7:1", "typeDescriptions": {"typeIdentifier": "t_uint256", "typeString": "uint256"}}, "visibility": "internal"}, {"constant": false, "id": 156, "mutability": "mutable", "name": "y", "nodeType": "VariableDeclaration", "scope": 191, "src": "90:9:1", "stateVariable": true, "storageLocation": "default", "typeDescriptions": {"typeIdentifier": "t_uint256", "typeString": "uint256"}, "typeName": {"id": 155, "name": "uint256", "nodeType": "ElementaryTypeName", "src": "90:7:1", "typeDescriptions": {"typeIdentifier": "t_uint256", "typeString": "uint256"}}, "visibility": "internal"}, {"body": {"id": 169, "nodeType": "Block", "src": "130:30:1", "statements": [{"expression": {"id": 163, "isConstant": false, "isLValue": false, "isPure": false, "lValueRequested": false, "leftHandSide": {"id": 161, "name": "x", "nodeType": "Identifier", "overloadedDeclarations": [], "referencedDeclaration": 154, "src": "136:1:1", "typeDescriptions": {"typeIdentifier": "t_uint256", "typeString": "uint256"}}, "nodeType": "Assignment", "operator": "=", "rightHandSide": {"hexValue": "30", "id": 162, "isConstant": false, "isLValue": false, "isPure": true, "kind": "number", "lValueRequested": false, "nodeType": "Literal", "src": "140:1:1", "typeDescriptions": {"typeIdentifier": "t_rational_0_by_1", "typeString": "int_const 0"}, "value": "0"}, "src": "136:5:1", "typeDescriptions": {"typeIdentifier": "t_uint256", "typeString": "uint256"}}, "id": 164, "nodeType": "ExpressionStatement", "src": "136:5:1"}, {"expression": {"id": 167, "isConstant": false, "isLValue": false, "isPure": false, "lValueRequested": false, "leftHandSide": {"id": 165, "name": "y", "nodeType": "Identifier", "overloadedDeclarations": [], "referencedDeclaration": 156, "src": "147:1:1", "typeDescriptions": {"typeIdentifier": "t_uint256", "typeString": "uint256"}}, "nodeType": "Assignment", "operator": "=", "rightHandSide": {"id": 166, "name": "yval", "nodeType": "Identifier", "overloadedDeclarations": [], "referencedDeclaration": 158, "src": "151:4:1", "typeDescriptions": {"typeIdentifier": "t_uint256", "typeString": "uint256"}}, "src": "147:8:1", "typeDescriptions": {"typeIdentifier": "t_uint256", "typeString": "uint256"}}, "id": 168, "nodeType": "ExpressionStatement", "src": "147:8:1"}]}, "id": 170, "implemented": true, "kind": "constructor", "modifiers": [], "name": "", "nodeType": "FunctionDefinition", "parameters": {"id": 159, "nodeType": "ParameterList", "parameters": [{"constant": false, "id": 158, "mutability": "mutable", "name": "yval", "nodeType": "VariableDeclaration", "scope": 170, "src": "116:12:1", "stateVariable": false, "storageLocation": "default", "typeDescriptions": {"typeIdentifier": "t_uint256", "typeString": "uint256"}, "typeName": {"id": 157, "name": "uint256", "nodeType": "ElementaryTypeName", "src": "116:7:1", "typeDescriptions": {"typeIdentifier": "t_uint256", "typeString": "uint256"}}, "visibility": "internal"}], "src": "115:14:1"}, "returnParameters": {"id": 160, "nodeType": "ParameterList", "parameters": [], "src": "130:0:1"}, "scope": 191, "src": "104:56:1", "stateMutability": "nonpayable", "virtual": false, "visibility": "public"}, {"body": {"id": 179, "nodeType": "Block", "src": "209:21:1", "statements": [{"expression": {"commonType": {"typeIdentifier": "t_uint256", "typeString": "uint256"}, "id": 177, "isConstant": false, "isLValue": false, "isPure": false, "lValueRequested": false, "leftExpression": {"id": 175, "name": "x", "nodeType": "Identifier", "overloadedDeclarations": [], "referencedDeclaration": 154, "src": "222:1:1", "typeDescriptions": {"typeIdentifier": "t_uint256", "typeString": "uint256"}}, "nodeType": "BinaryOperation", "operator": "+", "rightExpression": {"id": 176, "name": "y", "nodeType": "Identifier", "overloadedDeclarations": [], "referencedDeclaration": 156, "src": "224:1:1", "typeDescriptions": {"typeIdentifier": "t_uint256", "typeString": "uint256"}}, "src": "222:3:1", "typeDescriptions": {"typeIdentifier": "t_uint256", "typeString": "uint256"}}, "functionReturnParameters": 174, "id": 178, "nodeType": "Return", "src": "215:10:1"}]}, "functionSelector": "853255cc", "id": 180, "implemented": true, "kind": "function", "modifiers": [], "name": "sum", "nodeType": "FunctionDefinition", "parameters": {"id": 171, "nodeType": "ParameterList", "parameters": [], "src": "176:2:1"}, "returnParameters": {"id": 174, "nodeType": "ParameterList", "parameters": [{"constant": false, "id": 173, "mutability": "mutable", "name": "", "nodeType": "VariableDeclaration", "scope": 180, "src": "200:7:1", "stateVariable": false, "storageLocation": "default", "typeDescriptions": {"typeIdentifier": "t_uint256", "typeString": "uint256"}, "typeName": {"id": 172, "name": "uint256", "nodeType": "ElementaryTypeName", "src": "200:7:1", "typeDescriptions": {"typeIdentifier": "t_uint256", "typeString": "uint256"}}, "visibility": "internal"}], "src": "199:9:1"}, "scope": 191, "src": "164:66:1", "stateMutability": "view", "virtual": false, "visibility": "public"}, {"body": {"id": 189, "nodeType": "Block", "src": "269:19:1", "statements": [{"expression": {"id": 187, "isConstant": false, "isLValue": false, "isPure": false, "lValueRequested": false, "leftHandSide": {"id": 185, "name": "x", "nodeType": "Identifier", "overloadedDeclarations": [], "referencedDeclaration": 154, "src": "275:1:1", "typeDescriptions": {"typeIdentifier": "t_uint256", "typeString": "uint256"}}, "nodeType": "Assignment", "operator": "=", "rightHandSide": {"id": 186, "name": "xval", "nodeType": "Identifier", "overloadedDeclarations": [], "referencedDeclaration": 182, "src": "279:4:1", "typeDescriptions": {"typeIdentifier": "t_uint256", "typeString": "uint256"}}, "src": "275:8:1", "typeDescriptions": {"typeIdentifier": "t_uint256", "typeString": "uint256"}}, "id": 188, "nodeType": "ExpressionStatement", "src": "275:8:1"}]}, "functionSelector": "4018d9aa", "id": 190, "implemented": true, "kind": "function", "modifiers": [], "name": "setX", "nodeType": "FunctionDefinition", "parameters": {"id": 183, "nodeType": "ParameterList", "parameters": [{"constant": false, "id": 182, "mutability": "mutable", "name": "xval", "nodeType": "VariableDeclaration", "scope": 190, "src": "248:12:1", "stateVariable": false, "storageLocation": "default", "typeDescriptions": {"typeIdentifier": "t_uint256", "typeString": "uint256"}, "typeName": {"id": 181, "name": "uint256", "nodeType": "ElementaryTypeName", "src": "248:7:1", "typeDescriptions": {"typeIdentifier": "t_uint256", "typeString": "uint256"}}, "visibility": "internal"}], "src": "247:14:1"}, "returnParameters": {"id": 184, "nodeType": "ParameterList", "parameters": [], "src": "269:0:1"}, "scope": 191, "src": "234:54:1", "stateMutability": "nonpayable", "virtual": false, "visibility": "public"}], "scope": 230, "src": "62:228:1"}, {"abstract": false, "baseContracts": [], "contractDependencies": [191], "contractKind": "contract", "fullyImplemented": true, "id": 229, "linearizedBaseContracts": [229], "name": "D", "nodeType": "ContractDefinition", "nodes": [{"constant": false, "id": 193, "mutability": "mutable", "name": "x", "nodeType": "VariableDeclaration", "scope": 229, "src": "307:9:1", "stateVariable": true, "storageLocation": "default", "typeDescriptions": {"typeIdentifier": "t_uint256", "typeString": "uint256"}, "typeName": {"id": 192, "name": "uint256", "nodeType": "ElementaryTypeName", "src": "307:7:1", "typeDescriptions": {"typeIdentifier": "t_uint256", "typeString": "uint256"}}, "visibility": "internal"}, {"constant": false, "id": 195, "mutability": "mutable", "name": "y", "nodeType": "VariableDeclaration", "scope": 229, "src": "320:9:1", "stateVariable": true, "storageLocation": "default", "typeDescriptions": {"typeIdentifier": "t_uint256", "typeString": "uint256"}, "typeName": {"id": 194, "name": "uint256", "nodeType": "ElementaryTypeName", "src": "320:7:1", "typeDescriptions": {"typeIdentifier": "t_uint256", "typeString": "uint256"}}, "visibility": "internal"}, {"constant": false, "id": 197, "mutability": "mutable", "name": "c", "nodeType": "VariableDeclaration", "scope": 229, "src": "333:3:1", "stateVariable": true, "storageLocation": "default", "typeDescriptions": {"typeIdentifier": "t_contract$_C_$191", "typeString": "contract C"}, "typeName": {"id": 196, "name": "C", "nodeType": "UserDefinedTypeName", "referencedDeclaration": 191, "src": "333:1:1", "typeDescriptions": {"typeIdentifier": "t_contract$_C_$191", "typeString": "contract C"}}, "visibility": "internal"}, {"body": {"id": 217, "nodeType": "Block", "src": "367:48:1", "statements": [{"expression": {"id": 204, "isConstant": false, "isLValue": false, "isPure": false, "lValueRequested": false, "leftHandSide": {"id": 202, "name": "x", "nodeType": "Identifier", "overloadedDeclarations": [], "referencedDeclaration": 193, "src": "373:1:1", "typeDescriptions": {"typeIdentifier": "t_uint256", "typeString": "uint256"}}, "nodeType": "Assignment", "operator": "=", "rightHandSide": {"hexValue": "30", "id": 203, "isConstant": false, "isLValue": false, "isPure": true, "kind": "number", "lValueRequested": false, "nodeType": "Literal", "src": "377:1:1", "typeDescriptions": {"typeIdentifier": "t_rational_0_by_1", "typeString": "int_const 0"}, "value": "0"}, "src": "373:5:1", "typeDescriptions": {"typeIdentifier": "t_uint256", "typeString": "uint256"}}, "id": 205, "nodeType": "ExpressionStatement", "src": "373:5:1"}, {"expression": {"id": 208, "isConstant": false, "isLValue": false, "isPure": false, "lValueRequested": false, "leftHandSide": {"id": 206, "name": "y", "nodeType": "Identifier", "overloadedDeclarations": [], "referencedDeclaration": 195, "src": "384:1:1", "typeDescriptions": {"typeIdentifier": "t_uint256", "typeString": "uint256"}}, "nodeType": "Assignment", "operator": "=", "rightHandSide": {"id": 207, "name": "yval", "nodeType": "Identifier", "overloadedDeclarations": [], "referencedDeclaration": 199, "src": "388:4:1", "typeDescriptions": {"typeIdentifier": "t_uint256", "typeString": "uint256"}}, "src": "384:8:1", "typeDescriptions": {"typeIdentifier": "t_uint256", "typeString": "uint256"}}, "id": 209, "nodeType": "ExpressionStatement", "src": "384:8:1"}, {"expression": {"id": 215, "isConstant": false, "isLValue": false, "isPure": false, "lValueRequested": false, "leftHandSide": {"id": 210, "name": "c", "nodeType": "Identifier", "overloadedDeclarations": [], "referencedDeclaration": 197, "src": "398:1:1", "typeDescriptions": {"typeIdentifier": "t_contract$_C_$191", "typeString": "contract C"}}, "nodeType": "Assignment", "operator": "=", "rightHandSide": {"arguments": [{"hexValue": "35", "id": 213, "isConstant": false, "isLValue": false, "isPure": true, "kind": "number", "lValueRequested": false, "nodeType": "Literal", "src": "408:1:1", "typeDescriptions": {"typeIdentifier": "t_rational_5_by_1", "typeString": "int_const 5"}, "value": "5"}], "expression": {"argumentTypes": [{"typeIdentifier": "t_rational_5_by_1", "typeString": "int_const 5"}], "id": 212, "isConstant": false, "isLValue": false, "isPure": false, "lValueRequested": false, "nodeType": "NewExpression", "src": "402:5:1", "typeDescriptions": {"typeIdentifier": "t_function_creation_nonpayable$_t_uint256_$returns$_t_contract$_C_$191_$", "typeString": "function (uint256) returns (contract C)"}, "typeName": {"id": 211, "name": "C", "nodeType": "UserDefinedTypeName", "referencedDeclaration": 191, "src": "406:1:1", "typeDescriptions": {"typeIdentifier": "t_contract$_C_$191", "typeString": "contract C"}}}, "id": 214, "isConstant": false, "isLValue": false, "isPure": false, "kind": "functionCall", "lValueRequested": false, "names": [], "nodeType": "FunctionCall", "src": "402:8:1", "tryCall": false, "typeDescriptions": {"typeIdentifier": "t_contract$_C_$191", "typeString": "contract C"}}, "src": "398:12:1", "typeDescriptions": {"typeIdentifier": "t_contract$_C_$191", "typeString": "contract C"}}, "id": 216, "nodeType": "ExpressionStatement", "src": "398:12:1"}]}, "id": 218, "implemented": true, "kind": "constructor", "modifiers": [], "name": "", "nodeType": "FunctionDefinition", "parameters": {"id": 200, "nodeType": "ParameterList", "parameters": [{"constant": false, "id": 199, "mutability": "mutable", "name": "yval", "nodeType": "VariableDeclaration", "scope": 218, "src": "353:12:1", "stateVariable": false, "storageLocation": "default", "typeDescriptions": {"typeIdentifier": "t_uint256", "typeString": "uint256"}, "typeName": {"id": 198, "name": "uint256", "nodeType": "ElementaryTypeName", "src": "353:7:1", "typeDescriptions": {"typeIdentifier": "t_uint256", "typeString": "uint256"}}, "visibility": "internal"}], "src": "352:14:1"}, "returnParameters": {"id": 201, "nodeType": "ParameterList", "parameters": [], "src": "367:0:1"}, "scope": 229, "src": "341:74:1", "stateMutability": "nonpayable", "virtual": false, "visibility": "public"}, {"body": {"id": 227, "nodeType": "Block", "src": "465:21:1", "statements": [{"expression": {"commonType": {"typeIdentifier": "t_uint256", "typeString": "uint256"}, "id": 225, "isConstant": false, "isLValue": false, "isPure": false, "lValueRequested": false, "leftExpression": {"id": 223, "name": "x", "nodeType": "Identifier", "overloadedDeclarations": [], "referencedDeclaration": 193, "src": "478:1:1", "typeDescriptions": {"typeIdentifier": "t_uint256", "typeString": "uint256"}}, "nodeType": "BinaryOperation", "operator": "-", "rightExpression": {"id": 224, "name": "y", "nodeType": "Identifier", "overloadedDeclarations": [], "referencedDeclaration": 195, "src": "480:1:1", "typeDescriptions": {"typeIdentifier": "t_uint256", "typeString": "uint256"}}, "src": "478:3:1", "typeDescriptions": {"typeIdentifier": "t_uint256", "typeString": "uint256"}}, "functionReturnParameters": 222, "id": 226, "nodeType": "Return", "src": "471:10:1"}]}, "functionSelector": "a0d7afb7", "id": 228, "implemented": true, "kind": "function", "modifiers": [], "name": "diff", "nodeType": "FunctionDefinition", "parameters": {"id": 219, "nodeType": "ParameterList", "parameters": [], "src": "432:2:1"}, "returnParameters": {"id": 222, "nodeType": "ParameterList", "parameters": [{"constant": false, "id": 221, "mutability": "mutable", "name": "", "nodeType": "VariableDeclaration", "scope": 228, "src": "456:7:1", "stateVariable": false, "storageLocation": "default", "typeDescriptions": {"typeIdentifier": "t_uint256", "typeString": "uint256"}, "typeName": {"id": 220, "name": "uint256", "nodeType": "ElementaryTypeName", "src": "456:7:1", "typeDescriptions": {"typeIdentifier": "t_uint256", "typeString": "uint256"}}, "visibility": "internal"}], "src": "455:9:1"}, "scope": 229, "src": "419:67:1", "stateMutability": "view", "virtual": false, "visibility": "public"}], "scope": 230, "src": "292:196:1"}], "src": "37:452:1"}, "userdoc": {"methods": {}, "notice": null}, "devdoc": {"methods": {}, "author": null, "details": null, "title": null}}