{"contractName": "G", "abi": [{"inputs": [{"internalType": "uint256", "name": "yval", "type": "uint256"}], "stateMutability": "nonpayable", "type": "constructor"}, {"inputs": [{"internalType": "uint256", "name": "xval", "type": "uint256"}], "name": "setX", "outputs": [], "stateMutability": "nonpayable", "type": "function"}, {"inputs": [], "name": "sum", "outputs": [{"internalType": "uint256", "name": "", "type": "uint256"}], "stateMutability": "view", "type": "function"}], "bytecode": "0x608060405234801561001057600080fd5b506040516107ed3803806107ed8339818101604052602081101561003357600080fd5b810190808051906020019092919050505060008081905550806001819055506005604051610060906100cd565b80828152602001915050604051809103906000f080158015610086573d6000803e3d6000fd5b50600260006101000a81548173ffffffffffffffffffffffffffffffffffffffff021916908373ffffffffffffffffffffffffffffffffffffffff160217905550506100da565b610503806102ea83390190565b610201806100e96000396000f3fe608060405234801561001057600080fd5b50600436106100365760003560e01c80634018d9aa1461003b578063853255cc14610069575b600080fd5b6100676004803603602081101561005157600080fd5b8101908080359060200190929190505050610087565b005b610071610121565b6040518082815260200191505060405180910390f35b80600081905550600260009054906101000a900473ffffffffffffffffffffffffffffffffffffffff1673ffffffffffffffffffffffffffffffffffffffff16634018d9aa600183016040518263ffffffff1660e01b815260040180828152602001915050600060405180830381600087803b15801561010657600080fd5b505af115801561011a573d6000803e3d6000fd5b5050505050565b6000600260009054906101000a900473ffffffffffffffffffffffffffffffffffffffff1673ffffffffffffffffffffffffffffffffffffffff1663853255cc6040518163ffffffff1660e01b815260040160206040518083038186803b15801561018b57600080fd5b505afa15801561019f573d6000803e3d6000fd5b505050506040513d60208110156101b557600080fd5b810190808051906020019092919050505090509056fe608060405234801561001057600080fd5b506040516105033803806105038339818101604052602081101561003357600080fd5b810190808051906020019092919050505060008081905550806001819055508060405161005f906100cc565b80828152602001915050604051809103906000f080158015610085573d6000803e3d6000fd5b50600260006101000a81548173ffffffffffffffffffffffffffffffffffffffff021916908373ffffffffffffffffffffffffffffffffffffffff160217905550506100d9565b6102a28061026183390190565b610179806100e86000396000f3fe608060405234801561001057600080fd5b50600436106100365760003560e01c80634018d9aa1461003b578063853255cc14610069575b600080fd5b6100676004803603602081101561005157600080fd5b8101908080359060200190929190505050610087565b005b610071610091565b6040518082815260200191505060405180910390f35b8060008190555050565b6000600260009054906101000a900473ffffffffffffffffffffffffffffffffffffffff1673ffffffffffffffffffffffffffffffffffffffff1663a0d7afb76040518163ffffffff1660e01b815260040160206040518083038186803b1580156100fb57600080fd5b505afa15801561010f573d6000803e3d6000fd5b505050506040513d602081101561012557600080fd5b8101908080519060200190929190505050600154600054010190509056fea2646970667358221220ec8b5ae5c6f71260e1077af8088b564be4ae241ac16c43e3cac821682be2d7c964736f6c63430007030033608060405234801561001057600080fd5b506040516102a23803806102a28339818101604052602081101561003357600080fd5b810190808051906020019092919050505060008081905550806001819055506005604051610060906100cd565b80828152602001915050604051809103906000f080158015610086573d6000803e3d6000fd5b50600260006101000a81548173ffffffffffffffffffffffffffffffffffffffff021916908373ffffffffffffffffffffffffffffffffffffffff160217905550506100da565b61012d8061017583390190565b608d806100e86000396000f3fe6080604052348015600f57600080fd5b506004361060285760003560e01c8063a0d7afb714602d575b600080fd5b60336049565b6040518082815260200191505060405180910390f35b60006001546000540390509056fea26469706673582212204e7f66950d7eac1667bf123fd0c2c0b36d53de5866b4bd867fac7411e321b0b464736f6c63430007030033608060405234801561001057600080fd5b5060405161012d38038061012d8339818101604052602081101561003357600080fd5b810190808051906020019092919050505060008081905550806001819055505060cc806100616000396000f3fe6080604052348015600f57600080fd5b506004361060325760003560e01c80634018d9aa146037578063853255cc146062575b600080fd5b606060048036036020811015604b57600080fd5b8101908080359060200190929190505050607e565b005b60686088565b6040518082815260200191505060405180910390f35b8060008190555050565b60006001546000540190509056fea2646970667358221220fa023934f603bf6bcaae6a6ab06db920cce4aca360c67548633e7f3514118cc964736f6c63430007030033", "deployedBytecode": "0x608060405234801561001057600080fd5b50600436106100365760003560e01c80634018d9aa1461003b578063853255cc14610069575b600080fd5b6100676004803603602081101561005157600080fd5b8101908080359060200190929190505050610087565b005b610071610121565b6040518082815260200191505060405180910390f35b80600081905550600260009054906101000a900473ffffffffffffffffffffffffffffffffffffffff1673ffffffffffffffffffffffffffffffffffffffff16634018d9aa600183016040518263ffffffff1660e01b815260040180828152602001915050600060405180830381600087803b15801561010657600080fd5b505af115801561011a573d6000803e3d6000fd5b5050505050565b6000600260009054906101000a900473ffffffffffffffffffffffffffffffffffffffff1673ffffffffffffffffffffffffffffffffffffffff1663853255cc6040518163ffffffff1660e01b815260040160206040518083038186803b15801561018b57600080fd5b505afa15801561019f573d6000803e3d6000fd5b505050506040513d60208110156101b557600080fd5b810190808051906020019092919050505090509056fe", "ast": {"absolutePath": "contracts/E/G.sol", "exportedSymbols": {"C": [191], "D": [229], "E": [285], "G": [344], "I": [421]}, "id": 345, "license": "Unlicense", "nodeType": "SourceUnit", "nodes": [{"id": 287, "literals": ["solidity", "^", "0.7", ".0"], "nodeType": "PragmaDirective", "src": "37:23:3"}, {"absolutePath": "contracts/E/E.sol", "file": "./E.sol", "id": 288, "nodeType": "ImportDirective", "scope": 345, "sourceUnit": 286, "src": "62:17:3", "symbolAliases": [], "unitAlias": ""}, {"abstract": false, "baseContracts": [], "contractDependencies": [285], "contractKind": "contract", "fullyImplemented": true, "id": 344, "linearizedBaseContracts": [344], "name": "G", "nodeType": "ContractDefinition", "nodes": [{"constant": false, "id": 290, "mutability": "mutable", "name": "x", "nodeType": "VariableDeclaration", "scope": 344, "src": "96:9:3", "stateVariable": true, "storageLocation": "default", "typeDescriptions": {"typeIdentifier": "t_uint256", "typeString": "uint256"}, "typeName": {"id": 289, "name": "uint256", "nodeType": "ElementaryTypeName", "src": "96:7:3", "typeDescriptions": {"typeIdentifier": "t_uint256", "typeString": "uint256"}}, "visibility": "internal"}, {"constant": false, "id": 292, "mutability": "mutable", "name": "y", "nodeType": "VariableDeclaration", "scope": 344, "src": "109:9:3", "stateVariable": true, "storageLocation": "default", "typeDescriptions": {"typeIdentifier": "t_uint256", "typeString": "uint256"}, "typeName": {"id": 291, "name": "uint256", "nodeType": "ElementaryTypeName", "src": "109:7:3", "typeDescriptions": {"typeIdentifier": "t_uint256", "typeString": "uint256"}}, "visibility": "internal"}, {"constant": false, "id": 294, "mutability": "mutable", "name": "e", "nodeType": "VariableDeclaration", "scope": 344, "src": "122:3:3", "stateVariable": true, "storageLocation": "default", "typeDescriptions": {"typeIdentifier": "t_contract$_E_$285", "typeString": "contract E"}, "typeName": {"id": 293, "name": "E", "nodeType": "UserDefinedTypeName", "referencedDeclaration": 285, "src": "122:1:3", "typeDescriptions": {"typeIdentifier": "t_contract$_E_$285", "typeString": "contract E"}}, "visibility": "internal"}, {"body": {"id": 314, "nodeType": "Block", "src": "156:48:3", "statements": [{"expression": {"id": 301, "isConstant": false, "isLValue": false, "isPure": false, "lValueRequested": false, "leftHandSide": {"id": 299, "name": "x", "nodeType": "Identifier", "overloadedDeclarations": [], "referencedDeclaration": 290, "src": "162:1:3", "typeDescriptions": {"typeIdentifier": "t_uint256", "typeString": "uint256"}}, "nodeType": "Assignment", "operator": "=", "rightHandSide": {"hexValue": "30", "id": 300, "isConstant": false, "isLValue": false, "isPure": true, "kind": "number", "lValueRequested": false, "nodeType": "Literal", "src": "166:1:3", "typeDescriptions": {"typeIdentifier": "t_rational_0_by_1", "typeString": "int_const 0"}, "value": "0"}, "src": "162:5:3", "typeDescriptions": {"typeIdentifier": "t_uint256", "typeString": "uint256"}}, "id": 302, "nodeType": "ExpressionStatement", "src": "162:5:3"}, {"expression": {"id": 305, "isConstant": false, "isLValue": false, "isPure": false, "lValueRequested": false, "leftHandSide": {"id": 303, "name": "y", "nodeType": "Identifier", "overloadedDeclarations": [], "referencedDeclaration": 292, "src": "173:1:3", "typeDescriptions": {"typeIdentifier": "t_uint256", "typeString": "uint256"}}, "nodeType": "Assignment", "operator": "=", "rightHandSide": {"id": 304, "name": "yval", "nodeType": "Identifier", "overloadedDeclarations": [], "referencedDeclaration": 296, "src": "177:4:3", "typeDescriptions": {"typeIdentifier": "t_uint256", "typeString": "uint256"}}, "src": "173:8:3", "typeDescriptions": {"typeIdentifier": "t_uint256", "typeString": "uint256"}}, "id": 306, "nodeType": "ExpressionStatement", "src": "173:8:3"}, {"expression": {"id": 312, "isConstant": false, "isLValue": false, "isPure": false, "lValueRequested": false, "leftHandSide": {"id": 307, "name": "e", "nodeType": "Identifier", "overloadedDeclarations": [], "referencedDeclaration": 294, "src": "187:1:3", "typeDescriptions": {"typeIdentifier": "t_contract$_E_$285", "typeString": "contract E"}}, "nodeType": "Assignment", "operator": "=", "rightHandSide": {"arguments": [{"hexValue": "35", "id": 310, "isConstant": false, "isLValue": false, "isPure": true, "kind": "number", "lValueRequested": false, "nodeType": "Literal", "src": "197:1:3", "typeDescriptions": {"typeIdentifier": "t_rational_5_by_1", "typeString": "int_const 5"}, "value": "5"}], "expression": {"argumentTypes": [{"typeIdentifier": "t_rational_5_by_1", "typeString": "int_const 5"}], "id": 309, "isConstant": false, "isLValue": false, "isPure": false, "lValueRequested": false, "nodeType": "NewExpression", "src": "191:5:3", "typeDescriptions": {"typeIdentifier": "t_function_creation_nonpayable$_t_uint256_$returns$_t_contract$_E_$285_$", "typeString": "function (uint256) returns (contract E)"}, "typeName": {"id": 308, "name": "E", "nodeType": "UserDefinedTypeName", "referencedDeclaration": 285, "src": "195:1:3", "typeDescriptions": {"typeIdentifier": "t_contract$_E_$285", "typeString": "contract E"}}}, "id": 311, "isConstant": false, "isLValue": false, "isPure": false, "kind": "functionCall", "lValueRequested": false, "names": [], "nodeType": "FunctionCall", "src": "191:8:3", "tryCall": false, "typeDescriptions": {"typeIdentifier": "t_contract$_E_$285", "typeString": "contract E"}}, "src": "187:12:3", "typeDescriptions": {"typeIdentifier": "t_contract$_E_$285", "typeString": "contract E"}}, "id": 313, "nodeType": "ExpressionStatement", "src": "187:12:3"}]}, "id": 315, "implemented": true, "kind": "constructor", "modifiers": [], "name": "", "nodeType": "FunctionDefinition", "parameters": {"id": 297, "nodeType": "ParameterList", "parameters": [{"constant": false, "id": 296, "mutability": "mutable", "name": "yval", "nodeType": "VariableDeclaration", "scope": 315, "src": "142:12:3", "stateVariable": false, "storageLocation": "default", "typeDescriptions": {"typeIdentifier": "t_uint256", "typeString": "uint256"}, "typeName": {"id": 295, "name": "uint256", "nodeType": "ElementaryTypeName", "src": "142:7:3", "typeDescriptions": {"typeIdentifier": "t_uint256", "typeString": "uint256"}}, "visibility": "internal"}], "src": "141:14:3"}, "returnParameters": {"id": 298, "nodeType": "ParameterList", "parameters": [], "src": "156:0:3"}, "scope": 344, "src": "130:74:3", "stateMutability": "nonpayable", "virtual": false, "visibility": "public"}, {"body": {"id": 324, "nodeType": "Block", "src": "253:25:3", "statements": [{"expression": {"arguments": [], "expression": {"argumentTypes": [], "expression": {"id": 320, "name": "e", "nodeType": "Identifier", "overloadedDeclarations": [], "referencedDeclaration": 294, "src": "266:1:3", "typeDescriptions": {"typeIdentifier": "t_contract$_E_$285", "typeString": "contract E"}}, "id": 321, "isConstant": false, "isLValue": false, "isPure": false, "lValueRequested": false, "memberName": "sum", "nodeType": "MemberAccess", "referencedDeclaration": 274, "src": "266:5:3", "typeDescriptions": {"typeIdentifier": "t_function_external_view$__$returns$_t_uint256_$", "typeString": "function () view external returns (uint256)"}}, "id": 322, "isConstant": false, "isLValue": false, "isPure": false, "kind": "functionCall", "lValueRequested": false, "names": [], "nodeType": "FunctionCall", "src": "266:7:3", "tryCall": false, "typeDescriptions": {"typeIdentifier": "t_uint256", "typeString": "uint256"}}, "functionReturnParameters": 319, "id": 323, "nodeType": "Return", "src": "259:14:3"}]}, "functionSelector": "853255cc", "id": 325, "implemented": true, "kind": "function", "modifiers": [], "name": "sum", "nodeType": "FunctionDefinition", "parameters": {"id": 316, "nodeType": "ParameterList", "parameters": [], "src": "220:2:3"}, "returnParameters": {"id": 319, "nodeType": "ParameterList", "parameters": [{"constant": false, "id": 318, "mutability": "mutable", "name": "", "nodeType": "VariableDeclaration", "scope": 325, "src": "244:7:3", "stateVariable": false, "storageLocation": "default", "typeDescriptions": {"typeIdentifier": "t_uint256", "typeString": "uint256"}, "typeName": {"id": 317, "name": "uint256", "nodeType": "ElementaryTypeName", "src": "244:7:3", "typeDescriptions": {"typeIdentifier": "t_uint256", "typeString": "uint256"}}, "visibility": "internal"}], "src": "243:9:3"}, "scope": 344, "src": "208:70:3", "stateMutability": "view", "virtual": false, "visibility": "public"}, {"body": {"id": 342, "nodeType": "Block", "src": "317:39:3", "statements": [{"expression": {"id": 332, "isConstant": false, "isLValue": false, "isPure": false, "lValueRequested": false, "leftHandSide": {"id": 330, "name": "x", "nodeType": "Identifier", "overloadedDeclarations": [], "referencedDeclaration": 290, "src": "323:1:3", "typeDescriptions": {"typeIdentifier": "t_uint256", "typeString": "uint256"}}, "nodeType": "Assignment", "operator": "=", "rightHandSide": {"id": 331, "name": "xval", "nodeType": "Identifier", "overloadedDeclarations": [], "referencedDeclaration": 327, "src": "327:4:3", "typeDescriptions": {"typeIdentifier": "t_uint256", "typeString": "uint256"}}, "src": "323:8:3", "typeDescriptions": {"typeIdentifier": "t_uint256", "typeString": "uint256"}}, "id": 333, "nodeType": "ExpressionStatement", "src": "323:8:3"}, {"expression": {"arguments": [{"commonType": {"typeIdentifier": "t_uint256", "typeString": "uint256"}, "id": 339, "isConstant": false, "isLValue": false, "isPure": false, "lValueRequested": false, "leftExpression": {"id": 337, "name": "xval", "nodeType": "Identifier", "overloadedDeclarations": [], "referencedDeclaration": 327, "src": "344:4:3", "typeDescriptions": {"typeIdentifier": "t_uint256", "typeString": "uint256"}}, "nodeType": "BinaryOperation", "operator": "+", "rightExpression": {"hexValue": "31", "id": 338, "isConstant": false, "isLValue": false, "isPure": true, "kind": "number", "lValueRequested": false, "nodeType": "Literal", "src": "349:1:3", "typeDescriptions": {"typeIdentifier": "t_rational_1_by_1", "typeString": "int_const 1"}, "value": "1"}, "src": "344:6:3", "typeDescriptions": {"typeIdentifier": "t_uint256", "typeString": "uint256"}}], "expression": {"argumentTypes": [{"typeIdentifier": "t_uint256", "typeString": "uint256"}], "expression": {"id": 334, "name": "e", "nodeType": "Identifier", "overloadedDeclarations": [], "referencedDeclaration": 294, "src": "337:1:3", "typeDescriptions": {"typeIdentifier": "t_contract$_E_$285", "typeString": "contract E"}}, "id": 336, "isConstant": false, "isLValue": false, "isPure": false, "lValueRequested": false, "memberName": "setX", "nodeType": "MemberAccess", "referencedDeclaration": 284, "src": "337:6:3", "typeDescriptions": {"typeIdentifier": "t_function_external_nonpayable$_t_uint256_$returns$__$", "typeString": "function (uint256) external"}}, "id": 340, "isConstant": false, "isLValue": false, "isPure": false, "kind": "functionCall", "lValueRequested": false, "names": [], "nodeType": "FunctionCall", "src": "337:14:3", "tryCall": false, "typeDescriptions": {"typeIdentifier": "t_tuple$__$", "typeString": "tuple()"}}, "id": 341, "nodeType": "ExpressionStatement", "src": "337:14:3"}]}, "functionSelector": "4018d9aa", "id": 343, "implemented": true, "kind": "function", "modifiers": [], "name": "setX", "nodeType": "FunctionDefinition", "parameters": {"id": 328, "nodeType": "ParameterList", "parameters": [{"constant": false, "id": 327, "mutability": "mutable", "name": "xval", "nodeType": "VariableDeclaration", "scope": 343, "src": "296:12:3", "stateVariable": false, "storageLocation": "default", "typeDescriptions": {"typeIdentifier": "t_uint256", "typeString": "uint256"}, "typeName": {"id": 326, "name": "uint256", "nodeType": "ElementaryTypeName", "src": "296:7:3", "typeDescriptions": {"typeIdentifier": "t_uint256", "typeString": "uint256"}}, "visibility": "internal"}], "src": "295:14:3"}, "returnParameters": {"id": 329, "nodeType": "ParameterList", "parameters": [], "src": "317:0:3"}, "scope": 344, "src": "282:74:3", "stateMutability": "nonpayable", "virtual": false, "visibility": "public"}], "scope": 345, "src": "81:277:3"}], "src": "37:322:3"}, "userdoc": {"methods": {}, "notice": null}, "devdoc": {"methods": {}, "author": null, "details": null, "title": null}}