{"contractName": "K", "abi": [{"inputs": [{"internalType": "uint256", "name": "yval", "type": "uint256"}], "stateMutability": "nonpayable", "type": "constructor"}, {"inputs": [{"internalType": "uint256", "name": "xval", "type": "uint256"}], "name": "setX", "outputs": [], "stateMutability": "nonpayable", "type": "function"}, {"inputs": [], "name": "sum", "outputs": [{"internalType": "uint256", "name": "", "type": "uint256"}], "stateMutability": "view", "type": "function"}], "bytecode": "0x608060405234801561001057600080fd5b50604051610ea7380380610ea78339818101604052602081101561003357600080fd5b810190808051906020019092919050505060008081905550806001819055506005604051610060906100cd565b80828152602001915050604051809103906000f080158015610086573d6000803e3d6000fd5b50600260006101000a81548173ffffffffffffffffffffffffffffffffffffffff021916908373ffffffffffffffffffffffffffffffffffffffff160217905550506100da565b610bbd806102ea83390190565b610201806100e96000396000f3fe608060405234801561001057600080fd5b50600436106100365760003560e01c80634018d9aa1461003b578063853255cc14610069575b600080fd5b6100676004803603602081101561005157600080fd5b8101908080359060200190929190505050610087565b005b610071610121565b6040518082815260200191505060405180910390f35b80600081905550600260009054906101000a900473ffffffffffffffffffffffffffffffffffffffff1673ffffffffffffffffffffffffffffffffffffffff16634018d9aa600183016040518263ffffffff1660e01b815260040180828152602001915050600060405180830381600087803b15801561010657600080fd5b505af115801561011a573d6000803e3d6000fd5b5050505050565b6000600260009054906101000a900473ffffffffffffffffffffffffffffffffffffffff1673ffffffffffffffffffffffffffffffffffffffff1663853255cc6040518163ffffffff1660e01b815260040160206040518083038186803b15801561018b57600080fd5b505afa15801561019f573d6000803e3d6000fd5b505050506040513d60208110156101b557600080fd5b810190808051906020019092919050505090509056fe608060405234801561001057600080fd5b50604051610bbd380380610bbd8339818101604052602081101561003357600080fd5b810190808051906020019092919050505060008081905550806001819055508060405161005f90610143565b80828152602001915050604051809103906000f080158015610085573d6000803e3d6000fd5b50600260006101000a81548173ffffffffffffffffffffffffffffffffffffffff021916908373ffffffffffffffffffffffffffffffffffffffff160217905550600181016040516100d690610150565b80828152602001915050604051809103906000f0801580156100fc573d6000803e3d6000fd5b50600360006101000a81548173ffffffffffffffffffffffffffffffffffffffff021916908373ffffffffffffffffffffffffffffffffffffffff1602179055505061015d565b6102a28061041883390190565b610503806106ba83390190565b6102ac8061016c6000396000f3fe608060405234801561001057600080fd5b50600436106100365760003560e01c80634018d9aa1461003b578063853255cc14610069575b600080fd5b6100676004803603602081101561005157600080fd5b8101908080359060200190929190505050610087565b005b610071610120565b6040518082815260200191505060405180910390f35b80600081905550600360009054906101000a900473ffffffffffffffffffffffffffffffffffffffff1673ffffffffffffffffffffffffffffffffffffffff16634018d9aa6001546040518263ffffffff1660e01b815260040180828152602001915050600060405180830381600087803b15801561010557600080fd5b505af1158015610119573d6000803e3d6000fd5b5050505050565b6000600360009054906101000a900473ffffffffffffffffffffffffffffffffffffffff1673ffffffffffffffffffffffffffffffffffffffff1663853255cc6040518163ffffffff1660e01b815260040160206040518083038186803b15801561018a57600080fd5b505afa15801561019e573d6000803e3d6000fd5b505050506040513d60208110156101b457600080fd5b8101908080519060200190929190505050600260009054906101000a900473ffffffffffffffffffffffffffffffffffffffff1673ffffffffffffffffffffffffffffffffffffffff1663a0d7afb76040518163ffffffff1660e01b815260040160206040518083038186803b15801561022d57600080fd5b505afa158015610241573d6000803e3d6000fd5b505050506040513d602081101561025757600080fd5b810190808051906020019092919050505060015460005401010190509056fea26469706673582212207adf748c4fbc65b7c753bb0a72e946f848bffb9e1d7c8e268d29021c42b7df4964736f6c63430007030033608060405234801561001057600080fd5b506040516102a23803806102a28339818101604052602081101561003357600080fd5b810190808051906020019092919050505060008081905550806001819055506005604051610060906100cd565b80828152602001915050604051809103906000f080158015610086573d6000803e3d6000fd5b50600260006101000a81548173ffffffffffffffffffffffffffffffffffffffff021916908373ffffffffffffffffffffffffffffffffffffffff160217905550506100da565b61012d8061017583390190565b608d806100e86000396000f3fe6080604052348015600f57600080fd5b506004361060285760003560e01c8063a0d7afb714602d575b600080fd5b60336049565b6040518082815260200191505060405180910390f35b60006001546000540390509056fea26469706673582212204e7f66950d7eac1667bf123fd0c2c0b36d53de5866b4bd867fac7411e321b0b464736f6c63430007030033608060405234801561001057600080fd5b5060405161012d38038061012d8339818101604052602081101561003357600080fd5b810190808051906020019092919050505060008081905550806001819055505060cc806100616000396000f3fe6080604052348015600f57600080fd5b506004361060325760003560e01c80634018d9aa146037578063853255cc146062575b600080fd5b606060048036036020811015604b57600080fd5b8101908080359060200190929190505050607e565b005b60686088565b6040518082815260200191505060405180910390f35b8060008190555050565b60006001546000540190509056fea2646970667358221220fa023934f603bf6bcaae6a6ab06db920cce4aca360c67548633e7f3514118cc964736f6c63430007030033608060405234801561001057600080fd5b506040516105033803806105038339818101604052602081101561003357600080fd5b810190808051906020019092919050505060008081905550806001819055508060405161005f906100cc565b80828152602001915050604051809103906000f080158015610085573d6000803e3d6000fd5b50600260006101000a81548173ffffffffffffffffffffffffffffffffffffffff021916908373ffffffffffffffffffffffffffffffffffffffff160217905550506100d9565b6102a28061026183390190565b610179806100e86000396000f3fe608060405234801561001057600080fd5b50600436106100365760003560e01c80634018d9aa1461003b578063853255cc14610069575b600080fd5b6100676004803603602081101561005157600080fd5b8101908080359060200190929190505050610087565b005b610071610091565b6040518082815260200191505060405180910390f35b8060008190555050565b6000600260009054906101000a900473ffffffffffffffffffffffffffffffffffffffff1673ffffffffffffffffffffffffffffffffffffffff1663a0d7afb76040518163ffffffff1660e01b815260040160206040518083038186803b1580156100fb57600080fd5b505afa15801561010f573d6000803e3d6000fd5b505050506040513d602081101561012557600080fd5b8101908080519060200190929190505050600154600054010190509056fea2646970667358221220ec8b5ae5c6f71260e1077af8088b564be4ae241ac16c43e3cac821682be2d7c964736f6c63430007030033608060405234801561001057600080fd5b506040516102a23803806102a28339818101604052602081101561003357600080fd5b810190808051906020019092919050505060008081905550806001819055506005604051610060906100cd565b80828152602001915050604051809103906000f080158015610086573d6000803e3d6000fd5b50600260006101000a81548173ffffffffffffffffffffffffffffffffffffffff021916908373ffffffffffffffffffffffffffffffffffffffff160217905550506100da565b61012d8061017583390190565b608d806100e86000396000f3fe6080604052348015600f57600080fd5b506004361060285760003560e01c8063a0d7afb714602d575b600080fd5b60336049565b6040518082815260200191505060405180910390f35b60006001546000540390509056fea26469706673582212204e7f66950d7eac1667bf123fd0c2c0b36d53de5866b4bd867fac7411e321b0b464736f6c63430007030033608060405234801561001057600080fd5b5060405161012d38038061012d8339818101604052602081101561003357600080fd5b810190808051906020019092919050505060008081905550806001819055505060cc806100616000396000f3fe6080604052348015600f57600080fd5b506004361060325760003560e01c80634018d9aa146037578063853255cc146062575b600080fd5b606060048036036020811015604b57600080fd5b8101908080359060200190929190505050607e565b005b60686088565b6040518082815260200191505060405180910390f35b8060008190555050565b60006001546000540190509056fea2646970667358221220fa023934f603bf6bcaae6a6ab06db920cce4aca360c67548633e7f3514118cc964736f6c63430007030033", "deployedBytecode": "0x608060405234801561001057600080fd5b50600436106100365760003560e01c80634018d9aa1461003b578063853255cc14610069575b600080fd5b6100676004803603602081101561005157600080fd5b8101908080359060200190929190505050610087565b005b610071610121565b6040518082815260200191505060405180910390f35b80600081905550600260009054906101000a900473ffffffffffffffffffffffffffffffffffffffff1673ffffffffffffffffffffffffffffffffffffffff16634018d9aa600183016040518263ffffffff1660e01b815260040180828152602001915050600060405180830381600087803b15801561010657600080fd5b505af115801561011a573d6000803e3d6000fd5b5050505050565b6000600260009054906101000a900473ffffffffffffffffffffffffffffffffffffffff1673ffffffffffffffffffffffffffffffffffffffff1663853255cc6040518163ffffffff1660e01b815260040160206040518083038186803b15801561018b57600080fd5b505afa15801561019f573d6000803e3d6000fd5b505050506040513d60208110156101b557600080fd5b810190808051906020019092919050505090509056fe", "ast": {"absolutePath": "contracts/I/K.sol", "exportedSymbols": {"C": [191], "D": [229], "E": [285], "I": [421], "K": [480]}, "id": 481, "license": "Unlicense", "nodeType": "SourceUnit", "nodes": [{"id": 423, "literals": ["solidity", "^", "0.7", ".0"], "nodeType": "PragmaDirective", "src": "37:23:5"}, {"absolutePath": "contracts/I/I.sol", "file": "./I.sol", "id": 424, "nodeType": "ImportDirective", "scope": 481, "sourceUnit": 422, "src": "62:17:5", "symbolAliases": [], "unitAlias": ""}, {"abstract": false, "baseContracts": [], "contractDependencies": [421], "contractKind": "contract", "fullyImplemented": true, "id": 480, "linearizedBaseContracts": [480], "name": "K", "nodeType": "ContractDefinition", "nodes": [{"constant": false, "id": 426, "mutability": "mutable", "name": "x", "nodeType": "VariableDeclaration", "scope": 480, "src": "96:9:5", "stateVariable": true, "storageLocation": "default", "typeDescriptions": {"typeIdentifier": "t_uint256", "typeString": "uint256"}, "typeName": {"id": 425, "name": "uint256", "nodeType": "ElementaryTypeName", "src": "96:7:5", "typeDescriptions": {"typeIdentifier": "t_uint256", "typeString": "uint256"}}, "visibility": "internal"}, {"constant": false, "id": 428, "mutability": "mutable", "name": "y", "nodeType": "VariableDeclaration", "scope": 480, "src": "109:9:5", "stateVariable": true, "storageLocation": "default", "typeDescriptions": {"typeIdentifier": "t_uint256", "typeString": "uint256"}, "typeName": {"id": 427, "name": "uint256", "nodeType": "ElementaryTypeName", "src": "109:7:5", "typeDescriptions": {"typeIdentifier": "t_uint256", "typeString": "uint256"}}, "visibility": "internal"}, {"constant": false, "id": 430, "mutability": "mutable", "name": "i", "nodeType": "VariableDeclaration", "scope": 480, "src": "122:3:5", "stateVariable": true, "storageLocation": "default", "typeDescriptions": {"typeIdentifier": "t_contract$_I_$421", "typeString": "contract I"}, "typeName": {"id": 429, "name": "I", "nodeType": "UserDefinedTypeName", "referencedDeclaration": 421, "src": "122:1:5", "typeDescriptions": {"typeIdentifier": "t_contract$_I_$421", "typeString": "contract I"}}, "visibility": "internal"}, {"body": {"id": 450, "nodeType": "Block", "src": "156:48:5", "statements": [{"expression": {"id": 437, "isConstant": false, "isLValue": false, "isPure": false, "lValueRequested": false, "leftHandSide": {"id": 435, "name": "x", "nodeType": "Identifier", "overloadedDeclarations": [], "referencedDeclaration": 426, "src": "162:1:5", "typeDescriptions": {"typeIdentifier": "t_uint256", "typeString": "uint256"}}, "nodeType": "Assignment", "operator": "=", "rightHandSide": {"hexValue": "30", "id": 436, "isConstant": false, "isLValue": false, "isPure": true, "kind": "number", "lValueRequested": false, "nodeType": "Literal", "src": "166:1:5", "typeDescriptions": {"typeIdentifier": "t_rational_0_by_1", "typeString": "int_const 0"}, "value": "0"}, "src": "162:5:5", "typeDescriptions": {"typeIdentifier": "t_uint256", "typeString": "uint256"}}, "id": 438, "nodeType": "ExpressionStatement", "src": "162:5:5"}, {"expression": {"id": 441, "isConstant": false, "isLValue": false, "isPure": false, "lValueRequested": false, "leftHandSide": {"id": 439, "name": "y", "nodeType": "Identifier", "overloadedDeclarations": [], "referencedDeclaration": 428, "src": "173:1:5", "typeDescriptions": {"typeIdentifier": "t_uint256", "typeString": "uint256"}}, "nodeType": "Assignment", "operator": "=", "rightHandSide": {"id": 440, "name": "yval", "nodeType": "Identifier", "overloadedDeclarations": [], "referencedDeclaration": 432, "src": "177:4:5", "typeDescriptions": {"typeIdentifier": "t_uint256", "typeString": "uint256"}}, "src": "173:8:5", "typeDescriptions": {"typeIdentifier": "t_uint256", "typeString": "uint256"}}, "id": 442, "nodeType": "ExpressionStatement", "src": "173:8:5"}, {"expression": {"id": 448, "isConstant": false, "isLValue": false, "isPure": false, "lValueRequested": false, "leftHandSide": {"id": 443, "name": "i", "nodeType": "Identifier", "overloadedDeclarations": [], "referencedDeclaration": 430, "src": "187:1:5", "typeDescriptions": {"typeIdentifier": "t_contract$_I_$421", "typeString": "contract I"}}, "nodeType": "Assignment", "operator": "=", "rightHandSide": {"arguments": [{"hexValue": "35", "id": 446, "isConstant": false, "isLValue": false, "isPure": true, "kind": "number", "lValueRequested": false, "nodeType": "Literal", "src": "197:1:5", "typeDescriptions": {"typeIdentifier": "t_rational_5_by_1", "typeString": "int_const 5"}, "value": "5"}], "expression": {"argumentTypes": [{"typeIdentifier": "t_rational_5_by_1", "typeString": "int_const 5"}], "id": 445, "isConstant": false, "isLValue": false, "isPure": false, "lValueRequested": false, "nodeType": "NewExpression", "src": "191:5:5", "typeDescriptions": {"typeIdentifier": "t_function_creation_nonpayable$_t_uint256_$returns$_t_contract$_I_$421_$", "typeString": "function (uint256) returns (contract I)"}, "typeName": {"id": 444, "name": "I", "nodeType": "UserDefinedTypeName", "referencedDeclaration": 421, "src": "195:1:5", "typeDescriptions": {"typeIdentifier": "t_contract$_I_$421", "typeString": "contract I"}}}, "id": 447, "isConstant": false, "isLValue": false, "isPure": false, "kind": "functionCall", "lValueRequested": false, "names": [], "nodeType": "FunctionCall", "src": "191:8:5", "tryCall": false, "typeDescriptions": {"typeIdentifier": "t_contract$_I_$421", "typeString": "contract I"}}, "src": "187:12:5", "typeDescriptions": {"typeIdentifier": "t_contract$_I_$421", "typeString": "contract I"}}, "id": 449, "nodeType": "ExpressionStatement", "src": "187:12:5"}]}, "id": 451, "implemented": true, "kind": "constructor", "modifiers": [], "name": "", "nodeType": "FunctionDefinition", "parameters": {"id": 433, "nodeType": "ParameterList", "parameters": [{"constant": false, "id": 432, "mutability": "mutable", "name": "yval", "nodeType": "VariableDeclaration", "scope": 451, "src": "142:12:5", "stateVariable": false, "storageLocation": "default", "typeDescriptions": {"typeIdentifier": "t_uint256", "typeString": "uint256"}, "typeName": {"id": 431, "name": "uint256", "nodeType": "ElementaryTypeName", "src": "142:7:5", "typeDescriptions": {"typeIdentifier": "t_uint256", "typeString": "uint256"}}, "visibility": "internal"}], "src": "141:14:5"}, "returnParameters": {"id": 434, "nodeType": "ParameterList", "parameters": [], "src": "156:0:5"}, "scope": 480, "src": "130:74:5", "stateMutability": "nonpayable", "virtual": false, "visibility": "public"}, {"body": {"id": 460, "nodeType": "Block", "src": "253:25:5", "statements": [{"expression": {"arguments": [], "expression": {"argumentTypes": [], "expression": {"id": 456, "name": "i", "nodeType": "Identifier", "overloadedDeclarations": [], "referencedDeclaration": 430, "src": "266:1:5", "typeDescriptions": {"typeIdentifier": "t_contract$_I_$421", "typeString": "contract I"}}, "id": 457, "isConstant": false, "isLValue": false, "isPure": false, "lValueRequested": false, "memberName": "sum", "nodeType": "MemberAccess", "referencedDeclaration": 404, "src": "266:5:5", "typeDescriptions": {"typeIdentifier": "t_function_external_view$__$returns$_t_uint256_$", "typeString": "function () view external returns (uint256)"}}, "id": 458, "isConstant": false, "isLValue": false, "isPure": false, "kind": "functionCall", "lValueRequested": false, "names": [], "nodeType": "FunctionCall", "src": "266:7:5", "tryCall": false, "typeDescriptions": {"typeIdentifier": "t_uint256", "typeString": "uint256"}}, "functionReturnParameters": 455, "id": 459, "nodeType": "Return", "src": "259:14:5"}]}, "functionSelector": "853255cc", "id": 461, "implemented": true, "kind": "function", "modifiers": [], "name": "sum", "nodeType": "FunctionDefinition", "parameters": {"id": 452, "nodeType": "ParameterList", "parameters": [], "src": "220:2:5"}, "returnParameters": {"id": 455, "nodeType": "ParameterList", "parameters": [{"constant": false, "id": 454, "mutability": "mutable", "name": "", "nodeType": "VariableDeclaration", "scope": 461, "src": "244:7:5", "stateVariable": false, "storageLocation": "default", "typeDescriptions": {"typeIdentifier": "t_uint256", "typeString": "uint256"}, "typeName": {"id": 453, "name": "uint256", "nodeType": "ElementaryTypeName", "src": "244:7:5", "typeDescriptions": {"typeIdentifier": "t_uint256", "typeString": "uint256"}}, "visibility": "internal"}], "src": "243:9:5"}, "scope": 480, "src": "208:70:5", "stateMutability": "view", "virtual": false, "visibility": "public"}, {"body": {"id": 478, "nodeType": "Block", "src": "317:39:5", "statements": [{"expression": {"id": 468, "isConstant": false, "isLValue": false, "isPure": false, "lValueRequested": false, "leftHandSide": {"id": 466, "name": "x", "nodeType": "Identifier", "overloadedDeclarations": [], "referencedDeclaration": 426, "src": "323:1:5", "typeDescriptions": {"typeIdentifier": "t_uint256", "typeString": "uint256"}}, "nodeType": "Assignment", "operator": "=", "rightHandSide": {"id": 467, "name": "xval", "nodeType": "Identifier", "overloadedDeclarations": [], "referencedDeclaration": 463, "src": "327:4:5", "typeDescriptions": {"typeIdentifier": "t_uint256", "typeString": "uint256"}}, "src": "323:8:5", "typeDescriptions": {"typeIdentifier": "t_uint256", "typeString": "uint256"}}, "id": 469, "nodeType": "ExpressionStatement", "src": "323:8:5"}, {"expression": {"arguments": [{"commonType": {"typeIdentifier": "t_uint256", "typeString": "uint256"}, "id": 475, "isConstant": false, "isLValue": false, "isPure": false, "lValueRequested": false, "leftExpression": {"id": 473, "name": "xval", "nodeType": "Identifier", "overloadedDeclarations": [], "referencedDeclaration": 463, "src": "344:4:5", "typeDescriptions": {"typeIdentifier": "t_uint256", "typeString": "uint256"}}, "nodeType": "BinaryOperation", "operator": "+", "rightExpression": {"hexValue": "31", "id": 474, "isConstant": false, "isLValue": false, "isPure": true, "kind": "number", "lValueRequested": false, "nodeType": "Literal", "src": "349:1:5", "typeDescriptions": {"typeIdentifier": "t_rational_1_by_1", "typeString": "int_const 1"}, "value": "1"}, "src": "344:6:5", "typeDescriptions": {"typeIdentifier": "t_uint256", "typeString": "uint256"}}], "expression": {"argumentTypes": [{"typeIdentifier": "t_uint256", "typeString": "uint256"}], "expression": {"id": 470, "name": "i", "nodeType": "Identifier", "overloadedDeclarations": [], "referencedDeclaration": 430, "src": "337:1:5", "typeDescriptions": {"typeIdentifier": "t_contract$_I_$421", "typeString": "contract I"}}, "id": 472, "isConstant": false, "isLValue": false, "isPure": false, "lValueRequested": false, "memberName": "setX", "nodeType": "MemberAccess", "referencedDeclaration": 420, "src": "337:6:5", "typeDescriptions": {"typeIdentifier": "t_function_external_nonpayable$_t_uint256_$returns$__$", "typeString": "function (uint256) external"}}, "id": 476, "isConstant": false, "isLValue": false, "isPure": false, "kind": "functionCall", "lValueRequested": false, "names": [], "nodeType": "FunctionCall", "src": "337:14:5", "tryCall": false, "typeDescriptions": {"typeIdentifier": "t_tuple$__$", "typeString": "tuple()"}}, "id": 477, "nodeType": "ExpressionStatement", "src": "337:14:5"}]}, "functionSelector": "4018d9aa", "id": 479, "implemented": true, "kind": "function", "modifiers": [], "name": "setX", "nodeType": "FunctionDefinition", "parameters": {"id": 464, "nodeType": "ParameterList", "parameters": [{"constant": false, "id": 463, "mutability": "mutable", "name": "xval", "nodeType": "VariableDeclaration", "scope": 479, "src": "296:12:5", "stateVariable": false, "storageLocation": "default", "typeDescriptions": {"typeIdentifier": "t_uint256", "typeString": "uint256"}, "typeName": {"id": 462, "name": "uint256", "nodeType": "ElementaryTypeName", "src": "296:7:5", "typeDescriptions": {"typeIdentifier": "t_uint256", "typeString": "uint256"}}, "visibility": "internal"}], "src": "295:14:5"}, "returnParameters": {"id": 465, "nodeType": "ParameterList", "parameters": [], "src": "317:0:5"}, "scope": 480, "src": "282:74:5", "stateMutability": "nonpayable", "virtual": false, "visibility": "public"}], "scope": 481, "src": "81:277:5"}], "src": "37:322:5"}, "userdoc": {"methods": {}, "notice": null}, "devdoc": {"methods": {}, "author": null, "details": null, "title": null}}