{"contractName": "X", "abi": [{"inputs": [{"internalType": "uint256", "name": "yval", "type": "uint256"}], "stateMutability": "nonpayable", "type": "constructor"}, {"inputs": [{"internalType": "uint256", "name": "xval", "type": "uint256"}], "name": "setX", "outputs": [], "stateMutability": "nonpayable", "type": "function"}, {"inputs": [], "name": "sum", "outputs": [{"internalType": "uint256", "name": "", "type": "uint256"}], "stateMutability": "view", "type": "function"}], "bytecode": "0x608060405234801561001057600080fd5b50604051610bbd380380610bbd8339818101604052602081101561003357600080fd5b810190808051906020019092919050505060008081905550806001819055508060405161005f90610143565b80828152602001915050604051809103906000f080158015610085573d6000803e3d6000fd5b50600260006101000a81548173ffffffffffffffffffffffffffffffffffffffff021916908373ffffffffffffffffffffffffffffffffffffffff160217905550600181016040516100d690610150565b80828152602001915050604051809103906000f0801580156100fc573d6000803e3d6000fd5b50600360006101000a81548173ffffffffffffffffffffffffffffffffffffffff021916908373ffffffffffffffffffffffffffffffffffffffff1602179055505061015d565b6102a28061041883390190565b610503806106ba83390190565b6102ac8061016c6000396000f3fe608060405234801561001057600080fd5b50600436106100365760003560e01c80634018d9aa1461003b578063853255cc14610069575b600080fd5b6100676004803603602081101561005157600080fd5b8101908080359060200190929190505050610087565b005b610071610120565b6040518082815260200191505060405180910390f35b80600081905550600360009054906101000a900473ffffffffffffffffffffffffffffffffffffffff1673ffffffffffffffffffffffffffffffffffffffff16634018d9aa6001546040518263ffffffff1660e01b815260040180828152602001915050600060405180830381600087803b15801561010557600080fd5b505af1158015610119573d6000803e3d6000fd5b5050505050565b6000600360009054906101000a900473ffffffffffffffffffffffffffffffffffffffff1673ffffffffffffffffffffffffffffffffffffffff1663853255cc6040518163ffffffff1660e01b815260040160206040518083038186803b15801561018a57600080fd5b505afa15801561019e573d6000803e3d6000fd5b505050506040513d60208110156101b457600080fd5b8101908080519060200190929190505050600260009054906101000a900473ffffffffffffffffffffffffffffffffffffffff1673ffffffffffffffffffffffffffffffffffffffff1663a0d7afb76040518163ffffffff1660e01b815260040160206040518083038186803b15801561022d57600080fd5b505afa158015610241573d6000803e3d6000fd5b505050506040513d602081101561025757600080fd5b810190808051906020019092919050505060015460005401010190509056fe608060405234801561001057600080fd5b506040516102a23803806102a28339818101604052602081101561003357600080fd5b810190808051906020019092919050505060008081905550806001819055506005604051610060906100cd565b80828152602001915050604051809103906000f080158015610086573d6000803e3d6000fd5b50600260006101000a81548173ffffffffffffffffffffffffffffffffffffffff021916908373ffffffffffffffffffffffffffffffffffffffff160217905550506100da565b61012d8061017583390190565b608d806100e86000396000f3fe6080604052348015600f57600080fd5b506004361060285760003560e01c8063a0d7afb714602d575b600080fd5b60336049565b6040518082815260200191505060405180910390f35b60006001546000540390509056fea26469706673582212204e7f66950d7eac1667bf123fd0c2c0b36d53de5866b4bd867fac7411e321b0b464736f6c63430007030033608060405234801561001057600080fd5b5060405161012d38038061012d8339818101604052602081101561003357600080fd5b810190808051906020019092919050505060008081905550806001819055505060cc806100616000396000f3fe6080604052348015600f57600080fd5b506004361060325760003560e01c80634018d9aa146037578063853255cc146062575b600080fd5b606060048036036020811015604b57600080fd5b8101908080359060200190929190505050607e565b005b60686088565b6040518082815260200191505060405180910390f35b8060008190555050565b60006001546000540190509056fea2646970667358221220fa023934f603bf6bcaae6a6ab06db920cce4aca360c67548633e7f3514118cc964736f6c63430007030033608060405234801561001057600080fd5b506040516105033803806105038339818101604052602081101561003357600080fd5b810190808051906020019092919050505060008081905550806001819055508060405161005f906100cc565b80828152602001915050604051809103906000f080158015610085573d6000803e3d6000fd5b50600260006101000a81548173ffffffffffffffffffffffffffffffffffffffff021916908373ffffffffffffffffffffffffffffffffffffffff160217905550506100d9565b6102a28061026183390190565b610179806100e86000396000f3fe608060405234801561001057600080fd5b50600436106100365760003560e01c80634018d9aa1461003b578063853255cc14610069575b600080fd5b6100676004803603602081101561005157600080fd5b8101908080359060200190929190505050610087565b005b610071610091565b6040518082815260200191505060405180910390f35b8060008190555050565b6000600260009054906101000a900473ffffffffffffffffffffffffffffffffffffffff1673ffffffffffffffffffffffffffffffffffffffff1663a0d7afb76040518163ffffffff1660e01b815260040160206040518083038186803b1580156100fb57600080fd5b505afa15801561010f573d6000803e3d6000fd5b505050506040513d602081101561012557600080fd5b8101908080519060200190929190505050600154600054010190509056fea2646970667358221220ec8b5ae5c6f71260e1077af8088b564be4ae241ac16c43e3cac821682be2d7c964736f6c63430007030033608060405234801561001057600080fd5b506040516102a23803806102a28339818101604052602081101561003357600080fd5b810190808051906020019092919050505060008081905550806001819055506005604051610060906100cd565b80828152602001915050604051809103906000f080158015610086573d6000803e3d6000fd5b50600260006101000a81548173ffffffffffffffffffffffffffffffffffffffff021916908373ffffffffffffffffffffffffffffffffffffffff160217905550506100da565b61012d8061017583390190565b608d806100e86000396000f3fe6080604052348015600f57600080fd5b506004361060285760003560e01c8063a0d7afb714602d575b600080fd5b60336049565b6040518082815260200191505060405180910390f35b60006001546000540390509056fea26469706673582212204e7f66950d7eac1667bf123fd0c2c0b36d53de5866b4bd867fac7411e321b0b464736f6c63430007030033608060405234801561001057600080fd5b5060405161012d38038061012d8339818101604052602081101561003357600080fd5b810190808051906020019092919050505060008081905550806001819055505060cc806100616000396000f3fe6080604052348015600f57600080fd5b506004361060325760003560e01c80634018d9aa146037578063853255cc146062575b600080fd5b606060048036036020811015604b57600080fd5b8101908080359060200190929190505050607e565b005b60686088565b6040518082815260200191505060405180910390f35b8060008190555050565b60006001546000540190509056fea2646970667358221220fa023934f603bf6bcaae6a6ab06db920cce4aca360c67548633e7f3514118cc964736f6c63430007030033", "deployedBytecode": "0x608060405234801561001057600080fd5b50600436106100365760003560e01c80634018d9aa1461003b578063853255cc14610069575b600080fd5b6100676004803603602081101561005157600080fd5b8101908080359060200190929190505050610087565b005b610071610120565b6040518082815260200191505060405180910390f35b80600081905550600360009054906101000a900473ffffffffffffffffffffffffffffffffffffffff1673ffffffffffffffffffffffffffffffffffffffff16634018d9aa6001546040518263ffffffff1660e01b815260040180828152602001915050600060405180830381600087803b15801561010557600080fd5b505af1158015610119573d6000803e3d6000fd5b5050505050565b6000600360009054906101000a900473ffffffffffffffffffffffffffffffffffffffff1673ffffffffffffffffffffffffffffffffffffffff1663853255cc6040518163ffffffff1660e01b815260040160206040518083038186803b15801561018a57600080fd5b505afa15801561019e573d6000803e3d6000fd5b505050506040513d60208110156101b457600080fd5b8101908080519060200190929190505050600260009054906101000a900473ffffffffffffffffffffffffffffffffffffffff1673ffffffffffffffffffffffffffffffffffffffff1663a0d7afb76040518163ffffffff1660e01b815260040160206040518083038186803b15801561022d57600080fd5b505afa158015610241573d6000803e3d6000fd5b505050506040513d602081101561025757600080fd5b810190808051906020019092919050505060015460005401010190509056fe", "ast": {"absolutePath": "contracts/X/X.sol", "exportedSymbols": {"C": [191], "D": [229], "E": [285], "I": [421], "X": [557]}, "id": 558, "license": "Unlicense", "nodeType": "SourceUnit", "nodes": [{"id": 482, "literals": ["solidity", "^", "0.7", ".0"], "nodeType": "PragmaDirective", "src": "37:23:6"}, {"absolutePath": "contracts/C.sol", "file": "../C.sol", "id": 483, "nodeType": "ImportDirective", "scope": 558, "sourceUnit": 230, "src": "62:18:6", "symbolAliases": [], "unitAlias": ""}, {"absolutePath": "contracts/E/E.sol", "file": "../E/E.sol", "id": 484, "nodeType": "ImportDirective", "scope": 558, "sourceUnit": 286, "src": "81:20:6", "symbolAliases": [], "unitAlias": ""}, {"abstract": false, "baseContracts": [], "contractDependencies": [229, 285], "contractKind": "contract", "fullyImplemented": true, "id": 557, "linearizedBaseContracts": [557], "name": "X", "nodeType": "ContractDefinition", "nodes": [{"constant": false, "id": 486, "mutability": "mutable", "name": "x", "nodeType": "VariableDeclaration", "scope": 557, "src": "118:9:6", "stateVariable": true, "storageLocation": "default", "typeDescriptions": {"typeIdentifier": "t_uint256", "typeString": "uint256"}, "typeName": {"id": 485, "name": "uint256", "nodeType": "ElementaryTypeName", "src": "118:7:6", "typeDescriptions": {"typeIdentifier": "t_uint256", "typeString": "uint256"}}, "visibility": "internal"}, {"constant": false, "id": 488, "mutability": "mutable", "name": "y", "nodeType": "VariableDeclaration", "scope": 557, "src": "131:9:6", "stateVariable": true, "storageLocation": "default", "typeDescriptions": {"typeIdentifier": "t_uint256", "typeString": "uint256"}, "typeName": {"id": 487, "name": "uint256", "nodeType": "ElementaryTypeName", "src": "131:7:6", "typeDescriptions": {"typeIdentifier": "t_uint256", "typeString": "uint256"}}, "visibility": "internal"}, {"constant": false, "id": 490, "mutability": "mutable", "name": "d", "nodeType": "VariableDeclaration", "scope": 557, "src": "144:3:6", "stateVariable": true, "storageLocation": "default", "typeDescriptions": {"typeIdentifier": "t_contract$_D_$229", "typeString": "contract D"}, "typeName": {"id": 489, "name": "D", "nodeType": "UserDefinedTypeName", "referencedDeclaration": 229, "src": "144:1:6", "typeDescriptions": {"typeIdentifier": "t_contract$_D_$229", "typeString": "contract D"}}, "visibility": "internal"}, {"constant": false, "id": 492, "mutability": "mutable", "name": "e", "nodeType": "VariableDeclaration", "scope": 557, "src": "151:3:6", "stateVariable": true, "storageLocation": "default", "typeDescriptions": {"typeIdentifier": "t_contract$_E_$285", "typeString": "contract E"}, "typeName": {"id": 491, "name": "E", "nodeType": "UserDefinedTypeName", "referencedDeclaration": 285, "src": "151:1:6", "typeDescriptions": {"typeIdentifier": "t_contract$_E_$285", "typeString": "contract E"}}, "visibility": "internal"}, {"body": {"id": 521, "nodeType": "Block", "src": "185:74:6", "statements": [{"expression": {"id": 499, "isConstant": false, "isLValue": false, "isPure": false, "lValueRequested": false, "leftHandSide": {"id": 497, "name": "x", "nodeType": "Identifier", "overloadedDeclarations": [], "referencedDeclaration": 486, "src": "191:1:6", "typeDescriptions": {"typeIdentifier": "t_uint256", "typeString": "uint256"}}, "nodeType": "Assignment", "operator": "=", "rightHandSide": {"hexValue": "30", "id": 498, "isConstant": false, "isLValue": false, "isPure": true, "kind": "number", "lValueRequested": false, "nodeType": "Literal", "src": "195:1:6", "typeDescriptions": {"typeIdentifier": "t_rational_0_by_1", "typeString": "int_const 0"}, "value": "0"}, "src": "191:5:6", "typeDescriptions": {"typeIdentifier": "t_uint256", "typeString": "uint256"}}, "id": 500, "nodeType": "ExpressionStatement", "src": "191:5:6"}, {"expression": {"id": 503, "isConstant": false, "isLValue": false, "isPure": false, "lValueRequested": false, "leftHandSide": {"id": 501, "name": "y", "nodeType": "Identifier", "overloadedDeclarations": [], "referencedDeclaration": 488, "src": "202:1:6", "typeDescriptions": {"typeIdentifier": "t_uint256", "typeString": "uint256"}}, "nodeType": "Assignment", "operator": "=", "rightHandSide": {"id": 502, "name": "yval", "nodeType": "Identifier", "overloadedDeclarations": [], "referencedDeclaration": 494, "src": "206:4:6", "typeDescriptions": {"typeIdentifier": "t_uint256", "typeString": "uint256"}}, "src": "202:8:6", "typeDescriptions": {"typeIdentifier": "t_uint256", "typeString": "uint256"}}, "id": 504, "nodeType": "ExpressionStatement", "src": "202:8:6"}, {"expression": {"id": 510, "isConstant": false, "isLValue": false, "isPure": false, "lValueRequested": false, "leftHandSide": {"id": 505, "name": "d", "nodeType": "Identifier", "overloadedDeclarations": [], "referencedDeclaration": 490, "src": "216:1:6", "typeDescriptions": {"typeIdentifier": "t_contract$_D_$229", "typeString": "contract D"}}, "nodeType": "Assignment", "operator": "=", "rightHandSide": {"arguments": [{"id": 508, "name": "yval", "nodeType": "Identifier", "overloadedDeclarations": [], "referencedDeclaration": 494, "src": "226:4:6", "typeDescriptions": {"typeIdentifier": "t_uint256", "typeString": "uint256"}}], "expression": {"argumentTypes": [{"typeIdentifier": "t_uint256", "typeString": "uint256"}], "id": 507, "isConstant": false, "isLValue": false, "isPure": false, "lValueRequested": false, "nodeType": "NewExpression", "src": "220:5:6", "typeDescriptions": {"typeIdentifier": "t_function_creation_nonpayable$_t_uint256_$returns$_t_contract$_D_$229_$", "typeString": "function (uint256) returns (contract D)"}, "typeName": {"id": 506, "name": "D", "nodeType": "UserDefinedTypeName", "referencedDeclaration": 229, "src": "224:1:6", "typeDescriptions": {"typeIdentifier": "t_contract$_D_$229", "typeString": "contract D"}}}, "id": 509, "isConstant": false, "isLValue": false, "isPure": false, "kind": "functionCall", "lValueRequested": false, "names": [], "nodeType": "FunctionCall", "src": "220:11:6", "tryCall": false, "typeDescriptions": {"typeIdentifier": "t_contract$_D_$229", "typeString": "contract D"}}, "src": "216:15:6", "typeDescriptions": {"typeIdentifier": "t_contract$_D_$229", "typeString": "contract D"}}, "id": 511, "nodeType": "ExpressionStatement", "src": "216:15:6"}, {"expression": {"id": 519, "isConstant": false, "isLValue": false, "isPure": false, "lValueRequested": false, "leftHandSide": {"id": 512, "name": "e", "nodeType": "Identifier", "overloadedDeclarations": [], "referencedDeclaration": 492, "src": "237:1:6", "typeDescriptions": {"typeIdentifier": "t_contract$_E_$285", "typeString": "contract E"}}, "nodeType": "Assignment", "operator": "=", "rightHandSide": {"arguments": [{"commonType": {"typeIdentifier": "t_uint256", "typeString": "uint256"}, "id": 517, "isConstant": false, "isLValue": false, "isPure": false, "lValueRequested": false, "leftExpression": {"id": 515, "name": "yval", "nodeType": "Identifier", "overloadedDeclarations": [], "referencedDeclaration": 494, "src": "247:4:6", "typeDescriptions": {"typeIdentifier": "t_uint256", "typeString": "uint256"}}, "nodeType": "BinaryOperation", "operator": "+", "rightExpression": {"hexValue": "31", "id": 516, "isConstant": false, "isLValue": false, "isPure": true, "kind": "number", "lValueRequested": false, "nodeType": "Literal", "src": "252:1:6", "typeDescriptions": {"typeIdentifier": "t_rational_1_by_1", "typeString": "int_const 1"}, "value": "1"}, "src": "247:6:6", "typeDescriptions": {"typeIdentifier": "t_uint256", "typeString": "uint256"}}], "expression": {"argumentTypes": [{"typeIdentifier": "t_uint256", "typeString": "uint256"}], "id": 514, "isConstant": false, "isLValue": false, "isPure": false, "lValueRequested": false, "nodeType": "NewExpression", "src": "241:5:6", "typeDescriptions": {"typeIdentifier": "t_function_creation_nonpayable$_t_uint256_$returns$_t_contract$_E_$285_$", "typeString": "function (uint256) returns (contract E)"}, "typeName": {"id": 513, "name": "E", "nodeType": "UserDefinedTypeName", "referencedDeclaration": 285, "src": "245:1:6", "typeDescriptions": {"typeIdentifier": "t_contract$_E_$285", "typeString": "contract E"}}}, "id": 518, "isConstant": false, "isLValue": false, "isPure": false, "kind": "functionCall", "lValueRequested": false, "names": [], "nodeType": "FunctionCall", "src": "241:13:6", "tryCall": false, "typeDescriptions": {"typeIdentifier": "t_contract$_E_$285", "typeString": "contract E"}}, "src": "237:17:6", "typeDescriptions": {"typeIdentifier": "t_contract$_E_$285", "typeString": "contract E"}}, "id": 520, "nodeType": "ExpressionStatement", "src": "237:17:6"}]}, "id": 522, "implemented": true, "kind": "constructor", "modifiers": [], "name": "", "nodeType": "FunctionDefinition", "parameters": {"id": 495, "nodeType": "ParameterList", "parameters": [{"constant": false, "id": 494, "mutability": "mutable", "name": "yval", "nodeType": "VariableDeclaration", "scope": 522, "src": "171:12:6", "stateVariable": false, "storageLocation": "default", "typeDescriptions": {"typeIdentifier": "t_uint256", "typeString": "uint256"}, "typeName": {"id": 493, "name": "uint256", "nodeType": "ElementaryTypeName", "src": "171:7:6", "typeDescriptions": {"typeIdentifier": "t_uint256", "typeString": "uint256"}}, "visibility": "internal"}], "src": "170:14:6"}, "returnParameters": {"id": 496, "nodeType": "ParameterList", "parameters": [], "src": "185:0:6"}, "scope": 557, "src": "159:100:6", "stateMutability": "nonpayable", "virtual": false, "visibility": "public"}, {"body": {"id": 539, "nodeType": "Block", "src": "308:38:6", "statements": [{"expression": {"commonType": {"typeIdentifier": "t_uint256", "typeString": "uint256"}, "id": 537, "isConstant": false, "isLValue": false, "isPure": false, "lValueRequested": false, "leftExpression": {"commonType": {"typeIdentifier": "t_uint256", "typeString": "uint256"}, "id": 533, "isConstant": false, "isLValue": false, "isPure": false, "lValueRequested": false, "leftExpression": {"commonType": {"typeIdentifier": "t_uint256", "typeString": "uint256"}, "id": 529, "isConstant": false, "isLValue": false, "isPure": false, "lValueRequested": false, "leftExpression": {"id": 527, "name": "x", "nodeType": "Identifier", "overloadedDeclarations": [], "referencedDeclaration": 486, "src": "321:1:6", "typeDescriptions": {"typeIdentifier": "t_uint256", "typeString": "uint256"}}, "nodeType": "BinaryOperation", "operator": "+", "rightExpression": {"id": 528, "name": "y", "nodeType": "Identifier", "overloadedDeclarations": [], "referencedDeclaration": 488, "src": "323:1:6", "typeDescriptions": {"typeIdentifier": "t_uint256", "typeString": "uint256"}}, "src": "321:3:6", "typeDescriptions": {"typeIdentifier": "t_uint256", "typeString": "uint256"}}, "nodeType": "BinaryOperation", "operator": "+", "rightExpression": {"arguments": [], "expression": {"argumentTypes": [], "expression": {"id": 530, "name": "d", "nodeType": "Identifier", "overloadedDeclarations": [], "referencedDeclaration": 490, "src": "325:1:6", "typeDescriptions": {"typeIdentifier": "t_contract$_D_$229", "typeString": "contract D"}}, "id": 531, "isConstant": false, "isLValue": false, "isPure": false, "lValueRequested": false, "memberName": "diff", "nodeType": "MemberAccess", "referencedDeclaration": 228, "src": "325:6:6", "typeDescriptions": {"typeIdentifier": "t_function_external_view$__$returns$_t_uint256_$", "typeString": "function () view external returns (uint256)"}}, "id": 532, "isConstant": false, "isLValue": false, "isPure": false, "kind": "functionCall", "lValueRequested": false, "names": [], "nodeType": "FunctionCall", "src": "325:8:6", "tryCall": false, "typeDescriptions": {"typeIdentifier": "t_uint256", "typeString": "uint256"}}, "src": "321:12:6", "typeDescriptions": {"typeIdentifier": "t_uint256", "typeString": "uint256"}}, "nodeType": "BinaryOperation", "operator": "+", "rightExpression": {"arguments": [], "expression": {"argumentTypes": [], "expression": {"id": 534, "name": "e", "nodeType": "Identifier", "overloadedDeclarations": [], "referencedDeclaration": 492, "src": "334:1:6", "typeDescriptions": {"typeIdentifier": "t_contract$_E_$285", "typeString": "contract E"}}, "id": 535, "isConstant": false, "isLValue": false, "isPure": false, "lValueRequested": false, "memberName": "sum", "nodeType": "MemberAccess", "referencedDeclaration": 274, "src": "334:5:6", "typeDescriptions": {"typeIdentifier": "t_function_external_view$__$returns$_t_uint256_$", "typeString": "function () view external returns (uint256)"}}, "id": 536, "isConstant": false, "isLValue": false, "isPure": false, "kind": "functionCall", "lValueRequested": false, "names": [], "nodeType": "FunctionCall", "src": "334:7:6", "tryCall": false, "typeDescriptions": {"typeIdentifier": "t_uint256", "typeString": "uint256"}}, "src": "321:20:6", "typeDescriptions": {"typeIdentifier": "t_uint256", "typeString": "uint256"}}, "functionReturnParameters": 526, "id": 538, "nodeType": "Return", "src": "314:27:6"}]}, "functionSelector": "853255cc", "id": 540, "implemented": true, "kind": "function", "modifiers": [], "name": "sum", "nodeType": "FunctionDefinition", "parameters": {"id": 523, "nodeType": "ParameterList", "parameters": [], "src": "275:2:6"}, "returnParameters": {"id": 526, "nodeType": "ParameterList", "parameters": [{"constant": false, "id": 525, "mutability": "mutable", "name": "", "nodeType": "VariableDeclaration", "scope": 540, "src": "299:7:6", "stateVariable": false, "storageLocation": "default", "typeDescriptions": {"typeIdentifier": "t_uint256", "typeString": "uint256"}, "typeName": {"id": 524, "name": "uint256", "nodeType": "ElementaryTypeName", "src": "299:7:6", "typeDescriptions": {"typeIdentifier": "t_uint256", "typeString": "uint256"}}, "visibility": "internal"}], "src": "298:9:6"}, "scope": 557, "src": "263:83:6", "stateMutability": "view", "virtual": false, "visibility": "public"}, {"body": {"id": 555, "nodeType": "Block", "src": "385:34:6", "statements": [{"expression": {"id": 547, "isConstant": false, "isLValue": false, "isPure": false, "lValueRequested": false, "leftHandSide": {"id": 545, "name": "x", "nodeType": "Identifier", "overloadedDeclarations": [], "referencedDeclaration": 486, "src": "391:1:6", "typeDescriptions": {"typeIdentifier": "t_uint256", "typeString": "uint256"}}, "nodeType": "Assignment", "operator": "=", "rightHandSide": {"id": 546, "name": "xval", "nodeType": "Identifier", "overloadedDeclarations": [], "referencedDeclaration": 542, "src": "395:4:6", "typeDescriptions": {"typeIdentifier": "t_uint256", "typeString": "uint256"}}, "src": "391:8:6", "typeDescriptions": {"typeIdentifier": "t_uint256", "typeString": "uint256"}}, "id": 548, "nodeType": "ExpressionStatement", "src": "391:8:6"}, {"expression": {"arguments": [{"id": 552, "name": "y", "nodeType": "Identifier", "overloadedDeclarations": [], "referencedDeclaration": 488, "src": "412:1:6", "typeDescriptions": {"typeIdentifier": "t_uint256", "typeString": "uint256"}}], "expression": {"argumentTypes": [{"typeIdentifier": "t_uint256", "typeString": "uint256"}], "expression": {"id": 549, "name": "e", "nodeType": "Identifier", "overloadedDeclarations": [], "referencedDeclaration": 492, "src": "405:1:6", "typeDescriptions": {"typeIdentifier": "t_contract$_E_$285", "typeString": "contract E"}}, "id": 551, "isConstant": false, "isLValue": false, "isPure": false, "lValueRequested": false, "memberName": "setX", "nodeType": "MemberAccess", "referencedDeclaration": 284, "src": "405:6:6", "typeDescriptions": {"typeIdentifier": "t_function_external_nonpayable$_t_uint256_$returns$__$", "typeString": "function (uint256) external"}}, "id": 553, "isConstant": false, "isLValue": false, "isPure": false, "kind": "functionCall", "lValueRequested": false, "names": [], "nodeType": "FunctionCall", "src": "405:9:6", "tryCall": false, "typeDescriptions": {"typeIdentifier": "t_tuple$__$", "typeString": "tuple()"}}, "id": 554, "nodeType": "ExpressionStatement", "src": "405:9:6"}]}, "functionSelector": "4018d9aa", "id": 556, "implemented": true, "kind": "function", "modifiers": [], "name": "setX", "nodeType": "FunctionDefinition", "parameters": {"id": 543, "nodeType": "ParameterList", "parameters": [{"constant": false, "id": 542, "mutability": "mutable", "name": "xval", "nodeType": "VariableDeclaration", "scope": 556, "src": "364:12:6", "stateVariable": false, "storageLocation": "default", "typeDescriptions": {"typeIdentifier": "t_uint256", "typeString": "uint256"}, "typeName": {"id": 541, "name": "uint256", "nodeType": "ElementaryTypeName", "src": "364:7:6", "typeDescriptions": {"typeIdentifier": "t_uint256", "typeString": "uint256"}}, "visibility": "internal"}], "src": "363:14:6"}, "returnParameters": {"id": 544, "nodeType": "ParameterList", "parameters": [], "src": "385:0:6"}, "scope": 557, "src": "350:69:6", "stateMutability": "nonpayable", "virtual": false, "visibility": "public"}], "scope": 558, "src": "103:318:6"}], "src": "37:385:6"}, "userdoc": {"methods": {}, "notice": null}, "devdoc": {"methods": {}, "author": null, "details": null, "title": null}}