{"contractName": "Z", "abi": [{"inputs": [{"internalType": "uint256", "name": "yval", "type": "uint256"}], "stateMutability": "nonpayable", "type": "constructor"}, {"inputs": [{"internalType": "uint256", "name": "xval", "type": "uint256"}], "name": "setX", "outputs": [], "stateMutability": "nonpayable", "type": "function"}, {"inputs": [], "name": "sum", "outputs": [{"internalType": "uint256", "name": "", "type": "uint256"}], "stateMutability": "view", "type": "function"}], "bytecode": "0x608060405234801561001057600080fd5b50604051610e99380380610e998339818101604052602081101561003357600080fd5b8101908080519060200190929190505050806000819055506005604051610059906100c6565b80828152602001915050604051809103906000f08015801561007f573d6000803e3d6000fd5b50600160006101000a81548173ffffffffffffffffffffffffffffffffffffffff021916908373ffffffffffffffffffffffffffffffffffffffff160217905550506100d3565b610bbd806102dc83390190565b6101fa806100e26000396000f3fe608060405234801561001057600080fd5b50600436106100365760003560e01c80634018d9aa1461003b578063853255cc14610069575b600080fd5b6100676004803603602081101561005157600080fd5b8101908080359060200190929190505050610087565b005b61007161011a565b6040518082815260200191505060405180910390f35b600160009054906101000a900473ffffffffffffffffffffffffffffffffffffffff1673ffffffffffffffffffffffffffffffffffffffff16634018d9aa600183016040518263ffffffff1660e01b815260040180828152602001915050600060405180830381600087803b1580156100ff57600080fd5b505af1158015610113573d6000803e3d6000fd5b5050505050565b6000600160009054906101000a900473ffffffffffffffffffffffffffffffffffffffff1673ffffffffffffffffffffffffffffffffffffffff1663853255cc6040518163ffffffff1660e01b815260040160206040518083038186803b15801561018457600080fd5b505afa158015610198573d6000803e3d6000fd5b505050506040513d60208110156101ae57600080fd5b810190808051906020019092919050505090509056fe608060405234801561001057600080fd5b50604051610bbd380380610bbd8339818101604052602081101561003357600080fd5b810190808051906020019092919050505060008081905550806001819055508060405161005f90610143565b80828152602001915050604051809103906000f080158015610085573d6000803e3d6000fd5b50600260006101000a81548173ffffffffffffffffffffffffffffffffffffffff021916908373ffffffffffffffffffffffffffffffffffffffff160217905550600181016040516100d690610150565b80828152602001915050604051809103906000f0801580156100fc573d6000803e3d6000fd5b50600360006101000a81548173ffffffffffffffffffffffffffffffffffffffff021916908373ffffffffffffffffffffffffffffffffffffffff1602179055505061015d565b6102a28061041883390190565b610503806106ba83390190565b6102ac8061016c6000396000f3fe608060405234801561001057600080fd5b50600436106100365760003560e01c80634018d9aa1461003b578063853255cc14610069575b600080fd5b6100676004803603602081101561005157600080fd5b8101908080359060200190929190505050610087565b005b610071610120565b6040518082815260200191505060405180910390f35b80600081905550600360009054906101000a900473ffffffffffffffffffffffffffffffffffffffff1673ffffffffffffffffffffffffffffffffffffffff16634018d9aa6001546040518263ffffffff1660e01b815260040180828152602001915050600060405180830381600087803b15801561010557600080fd5b505af1158015610119573d6000803e3d6000fd5b5050505050565b6000600360009054906101000a900473ffffffffffffffffffffffffffffffffffffffff1673ffffffffffffffffffffffffffffffffffffffff1663853255cc6040518163ffffffff1660e01b815260040160206040518083038186803b15801561018a57600080fd5b505afa15801561019e573d6000803e3d6000fd5b505050506040513d60208110156101b457600080fd5b8101908080519060200190929190505050600260009054906101000a900473ffffffffffffffffffffffffffffffffffffffff1673ffffffffffffffffffffffffffffffffffffffff1663a0d7afb76040518163ffffffff1660e01b815260040160206040518083038186803b15801561022d57600080fd5b505afa158015610241573d6000803e3d6000fd5b505050506040513d602081101561025757600080fd5b810190808051906020019092919050505060015460005401010190509056fea2646970667358221220a5363a19a9f78e7325c5b5daf5b391bec6b791a5dcbc774b74c1a26908d75a0164736f6c63430007030033608060405234801561001057600080fd5b506040516102a23803806102a28339818101604052602081101561003357600080fd5b810190808051906020019092919050505060008081905550806001819055506005604051610060906100cd565b80828152602001915050604051809103906000f080158015610086573d6000803e3d6000fd5b50600260006101000a81548173ffffffffffffffffffffffffffffffffffffffff021916908373ffffffffffffffffffffffffffffffffffffffff160217905550506100da565b61012d8061017583390190565b608d806100e86000396000f3fe6080604052348015600f57600080fd5b506004361060285760003560e01c8063a0d7afb714602d575b600080fd5b60336049565b6040518082815260200191505060405180910390f35b60006001546000540390509056fea26469706673582212204e7f66950d7eac1667bf123fd0c2c0b36d53de5866b4bd867fac7411e321b0b464736f6c63430007030033608060405234801561001057600080fd5b5060405161012d38038061012d8339818101604052602081101561003357600080fd5b810190808051906020019092919050505060008081905550806001819055505060cc806100616000396000f3fe6080604052348015600f57600080fd5b506004361060325760003560e01c80634018d9aa146037578063853255cc146062575b600080fd5b606060048036036020811015604b57600080fd5b8101908080359060200190929190505050607e565b005b60686088565b6040518082815260200191505060405180910390f35b8060008190555050565b60006001546000540190509056fea2646970667358221220fa023934f603bf6bcaae6a6ab06db920cce4aca360c67548633e7f3514118cc964736f6c63430007030033608060405234801561001057600080fd5b506040516105033803806105038339818101604052602081101561003357600080fd5b810190808051906020019092919050505060008081905550806001819055508060405161005f906100cc565b80828152602001915050604051809103906000f080158015610085573d6000803e3d6000fd5b50600260006101000a81548173ffffffffffffffffffffffffffffffffffffffff021916908373ffffffffffffffffffffffffffffffffffffffff160217905550506100d9565b6102a28061026183390190565b610179806100e86000396000f3fe608060405234801561001057600080fd5b50600436106100365760003560e01c80634018d9aa1461003b578063853255cc14610069575b600080fd5b6100676004803603602081101561005157600080fd5b8101908080359060200190929190505050610087565b005b610071610091565b6040518082815260200191505060405180910390f35b8060008190555050565b6000600260009054906101000a900473ffffffffffffffffffffffffffffffffffffffff1673ffffffffffffffffffffffffffffffffffffffff1663a0d7afb76040518163ffffffff1660e01b815260040160206040518083038186803b1580156100fb57600080fd5b505afa15801561010f573d6000803e3d6000fd5b505050506040513d602081101561012557600080fd5b8101908080519060200190929190505050600154600054010190509056fea2646970667358221220ec8b5ae5c6f71260e1077af8088b564be4ae241ac16c43e3cac821682be2d7c964736f6c63430007030033608060405234801561001057600080fd5b506040516102a23803806102a28339818101604052602081101561003357600080fd5b810190808051906020019092919050505060008081905550806001819055506005604051610060906100cd565b80828152602001915050604051809103906000f080158015610086573d6000803e3d6000fd5b50600260006101000a81548173ffffffffffffffffffffffffffffffffffffffff021916908373ffffffffffffffffffffffffffffffffffffffff160217905550506100da565b61012d8061017583390190565b608d806100e86000396000f3fe6080604052348015600f57600080fd5b506004361060285760003560e01c8063a0d7afb714602d575b600080fd5b60336049565b6040518082815260200191505060405180910390f35b60006001546000540390509056fea26469706673582212204e7f66950d7eac1667bf123fd0c2c0b36d53de5866b4bd867fac7411e321b0b464736f6c63430007030033608060405234801561001057600080fd5b5060405161012d38038061012d8339818101604052602081101561003357600080fd5b810190808051906020019092919050505060008081905550806001819055505060cc806100616000396000f3fe6080604052348015600f57600080fd5b506004361060325760003560e01c80634018d9aa146037578063853255cc146062575b600080fd5b606060048036036020811015604b57600080fd5b8101908080359060200190929190505050607e565b005b60686088565b6040518082815260200191505060405180910390f35b8060008190555050565b60006001546000540190509056fea2646970667358221220fa023934f603bf6bcaae6a6ab06db920cce4aca360c67548633e7f3514118cc964736f6c63430007030033", "deployedBytecode": "0x608060405234801561001057600080fd5b50600436106100365760003560e01c80634018d9aa1461003b578063853255cc14610069575b600080fd5b6100676004803603602081101561005157600080fd5b8101908080359060200190929190505050610087565b005b61007161011a565b6040518082815260200191505060405180910390f35b600160009054906101000a900473ffffffffffffffffffffffffffffffffffffffff1673ffffffffffffffffffffffffffffffffffffffff16634018d9aa600183016040518263ffffffff1660e01b815260040180828152602001915050600060405180830381600087803b1580156100ff57600080fd5b505af1158015610113573d6000803e3d6000fd5b5050505050565b6000600160009054906101000a900473ffffffffffffffffffffffffffffffffffffffff1673ffffffffffffffffffffffffffffffffffffffff1663853255cc6040518163ffffffff1660e01b815260040160206040518083038186803b15801561018457600080fd5b505afa158015610198573d6000803e3d6000fd5b505050506040513d60208110156101ae57600080fd5b810190808051906020019092919050505090509056fe", "ast": {"absolutePath": "contracts/X/Z.sol", "exportedSymbols": {"C": [191], "D": [229], "E": [285], "I": [421], "X": [557], "Z": [606]}, "id": 607, "license": "Unlicense", "nodeType": "SourceUnit", "nodes": [{"id": 559, "literals": ["solidity", "^", "0.7", ".0"], "nodeType": "PragmaDirective", "src": "37:23:7"}, {"absolutePath": "contracts/X/X.sol", "file": "./X.sol", "id": 560, "nodeType": "ImportDirective", "scope": 607, "sourceUnit": 558, "src": "62:17:7", "symbolAliases": [], "unitAlias": ""}, {"abstract": false, "baseContracts": [], "contractDependencies": [557], "contractKind": "contract", "fullyImplemented": true, "id": 606, "linearizedBaseContracts": [606], "name": "Z", "nodeType": "ContractDefinition", "nodes": [{"constant": false, "id": 562, "mutability": "mutable", "name": "y", "nodeType": "VariableDeclaration", "scope": 606, "src": "96:9:7", "stateVariable": true, "storageLocation": "default", "typeDescriptions": {"typeIdentifier": "t_uint256", "typeString": "uint256"}, "typeName": {"id": 561, "name": "uint256", "nodeType": "ElementaryTypeName", "src": "96:7:7", "typeDescriptions": {"typeIdentifier": "t_uint256", "typeString": "uint256"}}, "visibility": "internal"}, {"constant": false, "id": 564, "mutability": "mutable", "name": "x", "nodeType": "VariableDeclaration", "scope": 606, "src": "109:3:7", "stateVariable": true, "storageLocation": "default", "typeDescriptions": {"typeIdentifier": "t_contract$_X_$557", "typeString": "contract X"}, "typeName": {"id": 563, "name": "X", "nodeType": "UserDefinedTypeName", "referencedDeclaration": 557, "src": "109:1:7", "typeDescriptions": {"typeIdentifier": "t_contract$_X_$557", "typeString": "contract X"}}, "visibility": "internal"}, {"body": {"id": 580, "nodeType": "Block", "src": "143:37:7", "statements": [{"expression": {"id": 571, "isConstant": false, "isLValue": false, "isPure": false, "lValueRequested": false, "leftHandSide": {"id": 569, "name": "y", "nodeType": "Identifier", "overloadedDeclarations": [], "referencedDeclaration": 562, "src": "149:1:7", "typeDescriptions": {"typeIdentifier": "t_uint256", "typeString": "uint256"}}, "nodeType": "Assignment", "operator": "=", "rightHandSide": {"id": 570, "name": "yval", "nodeType": "Identifier", "overloadedDeclarations": [], "referencedDeclaration": 566, "src": "153:4:7", "typeDescriptions": {"typeIdentifier": "t_uint256", "typeString": "uint256"}}, "src": "149:8:7", "typeDescriptions": {"typeIdentifier": "t_uint256", "typeString": "uint256"}}, "id": 572, "nodeType": "ExpressionStatement", "src": "149:8:7"}, {"expression": {"id": 578, "isConstant": false, "isLValue": false, "isPure": false, "lValueRequested": false, "leftHandSide": {"id": 573, "name": "x", "nodeType": "Identifier", "overloadedDeclarations": [], "referencedDeclaration": 564, "src": "163:1:7", "typeDescriptions": {"typeIdentifier": "t_contract$_X_$557", "typeString": "contract X"}}, "nodeType": "Assignment", "operator": "=", "rightHandSide": {"arguments": [{"hexValue": "35", "id": 576, "isConstant": false, "isLValue": false, "isPure": true, "kind": "number", "lValueRequested": false, "nodeType": "Literal", "src": "173:1:7", "typeDescriptions": {"typeIdentifier": "t_rational_5_by_1", "typeString": "int_const 5"}, "value": "5"}], "expression": {"argumentTypes": [{"typeIdentifier": "t_rational_5_by_1", "typeString": "int_const 5"}], "id": 575, "isConstant": false, "isLValue": false, "isPure": false, "lValueRequested": false, "nodeType": "NewExpression", "src": "167:5:7", "typeDescriptions": {"typeIdentifier": "t_function_creation_nonpayable$_t_uint256_$returns$_t_contract$_X_$557_$", "typeString": "function (uint256) returns (contract X)"}, "typeName": {"id": 574, "name": "X", "nodeType": "UserDefinedTypeName", "referencedDeclaration": 557, "src": "171:1:7", "typeDescriptions": {"typeIdentifier": "t_contract$_X_$557", "typeString": "contract X"}}}, "id": 577, "isConstant": false, "isLValue": false, "isPure": false, "kind": "functionCall", "lValueRequested": false, "names": [], "nodeType": "FunctionCall", "src": "167:8:7", "tryCall": false, "typeDescriptions": {"typeIdentifier": "t_contract$_X_$557", "typeString": "contract X"}}, "src": "163:12:7", "typeDescriptions": {"typeIdentifier": "t_contract$_X_$557", "typeString": "contract X"}}, "id": 579, "nodeType": "ExpressionStatement", "src": "163:12:7"}]}, "id": 581, "implemented": true, "kind": "constructor", "modifiers": [], "name": "", "nodeType": "FunctionDefinition", "parameters": {"id": 567, "nodeType": "ParameterList", "parameters": [{"constant": false, "id": 566, "mutability": "mutable", "name": "yval", "nodeType": "VariableDeclaration", "scope": 581, "src": "129:12:7", "stateVariable": false, "storageLocation": "default", "typeDescriptions": {"typeIdentifier": "t_uint256", "typeString": "uint256"}, "typeName": {"id": 565, "name": "uint256", "nodeType": "ElementaryTypeName", "src": "129:7:7", "typeDescriptions": {"typeIdentifier": "t_uint256", "typeString": "uint256"}}, "visibility": "internal"}], "src": "128:14:7"}, "returnParameters": {"id": 568, "nodeType": "ParameterList", "parameters": [], "src": "143:0:7"}, "scope": 606, "src": "117:63:7", "stateMutability": "nonpayable", "virtual": false, "visibility": "public"}, {"body": {"id": 590, "nodeType": "Block", "src": "229:25:7", "statements": [{"expression": {"arguments": [], "expression": {"argumentTypes": [], "expression": {"id": 586, "name": "x", "nodeType": "Identifier", "overloadedDeclarations": [], "referencedDeclaration": 564, "src": "242:1:7", "typeDescriptions": {"typeIdentifier": "t_contract$_X_$557", "typeString": "contract X"}}, "id": 587, "isConstant": false, "isLValue": false, "isPure": false, "lValueRequested": false, "memberName": "sum", "nodeType": "MemberAccess", "referencedDeclaration": 540, "src": "242:5:7", "typeDescriptions": {"typeIdentifier": "t_function_external_view$__$returns$_t_uint256_$", "typeString": "function () view external returns (uint256)"}}, "id": 588, "isConstant": false, "isLValue": false, "isPure": false, "kind": "functionCall", "lValueRequested": false, "names": [], "nodeType": "FunctionCall", "src": "242:7:7", "tryCall": false, "typeDescriptions": {"typeIdentifier": "t_uint256", "typeString": "uint256"}}, "functionReturnParameters": 585, "id": 589, "nodeType": "Return", "src": "235:14:7"}]}, "functionSelector": "853255cc", "id": 591, "implemented": true, "kind": "function", "modifiers": [], "name": "sum", "nodeType": "FunctionDefinition", "parameters": {"id": 582, "nodeType": "ParameterList", "parameters": [], "src": "196:2:7"}, "returnParameters": {"id": 585, "nodeType": "ParameterList", "parameters": [{"constant": false, "id": 584, "mutability": "mutable", "name": "", "nodeType": "VariableDeclaration", "scope": 591, "src": "220:7:7", "stateVariable": false, "storageLocation": "default", "typeDescriptions": {"typeIdentifier": "t_uint256", "typeString": "uint256"}, "typeName": {"id": 583, "name": "uint256", "nodeType": "ElementaryTypeName", "src": "220:7:7", "typeDescriptions": {"typeIdentifier": "t_uint256", "typeString": "uint256"}}, "visibility": "internal"}], "src": "219:9:7"}, "scope": 606, "src": "184:70:7", "stateMutability": "view", "virtual": false, "visibility": "public"}, {"body": {"id": 604, "nodeType": "Block", "src": "293:25:7", "statements": [{"expression": {"arguments": [{"commonType": {"typeIdentifier": "t_uint256", "typeString": "uint256"}, "id": 601, "isConstant": false, "isLValue": false, "isPure": false, "lValueRequested": false, "leftExpression": {"id": 599, "name": "xval", "nodeType": "Identifier", "overloadedDeclarations": [], "referencedDeclaration": 593, "src": "306:4:7", "typeDescriptions": {"typeIdentifier": "t_uint256", "typeString": "uint256"}}, "nodeType": "BinaryOperation", "operator": "+", "rightExpression": {"hexValue": "31", "id": 600, "isConstant": false, "isLValue": false, "isPure": true, "kind": "number", "lValueRequested": false, "nodeType": "Literal", "src": "311:1:7", "typeDescriptions": {"typeIdentifier": "t_rational_1_by_1", "typeString": "int_const 1"}, "value": "1"}, "src": "306:6:7", "typeDescriptions": {"typeIdentifier": "t_uint256", "typeString": "uint256"}}], "expression": {"argumentTypes": [{"typeIdentifier": "t_uint256", "typeString": "uint256"}], "expression": {"id": 596, "name": "x", "nodeType": "Identifier", "overloadedDeclarations": [], "referencedDeclaration": 564, "src": "299:1:7", "typeDescriptions": {"typeIdentifier": "t_contract$_X_$557", "typeString": "contract X"}}, "id": 598, "isConstant": false, "isLValue": false, "isPure": false, "lValueRequested": false, "memberName": "setX", "nodeType": "MemberAccess", "referencedDeclaration": 556, "src": "299:6:7", "typeDescriptions": {"typeIdentifier": "t_function_external_nonpayable$_t_uint256_$returns$__$", "typeString": "function (uint256) external"}}, "id": 602, "isConstant": false, "isLValue": false, "isPure": false, "kind": "functionCall", "lValueRequested": false, "names": [], "nodeType": "FunctionCall", "src": "299:14:7", "tryCall": false, "typeDescriptions": {"typeIdentifier": "t_tuple$__$", "typeString": "tuple()"}}, "id": 603, "nodeType": "ExpressionStatement", "src": "299:14:7"}]}, "functionSelector": "4018d9aa", "id": 605, "implemented": true, "kind": "function", "modifiers": [], "name": "setX", "nodeType": "FunctionDefinition", "parameters": {"id": 594, "nodeType": "ParameterList", "parameters": [{"constant": false, "id": 593, "mutability": "mutable", "name": "xval", "nodeType": "VariableDeclaration", "scope": 605, "src": "272:12:7", "stateVariable": false, "storageLocation": "default", "typeDescriptions": {"typeIdentifier": "t_uint256", "typeString": "uint256"}, "typeName": {"id": 592, "name": "uint256", "nodeType": "ElementaryTypeName", "src": "272:7:7", "typeDescriptions": {"typeIdentifier": "t_uint256", "typeString": "uint256"}}, "visibility": "internal"}], "src": "271:14:7"}, "returnParameters": {"id": 595, "nodeType": "ParameterList", "parameters": [], "src": "293:0:7"}, "scope": 606, "src": "258:60:7", "stateMutability": "nonpayable", "virtual": false, "visibility": "public"}], "scope": 607, "src": "81:239:7"}], "src": "37:284:7"}, "userdoc": {"methods": {}, "notice": null}, "devdoc": {"methods": {}, "author": null, "details": null, "title": null}}