{"asts": {"/tmp/embark_demo/.embark/contracts/simple_storage.sol": {"absolutePath": "/tmp/embark_demo/.embark/contracts/simple_storage.sol", "exportedSymbols": {"SimpleStorage": [32]}, "id": 33, "nodeType": "SourceUnit", "nodes": [{"id": 1, "literals": ["solidity", "^", "0.5", ".0"], "nodeType": "PragmaDirective", "src": "0:23:0"}, {"baseContracts": [], "contractDependencies": [], "contractKind": "contract", "documentation": null, "fullyImplemented": true, "id": 32, "linearizedBaseContracts": [32], "name": "SimpleStorage", "nodeType": "ContractDefinition", "nodes": [{"constant": false, "id": 3, "name": "storedData", "nodeType": "VariableDeclaration", "scope": 32, "src": "52:22:0", "stateVariable": true, "storageLocation": "default", "typeDescriptions": {"typeIdentifier": "t_uint256", "typeString": "uint256"}, "typeName": {"id": 2, "name": "uint", "nodeType": "ElementaryTypeName", "src": "52:4:0", "typeDescriptions": {"typeIdentifier": "t_uint256", "typeString": "uint256"}}, "value": null, "visibility": "public"}, {"body": {"id": 12, "nodeType": "Block", "src": "117:36:0", "statements": [{"expression": {"argumentTypes": null, "id": 10, "isConstant": false, "isLValue": false, "isPure": false, "lValueRequested": false, "leftHandSide": {"argumentTypes": null, "id": 8, "name": "storedData", "nodeType": "Identifier", "overloadedDeclarations": [], "referencedDeclaration": 3, "src": "123:10:0", "typeDescriptions": {"typeIdentifier": "t_uint256", "typeString": "uint256"}}, "nodeType": "Assignment", "operator": "=", "rightHandSide": {"argumentTypes": null, "id": 9, "name": "initialValue", "nodeType": "Identifier", "overloadedDeclarations": [], "referencedDeclaration": 5, "src": "136:12:0", "typeDescriptions": {"typeIdentifier": "t_uint256", "typeString": "uint256"}}, "src": "123:25:0", "typeDescriptions": {"typeIdentifier": "t_uint256", "typeString": "uint256"}}, "id": 11, "nodeType": "ExpressionStatement", "src": "123:25:0"}]}, "documentation": null, "id": 13, "implemented": true, "kind": "constructor", "modifiers": [], "name": "", "nodeType": "FunctionDefinition", "parameters": {"id": 6, "nodeType": "ParameterList", "parameters": [{"constant": false, "id": 5, "name": "initialValue", "nodeType": "VariableDeclaration", "scope": 13, "src": "91:17:0", "stateVariable": false, "storageLocation": "default", "typeDescriptions": {"typeIdentifier": "t_uint256", "typeString": "uint256"}, "typeName": {"id": 4, "name": "uint", "nodeType": "ElementaryTypeName", "src": "91:4:0", "typeDescriptions": {"typeIdentifier": "t_uint256", "typeString": "uint256"}}, "value": null, "visibility": "internal"}], "src": "90:19:0"}, "returnParameters": {"id": 7, "nodeType": "ParameterList", "parameters": [], "src": "117:0:0"}, "scope": 32, "src": "79:74:0", "stateMutability": "nonpayable", "superFunction": null, "visibility": "public"}, {"body": {"id": 22, "nodeType": "Block", "src": "185:25:0", "statements": [{"expression": {"argumentTypes": null, "id": 20, "isConstant": false, "isLValue": false, "isPure": false, "lValueRequested": false, "leftHandSide": {"argumentTypes": null, "id": 18, "name": "storedData", "nodeType": "Identifier", "overloadedDeclarations": [], "referencedDeclaration": 3, "src": "191:10:0", "typeDescriptions": {"typeIdentifier": "t_uint256", "typeString": "uint256"}}, "nodeType": "Assignment", "operator": "=", "rightHandSide": {"argumentTypes": null, "id": 19, "name": "x", "nodeType": "Identifier", "overloadedDeclarations": [], "referencedDeclaration": 15, "src": "204:1:0", "typeDescriptions": {"typeIdentifier": "t_uint256", "typeString": "uint256"}}, "src": "191:14:0", "typeDescriptions": {"typeIdentifier": "t_uint256", "typeString": "uint256"}}, "id": 21, "nodeType": "ExpressionStatement", "src": "191:14:0"}]}, "documentation": null, "id": 23, "implemented": true, "kind": "function", "modifiers": [], "name": "set", "nodeType": "FunctionDefinition", "parameters": {"id": 16, "nodeType": "ParameterList", "parameters": [{"constant": false, "id": 15, "name": "x", "nodeType": "VariableDeclaration", "scope": 23, "src": "170:6:0", "stateVariable": false, "storageLocation": "default", "typeDescriptions": {"typeIdentifier": "t_uint256", "typeString": "uint256"}, "typeName": {"id": 14, "name": "uint", "nodeType": "ElementaryTypeName", "src": "170:4:0", "typeDescriptions": {"typeIdentifier": "t_uint256", "typeString": "uint256"}}, "value": null, "visibility": "internal"}], "src": "169:8:0"}, "returnParameters": {"id": 17, "nodeType": "ParameterList", "parameters": [], "src": "185:0:0"}, "scope": 32, "src": "157:53:0", "stateMutability": "nonpayable", "superFunction": null, "visibility": "public"}, {"body": {"id": 30, "nodeType": "Block", "src": "263:28:0", "statements": [{"expression": {"argumentTypes": null, "id": 28, "name": "storedData", "nodeType": "Identifier", "overloadedDeclarations": [], "referencedDeclaration": 3, "src": "276:10:0", "typeDescriptions": {"typeIdentifier": "t_uint256", "typeString": "uint256"}}, "functionReturnParameters": 27, "id": 29, "nodeType": "Return", "src": "269:17:0"}]}, "documentation": null, "id": 31, "implemented": true, "kind": "function", "modifiers": [], "name": "get", "nodeType": "FunctionDefinition", "parameters": {"id": 24, "nodeType": "ParameterList", "parameters": [], "src": "226:2:0"}, "returnParameters": {"id": 27, "nodeType": "ParameterList", "parameters": [{"constant": false, "id": 26, "name": "retVal", "nodeType": "VariableDeclaration", "scope": 31, "src": "250:11:0", "stateVariable": false, "storageLocation": "default", "typeDescriptions": {"typeIdentifier": "t_uint256", "typeString": "uint256"}, "typeName": {"id": 25, "name": "uint", "nodeType": "ElementaryTypeName", "src": "250:4:0", "typeDescriptions": {"typeIdentifier": "t_uint256", "typeString": "uint256"}}, "value": null, "visibility": "internal"}], "src": "249:13:0"}, "scope": 32, "src": "214:77:0", "stateMutability": "view", "superFunction": null, "visibility": "public"}], "scope": 33, "src": "25:268:0"}], "src": "0:294:0"}}, "contracts": {"SimpleStorage": {"abi": [{"constant": true, "inputs": [], "name": "storedData", "outputs": [{"name": "", "type": "uint256"}], "payable": false, "stateMutability": "view", "type": "function"}, {"constant": false, "inputs": [{"name": "x", "type": "uint256"}], "name": "set", "outputs": [], "payable": false, "stateMutability": "nonpayable", "type": "function"}, {"constant": true, "inputs": [], "name": "get", "outputs": [{"name": "retVal", "type": "uint256"}], "payable": false, "stateMutability": "view", "type": "function"}, {"inputs": [{"name": "initialValue", "type": "uint256"}], "payable": false, "stateMutability": "nonpayable", "type": "constructor"}], "bin": "608060405234801561001057600080fd5b506040516020806101358339810180604052602081101561003057600080fd5b505160005560f2806100436000396000f3fe60806040526004361060525763ffffffff7c01000000000000000000000000000000000000000000000000000000006000350416632a1afcd98114605757806360fe47b114607b5780636d4ce63c1460a3575b600080fd5b348015606257600080fd5b50606960b5565b60408051918252519081900360200190f35b348015608657600080fd5b5060a160048036036020811015609b57600080fd5b503560bb565b005b34801560ae57600080fd5b50606960c0565b60005481565b600055565b6000549056fe", "bin-runtime": "60806040526004361060525763ffffffff7c01000000000000000000000000000000000000000000000000000000006000350416632a1afcd98114605757806360fe47b114607b5780636d4ce63c1460a3575b600080fd5b348015606257600080fd5b50606960b5565b60408051918252519081900360200190f35b348015608657600080fd5b5060a160048036036020811015609b57600080fd5b503560bb565b005b34801560ae57600080fd5b50606960c0565b60005481565b600055565b6000549056fe", "srcmap": "25:268:0:-;;;79:74;8:9:-1;5:2;;;30:1;27;20:12;5:2;79:74:0;;;;;;;;;;;;;13:2:-1;8:3;5:11;2:2;;;29:1;26;19:12;2:2;-1:-1;79:74:0;123:10;:25;25:268;;;;;;", "srcmap-runtime": "25:268:0:-;;;;;;;;;;;;;;;;;;;;;;;;;;;;;;;;;52:22;;8:9:-1;5:2;;;30:1;27;20:12;5:2;52:22:0;;;;;;;;;;;;;;;;;;;;157:53;;8:9:-1;5:2;;;30:1;27;20:12;5:2;157:53:0;;;;;;13:2:-1;8:3;5:11;2:2;;;29:1;26;19:12;2:2;-1:-1;157:53:0;;;;;214:77;;8:9:-1;5:2;;;30:1;27;20:12;5:2;214:77:0;;;;52:22;;;;:::o;157:53::-;191:10;:14;157:53::o;214:77::-;250:11;276:10;214:77;:::o", "filenames": {"absolute": "/tmp/embark_demo/.embark/contracts/simple_storage.sol", "used": "/tmp/embark_demo/.embark/contracts/simple_storage.sol", "short": "simple_storage.sol", "relative": "/tmp/embark_demo/.embark/contracts/simple_storage.sol"}}}, "compiler": {"compiler": "solc-js", "version": {"web3": "1.0.0-beta", "solc": "0.5.0", "ipfs-api": "17.2.4"}, "optimized": {"optimize": true, "optimize-runs": 200}}, "working_dir": "/tmp/embark_demo"}